<!doctype html public "-//w3c//dtd html 4.0 transitional//en">
<html><head>
<title>Static Call Graph - [.\obj\rtthread-lpc.axf]</title></head>
<body><HR>
<H1>Static Call Graph for image .\obj\rtthread-lpc.axf</H1><HR>
<BR><P>#&#060CALLGRAPH&#062# ARM Linker, 5040049: Last Updated: Sun Apr 05 14:22:06 2015
<BR><P>
<H3>Maximum Stack Usage =        648 bytes + Unknown(Functions without stacksize, Cycles, Untraceable Function Pointers)</H3><H3>
Call chain for Maximum Stack Depth:</H3>
finsh_thread_entry &rArr; finsh_run_line &rArr; finsh_parser_run &rArr; proc_variable_decl &rArr; proc_assign_expr &rArr;  proc_assign_expr (Cycle)
<P>
<H3>
Functions with no stack information
</H3><UL>
 <LI><a href="#[1b9]">__user_initial_stackheap</a>
</UL>
</UL>
<P>
<H3>
Mutually Recursive functions
</H3> <LI><a href="#[d5]">rt_device_write</a>&nbsp;&nbsp;&nbsp;&rArr;&nbsp;&nbsp;&nbsp;<a href="#[b3]">rt_kprintf</a><BR>
 <LI><a href="#[4]">NMI_Handler</a>&nbsp;&nbsp;&nbsp;&rArr;&nbsp;&nbsp;&nbsp;<a href="#[4]">NMI_Handler</a><BR>
 <LI><a href="#[6]">MemManage_Handler</a>&nbsp;&nbsp;&nbsp;&rArr;&nbsp;&nbsp;&nbsp;<a href="#[6]">MemManage_Handler</a><BR>
 <LI><a href="#[7]">BusFault_Handler</a>&nbsp;&nbsp;&nbsp;&rArr;&nbsp;&nbsp;&nbsp;<a href="#[7]">BusFault_Handler</a><BR>
 <LI><a href="#[8]">UsageFault_Handler</a>&nbsp;&nbsp;&nbsp;&rArr;&nbsp;&nbsp;&nbsp;<a href="#[8]">UsageFault_Handler</a><BR>
 <LI><a href="#[9]">SVC_Handler</a>&nbsp;&nbsp;&nbsp;&rArr;&nbsp;&nbsp;&nbsp;<a href="#[9]">SVC_Handler</a><BR>
 <LI><a href="#[a]">DebugMon_Handler</a>&nbsp;&nbsp;&nbsp;&rArr;&nbsp;&nbsp;&nbsp;<a href="#[a]">DebugMon_Handler</a><BR>
 <LI><a href="#[23]">ADC_IRQHandler</a>&nbsp;&nbsp;&nbsp;&rArr;&nbsp;&nbsp;&nbsp;<a href="#[23]">ADC_IRQHandler</a><BR>
 <LI><a href="#[18c]">proc_assign_expr</a>&nbsp;&nbsp;&nbsp;&rArr;&nbsp;&nbsp;&nbsp;<a href="#[18c]">proc_assign_expr</a><BR>
 <LI><a href="#[193]">proc_cast_expr</a>&nbsp;&nbsp;&nbsp;&rArr;&nbsp;&nbsp;&nbsp;<a href="#[193]">proc_cast_expr</a><BR>
 <LI><a href="#[192]">proc_unary_expr</a>&nbsp;&nbsp;&nbsp;&rArr;&nbsp;&nbsp;&nbsp;<a href="#[193]">proc_cast_expr</a><BR>
 <LI><a href="#[190]">proc_primary_expr</a>&nbsp;&nbsp;&nbsp;&rArr;&nbsp;&nbsp;&nbsp;<a href="#[18e]">proc_expr</a><BR>
 <LI><a href="#[18b]">proc_param_list</a>&nbsp;&nbsp;&nbsp;&rArr;&nbsp;&nbsp;&nbsp;<a href="#[18c]">proc_assign_expr</a><BR>
 <LI><a href="#[171]">finsh_type_check</a>&nbsp;&nbsp;&nbsp;&rArr;&nbsp;&nbsp;&nbsp;<a href="#[171]">finsh_type_check</a><BR>
 <LI><a href="#[16f]">finsh_compile</a>&nbsp;&nbsp;&nbsp;&rArr;&nbsp;&nbsp;&nbsp;<a href="#[16f]">finsh_compile</a><BR>
</UL>
<P>
<H3>
Function Pointers
</H3><UL>
 <LI><a href="#[23]">ADC_IRQHandler</a> from startup_lpc17xx.o(.text) referenced from startup_lpc17xx.o(RESET)
 <LI><a href="#[24]">BOD_IRQHandler</a> from startup_lpc17xx.o(.text) referenced from startup_lpc17xx.o(RESET)
 <LI><a href="#[7]">BusFault_Handler</a> from startup_lpc17xx.o(.text) referenced from startup_lpc17xx.o(RESET)
 <LI><a href="#[26]">CAN_IRQHandler</a> from startup_lpc17xx.o(.text) referenced from startup_lpc17xx.o(RESET)
 <LI><a href="#[27]">DMA_IRQHandler</a> from startup_lpc17xx.o(.text) referenced from startup_lpc17xx.o(RESET)
 <LI><a href="#[a]">DebugMon_Handler</a> from startup_lpc17xx.o(.text) referenced from startup_lpc17xx.o(RESET)
 <LI><a href="#[1f]">EINT0_IRQHandler</a> from startup_lpc17xx.o(.text) referenced from startup_lpc17xx.o(RESET)
 <LI><a href="#[20]">EINT1_IRQHandler</a> from startup_lpc17xx.o(.text) referenced from startup_lpc17xx.o(RESET)
 <LI><a href="#[21]">EINT2_IRQHandler</a> from startup_lpc17xx.o(.text) referenced from startup_lpc17xx.o(RESET)
 <LI><a href="#[22]">EINT3_IRQHandler</a> from button.o(.text) referenced from startup_lpc17xx.o(RESET)
 <LI><a href="#[29]">ENET_IRQHandler</a> from startup_lpc17xx.o(.text) referenced from startup_lpc17xx.o(RESET)
 <LI><a href="#[5]">HardFault_Handler</a> from context_rvds.o(.text) referenced from startup_lpc17xx.o(RESET)
 <LI><a href="#[17]">I2C0_IRQHandler</a> from startup_lpc17xx.o(.text) referenced from startup_lpc17xx.o(RESET)
 <LI><a href="#[18]">I2C1_IRQHandler</a> from startup_lpc17xx.o(.text) referenced from startup_lpc17xx.o(RESET)
 <LI><a href="#[19]">I2C2_IRQHandler</a> from startup_lpc17xx.o(.text) referenced from startup_lpc17xx.o(RESET)
 <LI><a href="#[28]">I2S_IRQHandler</a> from startup_lpc17xx.o(.text) referenced from startup_lpc17xx.o(RESET)
 <LI><a href="#[2b]">MCPWM_IRQHandler</a> from startup_lpc17xx.o(.text) referenced from startup_lpc17xx.o(RESET)
 <LI><a href="#[6]">MemManage_Handler</a> from startup_lpc17xx.o(.text) referenced from startup_lpc17xx.o(RESET)
 <LI><a href="#[4]">NMI_Handler</a> from startup_lpc17xx.o(.text) referenced from startup_lpc17xx.o(RESET)
 <LI><a href="#[44]">OP_add_byte</a> from finsh_ops.o(.text) referenced from finsh_ops.o(.constdata)
 <LI><a href="#[46]">OP_add_dword</a> from finsh_ops.o(.text) referenced from finsh_ops.o(.constdata)
 <LI><a href="#[45]">OP_add_word</a> from finsh_ops.o(.text) referenced from finsh_ops.o(.constdata)
 <LI><a href="#[53]">OP_and_byte</a> from finsh_ops.o(.text) referenced from finsh_ops.o(.constdata)
 <LI><a href="#[55]">OP_and_dword</a> from finsh_ops.o(.text) referenced from finsh_ops.o(.constdata)
 <LI><a href="#[54]">OP_and_word</a> from finsh_ops.o(.text) referenced from finsh_ops.o(.constdata)
 <LI><a href="#[5c]">OP_bw_byte</a> from finsh_ops.o(.text) referenced from finsh_ops.o(.constdata)
 <LI><a href="#[5e]">OP_bw_dword</a> from finsh_ops.o(.text) referenced from finsh_ops.o(.constdata)
 <LI><a href="#[5d]">OP_bw_word</a> from finsh_ops.o(.text) referenced from finsh_ops.o(.constdata)
 <LI><a href="#[6f]">OP_call</a> from finsh_ops.o(.text) referenced from finsh_ops.o(.constdata)
 <LI><a href="#[4a]">OP_div_byte</a> from finsh_ops.o(.text) referenced from finsh_ops.o(.constdata)
 <LI><a href="#[4c]">OP_div_dword</a> from finsh_ops.o(.text) referenced from finsh_ops.o(.constdata)
 <LI><a href="#[4b]">OP_div_word</a> from finsh_ops.o(.text) referenced from finsh_ops.o(.constdata)
 <LI><a href="#[65]">OP_ld_byte</a> from finsh_ops.o(.text) referenced from finsh_ops.o(.constdata)
 <LI><a href="#[67]">OP_ld_dword</a> from finsh_ops.o(.text) referenced from finsh_ops.o(.constdata)
 <LI><a href="#[68]">OP_ld_value_byte</a> from finsh_ops.o(.text) referenced from finsh_ops.o(.constdata)
 <LI><a href="#[70]">OP_ld_value_byte_stack</a> from finsh_ops.o(.text) referenced from finsh_ops.o(.constdata)
 <LI><a href="#[6a]">OP_ld_value_dword</a> from finsh_ops.o(.text) referenced from finsh_ops.o(.constdata)
 <LI><a href="#[72]">OP_ld_value_dword_stack</a> from finsh_ops.o(.text) referenced from finsh_ops.o(.constdata)
 <LI><a href="#[69]">OP_ld_value_word</a> from finsh_ops.o(.text) referenced from finsh_ops.o(.constdata)
 <LI><a href="#[71]">OP_ld_value_word_stack</a> from finsh_ops.o(.text) referenced from finsh_ops.o(.constdata)
 <LI><a href="#[66]">OP_ld_word</a> from finsh_ops.o(.text) referenced from finsh_ops.o(.constdata)
 <LI><a href="#[4d]">OP_mod_byte</a> from finsh_ops.o(.text) referenced from finsh_ops.o(.constdata)
 <LI><a href="#[4f]">OP_mod_dword</a> from finsh_ops.o(.text) referenced from finsh_ops.o(.constdata)
 <LI><a href="#[4e]">OP_mod_word</a> from finsh_ops.o(.text) referenced from finsh_ops.o(.constdata)
 <LI><a href="#[50]">OP_mul_byte</a> from finsh_ops.o(.text) referenced from finsh_ops.o(.constdata)
 <LI><a href="#[52]">OP_mul_dword</a> from finsh_ops.o(.text) referenced from finsh_ops.o(.constdata)
 <LI><a href="#[51]">OP_mul_word</a> from finsh_ops.o(.text) referenced from finsh_ops.o(.constdata)
 <LI><a href="#[43]">OP_no_op</a> from finsh_ops.o(.text) referenced from finsh_ops.o(.constdata)
 <LI><a href="#[56]">OP_or_byte</a> from finsh_ops.o(.text) referenced from finsh_ops.o(.constdata)
 <LI><a href="#[58]">OP_or_dword</a> from finsh_ops.o(.text) referenced from finsh_ops.o(.constdata)
 <LI><a href="#[57]">OP_or_word</a> from finsh_ops.o(.text) referenced from finsh_ops.o(.constdata)
 <LI><a href="#[6e]">OP_pop</a> from finsh_ops.o(.text) referenced from finsh_ops.o(.constdata)
 <LI><a href="#[5f]">OP_shl_byte</a> from finsh_ops.o(.text) referenced from finsh_ops.o(.constdata)
 <LI><a href="#[61]">OP_shl_dword</a> from finsh_ops.o(.text) referenced from finsh_ops.o(.constdata)
 <LI><a href="#[60]">OP_shl_word</a> from finsh_ops.o(.text) referenced from finsh_ops.o(.constdata)
 <LI><a href="#[62]">OP_shr_byte</a> from finsh_ops.o(.text) referenced from finsh_ops.o(.constdata)
 <LI><a href="#[64]">OP_shr_dword</a> from finsh_ops.o(.text) referenced from finsh_ops.o(.constdata)
 <LI><a href="#[63]">OP_shr_word</a> from finsh_ops.o(.text) referenced from finsh_ops.o(.constdata)
 <LI><a href="#[6b]">OP_st_byte</a> from finsh_ops.o(.text) referenced from finsh_ops.o(.constdata)
 <LI><a href="#[6d]">OP_st_dword</a> from finsh_ops.o(.text) referenced from finsh_ops.o(.constdata)
 <LI><a href="#[6c]">OP_st_word</a> from finsh_ops.o(.text) referenced from finsh_ops.o(.constdata)
 <LI><a href="#[47]">OP_sub_byte</a> from finsh_ops.o(.text) referenced from finsh_ops.o(.constdata)
 <LI><a href="#[49]">OP_sub_dword</a> from finsh_ops.o(.text) referenced from finsh_ops.o(.constdata)
 <LI><a href="#[48]">OP_sub_word</a> from finsh_ops.o(.text) referenced from finsh_ops.o(.constdata)
 <LI><a href="#[59]">OP_xor_byte</a> from finsh_ops.o(.text) referenced from finsh_ops.o(.constdata)
 <LI><a href="#[5b]">OP_xor_dword</a> from finsh_ops.o(.text) referenced from finsh_ops.o(.constdata)
 <LI><a href="#[5a]">OP_xor_word</a> from finsh_ops.o(.text) referenced from finsh_ops.o(.constdata)
 <LI><a href="#[1d]">PLL0_IRQHandler</a> from startup_lpc17xx.o(.text) referenced from startup_lpc17xx.o(RESET)
 <LI><a href="#[2d]">PLL1_IRQHandler</a> from startup_lpc17xx.o(.text) referenced from startup_lpc17xx.o(RESET)
 <LI><a href="#[16]">PWM1_IRQHandler</a> from startup_lpc17xx.o(.text) referenced from startup_lpc17xx.o(RESET)
 <LI><a href="#[b]">PendSV_Handler</a> from context_rvds.o(.text) referenced from startup_lpc17xx.o(RESET)
 <LI><a href="#[2c]">QEI_IRQHandler</a> from startup_lpc17xx.o(.text) referenced from startup_lpc17xx.o(RESET)
 <LI><a href="#[2a]">RIT_IRQHandler</a> from startup_lpc17xx.o(.text) referenced from startup_lpc17xx.o(RESET)
 <LI><a href="#[1e]">RTC_IRQHandler</a> from startup_lpc17xx.o(.text) referenced from startup_lpc17xx.o(RESET)
 <LI><a href="#[3]">Reset_Handler</a> from startup_lpc17xx.o(.text) referenced from startup_lpc17xx.o(RESET)
 <LI><a href="#[1a]">SPI_IRQHandler</a> from startup_lpc17xx.o(.text) referenced from startup_lpc17xx.o(RESET)
 <LI><a href="#[1b]">SSP0_IRQHandler</a> from startup_lpc17xx.o(.text) referenced from startup_lpc17xx.o(RESET)
 <LI><a href="#[1c]">SSP1_IRQHandler</a> from startup_lpc17xx.o(.text) referenced from startup_lpc17xx.o(RESET)
 <LI><a href="#[9]">SVC_Handler</a> from startup_lpc17xx.o(.text) referenced from startup_lpc17xx.o(RESET)
 <LI><a href="#[c]">SysTick_Handler</a> from board.o(.text) referenced from startup_lpc17xx.o(RESET)
 <LI><a href="#[2e]">SystemInit</a> from system_lpc17xx.o(.text) referenced from startup_lpc17xx.o(.text)
 <LI><a href="#[e]">TIMER0_IRQHandler</a> from startup_lpc17xx.o(.text) referenced from startup_lpc17xx.o(RESET)
 <LI><a href="#[f]">TIMER1_IRQHandler</a> from startup_lpc17xx.o(.text) referenced from startup_lpc17xx.o(RESET)
 <LI><a href="#[10]">TIMER2_IRQHandler</a> from startup_lpc17xx.o(.text) referenced from startup_lpc17xx.o(RESET)
 <LI><a href="#[11]">TIMER3_IRQHandler</a> from startup_lpc17xx.o(.text) referenced from startup_lpc17xx.o(RESET)
 <LI><a href="#[12]">UART0_IRQHandler</a> from uart.o(.text) referenced from startup_lpc17xx.o(RESET)
 <LI><a href="#[13]">UART1_IRQHandler</a> from startup_lpc17xx.o(.text) referenced from startup_lpc17xx.o(RESET)
 <LI><a href="#[14]">UART2_IRQHandler</a> from startup_lpc17xx.o(.text) referenced from startup_lpc17xx.o(RESET)
 <LI><a href="#[15]">UART3_IRQHandler</a> from uart.o(.text) referenced from startup_lpc17xx.o(RESET)
 <LI><a href="#[25]">USB_IRQHandler</a> from startup_lpc17xx.o(.text) referenced from startup_lpc17xx.o(RESET)
 <LI><a href="#[8]">UsageFault_Handler</a> from startup_lpc17xx.o(.text) referenced from startup_lpc17xx.o(RESET)
 <LI><a href="#[d]">WDT_IRQHandler</a> from startup_lpc17xx.o(.text) referenced from startup_lpc17xx.o(RESET)
 <LI><a href="#[81]">__main</a> from __main.o(!!!main) referenced from startup_lpc17xx.o(.text)
 <LI><a href="#[42]">_get_lc_ctype</a> from lc_ctype_c.o(locale$$code) referenced from rt_ctype_table.o(.text)
 <LI><a href="#[38]">btn_thread_entry</a> from mybutton.o(.text) referenced from mybutton.o(.text)
 <LI><a href="#[41]">finsh_rx_ind</a> from shell.o(.text) referenced from shell.o(.text)
 <LI><a href="#[157]">finsh_thread_entry</a> from shell.o(.text) referenced from shell.o(.text)
 <LI><a href="#[74]">hello</a> from cmd.o(.text) referenced from cmd.o(FSymTab)
 <LI><a href="#[80]">list</a> from cmd.o(.text) referenced from cmd.o(FSymTab)
 <LI><a href="#[7f]">list_device</a> from cmd.o(.text) referenced from cmd.o(FSymTab)
 <LI><a href="#[78]">list_event</a> from cmd.o(.text) referenced from cmd.o(FSymTab)
 <LI><a href="#[7a]">list_mailbox</a> from cmd.o(.text) referenced from cmd.o(FSymTab)
 <LI><a href="#[73]">list_mem</a> from mem.o(.text) referenced from mem.o(FSymTab)
 <LI><a href="#[7c]">list_memheap</a> from cmd.o(.text) referenced from cmd.o(FSymTab)
 <LI><a href="#[7d]">list_mempool</a> from cmd.o(.text) referenced from cmd.o(FSymTab)
 <LI><a href="#[7b]">list_msgqueue</a> from cmd.o(.text) referenced from cmd.o(FSymTab)
 <LI><a href="#[79]">list_mutex</a> from cmd.o(.text) referenced from cmd.o(FSymTab)
 <LI><a href="#[77]">list_sem</a> from cmd.o(.text) referenced from cmd.o(FSymTab)
 <LI><a href="#[76]">list_thread</a> from cmd.o(.text) referenced from cmd.o(FSymTab)
 <LI><a href="#[7e]">list_timer</a> from cmd.o(.text) referenced from cmd.o(FSymTab)
 <LI><a href="#[39]">mailbox_thread1_entry</a> from mybutton.o(.text) referenced from mybutton.o(.text)
 <LI><a href="#[3a]">mailbox_thread2_entry</a> from mybutton.o(.text) referenced from mybutton.o(.text)
 <LI><a href="#[3b]">msgque_thread1_entry</a> from mybutton.o(.text) referenced from mybutton.o(.text)
 <LI><a href="#[3c]">msgque_thread2_entry</a> from mybutton.o(.text) referenced from mybutton.o(.text)
 <LI><a href="#[3d]">msgque_thread3_entry</a> from mybutton.o(.text) referenced from mybutton.o(.text)
 <LI><a href="#[32]">rt_btn_close</a> from button.o(.text) referenced from button.o(.text)
 <LI><a href="#[30]">rt_btn_init</a> from button.o(.text) referenced from button.o(.text)
 <LI><a href="#[31]">rt_btn_open</a> from button.o(.text) referenced from button.o(.text)
 <LI><a href="#[93]">rt_init_thread_entry</a> from application.o(.text) referenced from application.o(.text)
 <LI><a href="#[40]">rt_thread_exit</a> from thread.o(.text) referenced from thread.o(.text)
 <LI><a href="#[3f]">rt_thread_idle_entry</a> from idle.o(.text) referenced from idle.o(.text)
 <LI><a href="#[12c]">rt_thread_timeout</a> from thread.o(.text) referenced from thread.o(.text)
 <LI><a href="#[35]">rt_uart_close</a> from uart.o(.text) referenced from uart.o(.text)
 <LI><a href="#[33]">rt_uart_init</a> from uart.o(.text) referenced from uart.o(.text)
 <LI><a href="#[34]">rt_uart_open</a> from uart.o(.text) referenced from uart.o(.text)
 <LI><a href="#[36]">rt_uart_read</a> from uart.o(.text) referenced from uart.o(.text)
 <LI><a href="#[37]">rt_uart_write</a> from uart.o(.text) referenced from uart.o(.text)
 <LI><a href="#[3e]">sem_thread1_entry</a> from mybutton.o(.text) referenced from mybutton.o(.text)
 <LI><a href="#[75]">version</a> from cmd.o(.text) referenced from cmd.o(FSymTab)
</UL>
<P>
<H3>
Global Symbols
</H3>
<P><STRONG><a name="[81]"></a>__main</STRONG> (Thumb, 8 bytes, Stack size 0 bytes, __main.o(!!!main))
<BR><BR>[Calls]<UL><LI><a href="#[83]">&gt;&gt;</a>&nbsp;&nbsp;&nbsp;__rt_entry
<LI><a href="#[82]">&gt;&gt;</a>&nbsp;&nbsp;&nbsp;__scatterload
</UL>

<P><STRONG><a name="[82]"></a>__scatterload</STRONG> (Thumb, 0 bytes, Stack size unknown bytes, __scatter.o(!!!scatter))
<BR><BR>[Called By]<UL><LI><a href="#[81]">&gt;&gt;</a>&nbsp;&nbsp;&nbsp;__main
</UL>

<P><STRONG><a name="[84]"></a>__scatterload_rt2</STRONG> (Thumb, 44 bytes, Stack size unknown bytes, __scatter.o(!!!scatter), UNUSED)
<BR><BR>[Calls]<UL><LI><a href="#[83]">&gt;&gt;</a>&nbsp;&nbsp;&nbsp;__rt_entry
</UL>

<P><STRONG><a name="[1bb]"></a>__scatterload_rt2_thumb_only</STRONG> (Thumb, 0 bytes, Stack size unknown bytes, __scatter.o(!!!scatter), UNUSED)

<P><STRONG><a name="[1bc]"></a>__scatterload_null</STRONG> (Thumb, 0 bytes, Stack size unknown bytes, __scatter.o(!!!scatter), UNUSED)

<P><STRONG><a name="[1bd]"></a>__decompress</STRONG> (Thumb, 90 bytes, Stack size unknown bytes, __dczerorl2.o(!!dczerorl2), UNUSED)

<P><STRONG><a name="[1be]"></a>__decompress1</STRONG> (Thumb, 0 bytes, Stack size unknown bytes, __dczerorl2.o(!!dczerorl2), UNUSED)

<P><STRONG><a name="[1bf]"></a>__scatterload_zeroinit</STRONG> (Thumb, 28 bytes, Stack size unknown bytes, __scatter_zi.o(!!handler_zi), UNUSED)

<P><STRONG><a name="[8b]"></a>__rt_lib_init</STRONG> (Thumb, 0 bytes, Stack size unknown bytes, libinit.o(.ARM.Collect$$libinit$$00000000))
<BR><BR>[Called By]<UL><LI><a href="#[8a]">&gt;&gt;</a>&nbsp;&nbsp;&nbsp;__rt_entry_li
</UL>

<P><STRONG><a name="[1c0]"></a>__rt_lib_init_fp_1</STRONG> (Thumb, 0 bytes, Stack size unknown bytes, libinit2.o(.ARM.Collect$$libinit$$00000002))

<P><STRONG><a name="[1c1]"></a>__rt_lib_init_heap_1</STRONG> (Thumb, 0 bytes, Stack size unknown bytes, libinit2.o(.ARM.Collect$$libinit$$00000008))

<P><STRONG><a name="[85]"></a>__rt_lib_init_lc_common</STRONG> (Thumb, 0 bytes, Stack size unknown bytes, libinit2.o(.ARM.Collect$$libinit$$0000000D))
<BR><BR>[Calls]<UL><LI><a href="#[86]">&gt;&gt;</a>&nbsp;&nbsp;&nbsp;__rt_locale
</UL>

<P><STRONG><a name="[1c2]"></a>__rt_lib_init_rand_1</STRONG> (Thumb, 0 bytes, Stack size unknown bytes, libinit2.o(.ARM.Collect$$libinit$$0000000C))

<P><STRONG><a name="[1c3]"></a>__rt_lib_init_user_alloc_1</STRONG> (Thumb, 0 bytes, Stack size unknown bytes, libinit2.o(.ARM.Collect$$libinit$$0000000A))

<P><STRONG><a name="[1c4]"></a>__rt_lib_init_lc_collate_1</STRONG> (Thumb, 0 bytes, Stack size unknown bytes, libinit2.o(.ARM.Collect$$libinit$$0000000F))

<P><STRONG><a name="[87]"></a>__rt_lib_init_lc_ctype_2</STRONG> (Thumb, 0 bytes, Stack size unknown bytes, libinit2.o(.ARM.Collect$$libinit$$00000010))
<BR><BR>[Stack]<UL><LI>Max Depth = 8 + Unknown Stack Size
<LI>Call Chain = __rt_lib_init_lc_ctype_2 &rArr; _get_lc_ctype
</UL>
<BR>[Calls]<UL><LI><a href="#[42]">&gt;&gt;</a>&nbsp;&nbsp;&nbsp;_get_lc_ctype
</UL>

<P><STRONG><a name="[1c5]"></a>__rt_lib_init_alloca_1</STRONG> (Thumb, 0 bytes, Stack size unknown bytes, libinit2.o(.ARM.Collect$$libinit$$0000002C))

<P><STRONG><a name="[1c6]"></a>__rt_lib_init_argv_1</STRONG> (Thumb, 0 bytes, Stack size unknown bytes, libinit2.o(.ARM.Collect$$libinit$$0000002A))

<P><STRONG><a name="[1c7]"></a>__rt_lib_init_atexit_1</STRONG> (Thumb, 0 bytes, Stack size unknown bytes, libinit2.o(.ARM.Collect$$libinit$$00000019))

<P><STRONG><a name="[1c8]"></a>__rt_lib_init_clock_1</STRONG> (Thumb, 0 bytes, Stack size unknown bytes, libinit2.o(.ARM.Collect$$libinit$$0000001F))

<P><STRONG><a name="[1c9]"></a>__rt_lib_init_cpp_1</STRONG> (Thumb, 0 bytes, Stack size unknown bytes, libinit2.o(.ARM.Collect$$libinit$$00000030))

<P><STRONG><a name="[1ca]"></a>__rt_lib_init_exceptions_1</STRONG> (Thumb, 0 bytes, Stack size unknown bytes, libinit2.o(.ARM.Collect$$libinit$$0000002E))

<P><STRONG><a name="[1cb]"></a>__rt_lib_init_fp_trap_1</STRONG> (Thumb, 0 bytes, Stack size unknown bytes, libinit2.o(.ARM.Collect$$libinit$$0000001D))

<P><STRONG><a name="[1cc]"></a>__rt_lib_init_getenv_1</STRONG> (Thumb, 0 bytes, Stack size unknown bytes, libinit2.o(.ARM.Collect$$libinit$$00000021))

<P><STRONG><a name="[1cd]"></a>__rt_lib_init_lc_ctype_1</STRONG> (Thumb, 0 bytes, Stack size unknown bytes, libinit2.o(.ARM.Collect$$libinit$$00000011))

<P><STRONG><a name="[1ce]"></a>__rt_lib_init_lc_monetary_1</STRONG> (Thumb, 0 bytes, Stack size unknown bytes, libinit2.o(.ARM.Collect$$libinit$$00000013))

<P><STRONG><a name="[1cf]"></a>__rt_lib_init_lc_numeric_1</STRONG> (Thumb, 0 bytes, Stack size unknown bytes, libinit2.o(.ARM.Collect$$libinit$$00000015))

<P><STRONG><a name="[1d0]"></a>__rt_lib_init_lc_time_1</STRONG> (Thumb, 0 bytes, Stack size unknown bytes, libinit2.o(.ARM.Collect$$libinit$$00000017))

<P><STRONG><a name="[1d1]"></a>__rt_lib_init_return</STRONG> (Thumb, 0 bytes, Stack size unknown bytes, libinit2.o(.ARM.Collect$$libinit$$00000031))

<P><STRONG><a name="[1d2]"></a>__rt_lib_init_signal_1</STRONG> (Thumb, 0 bytes, Stack size unknown bytes, libinit2.o(.ARM.Collect$$libinit$$0000001B))

<P><STRONG><a name="[1d3]"></a>__rt_lib_init_stdio_1</STRONG> (Thumb, 0 bytes, Stack size unknown bytes, libinit2.o(.ARM.Collect$$libinit$$00000023))

<P><STRONG><a name="[90]"></a>__rt_lib_shutdown</STRONG> (Thumb, 0 bytes, Stack size unknown bytes, libshutdown.o(.ARM.Collect$$libshutdown$$00000000))
<BR><BR>[Called By]<UL><LI><a href="#[8f]">&gt;&gt;</a>&nbsp;&nbsp;&nbsp;__rt_exit_ls
</UL>

<P><STRONG><a name="[1d4]"></a>__rt_lib_shutdown_fp_trap_1</STRONG> (Thumb, 0 bytes, Stack size unknown bytes, libshutdown2.o(.ARM.Collect$$libshutdown$$00000006))

<P><STRONG><a name="[1d5]"></a>__rt_lib_shutdown_heap_1</STRONG> (Thumb, 0 bytes, Stack size unknown bytes, libshutdown2.o(.ARM.Collect$$libshutdown$$0000000E))

<P><STRONG><a name="[1d6]"></a>__rt_lib_shutdown_return</STRONG> (Thumb, 0 bytes, Stack size unknown bytes, libshutdown2.o(.ARM.Collect$$libshutdown$$0000000F))

<P><STRONG><a name="[1d7]"></a>__rt_lib_shutdown_signal_1</STRONG> (Thumb, 0 bytes, Stack size unknown bytes, libshutdown2.o(.ARM.Collect$$libshutdown$$00000009))

<P><STRONG><a name="[1d8]"></a>__rt_lib_shutdown_stdio_1</STRONG> (Thumb, 0 bytes, Stack size unknown bytes, libshutdown2.o(.ARM.Collect$$libshutdown$$00000003))

<P><STRONG><a name="[1d9]"></a>__rt_lib_shutdown_user_alloc_1</STRONG> (Thumb, 0 bytes, Stack size unknown bytes, libshutdown2.o(.ARM.Collect$$libshutdown$$0000000B))

<P><STRONG><a name="[83]"></a>__rt_entry</STRONG> (Thumb, 0 bytes, Stack size unknown bytes, rtentry.o(.ARM.Collect$$rtentry$$00000000))
<BR><BR>[Called By]<UL><LI><a href="#[81]">&gt;&gt;</a>&nbsp;&nbsp;&nbsp;__main
<LI><a href="#[84]">&gt;&gt;</a>&nbsp;&nbsp;&nbsp;__scatterload_rt2
</UL>

<P><STRONG><a name="[1da]"></a>__rt_entry_presh_1</STRONG> (Thumb, 0 bytes, Stack size unknown bytes, rtentry2.o(.ARM.Collect$$rtentry$$00000002))

<P><STRONG><a name="[88]"></a>__rt_entry_sh</STRONG> (Thumb, 0 bytes, Stack size unknown bytes, rtentry4.o(.ARM.Collect$$rtentry$$00000004))
<BR><BR>[Stack]<UL><LI>Max Depth = 8 + Unknown Stack Size
<LI>Call Chain = __rt_entry_sh &rArr; __user_setup_stackheap
</UL>
<BR>[Calls]<UL><LI><a href="#[89]">&gt;&gt;</a>&nbsp;&nbsp;&nbsp;__user_setup_stackheap
</UL>

<P><STRONG><a name="[8a]"></a>__rt_entry_li</STRONG> (Thumb, 0 bytes, Stack size unknown bytes, rtentry2.o(.ARM.Collect$$rtentry$$0000000A))
<BR><BR>[Calls]<UL><LI><a href="#[8b]">&gt;&gt;</a>&nbsp;&nbsp;&nbsp;__rt_lib_init
</UL>

<P><STRONG><a name="[1db]"></a>__rt_entry_postsh_1</STRONG> (Thumb, 0 bytes, Stack size unknown bytes, rtentry2.o(.ARM.Collect$$rtentry$$00000009))

<P><STRONG><a name="[8c]"></a>__rt_entry_main</STRONG> (Thumb, 0 bytes, Stack size unknown bytes, rtentry2.o(.ARM.Collect$$rtentry$$0000000D))
<BR><BR>[Stack]<UL><LI>Max Depth = 472 + Unknown Stack Size
<LI>Call Chain = __rt_entry_main &rArr; main &rArr; rtthread_startup &rArr; rt_application_init &rArr; rt_messagequeue_init &rArr; rt_thread_create &rArr; rt_object_allocate &rArr; rt_malloc &rArr; rt_sem_take &rArr; rt_schedule &rArr; _rt_scheduler_stack_check &rArr; list_thread &rArr; _list_thread &rArr; rt_kprintf &rArr; rt_vsnprintf &rArr; print_number
</UL>
<BR>[Calls]<UL><LI><a href="#[8d]">&gt;&gt;</a>&nbsp;&nbsp;&nbsp;main
<LI><a href="#[8e]">&gt;&gt;</a>&nbsp;&nbsp;&nbsp;exit
</UL>

<P><STRONG><a name="[1dc]"></a>__rt_entry_postli_1</STRONG> (Thumb, 0 bytes, Stack size unknown bytes, rtentry2.o(.ARM.Collect$$rtentry$$0000000C))

<P><STRONG><a name="[1ba]"></a>__rt_exit</STRONG> (Thumb, 0 bytes, Stack size unknown bytes, rtexit.o(.ARM.Collect$$rtexit$$00000000))
<BR><BR>[Called By]<UL><LI><a href="#[8e]">&gt;&gt;</a>&nbsp;&nbsp;&nbsp;exit
</UL>

<P><STRONG><a name="[8f]"></a>__rt_exit_ls</STRONG> (Thumb, 0 bytes, Stack size unknown bytes, rtexit2.o(.ARM.Collect$$rtexit$$00000003))
<BR><BR>[Calls]<UL><LI><a href="#[90]">&gt;&gt;</a>&nbsp;&nbsp;&nbsp;__rt_lib_shutdown
</UL>

<P><STRONG><a name="[1dd]"></a>__rt_exit_prels_1</STRONG> (Thumb, 0 bytes, Stack size unknown bytes, rtexit2.o(.ARM.Collect$$rtexit$$00000002))

<P><STRONG><a name="[91]"></a>__rt_exit_exit</STRONG> (Thumb, 0 bytes, Stack size unknown bytes, rtexit2.o(.ARM.Collect$$rtexit$$00000004))
<BR><BR>[Calls]<UL><LI><a href="#[92]">&gt;&gt;</a>&nbsp;&nbsp;&nbsp;_sys_exit
</UL>

<P><STRONG><a name="[93]"></a>rt_init_thread_entry</STRONG> (Thumb, 14 bytes, Stack size 8 bytes, application.o(.text))
<BR><BR>[Stack]<UL><LI>Max Depth = 360<LI>Call Chain = rt_init_thread_entry &rArr; finsh_system_init &rArr; rt_malloc &rArr; rt_sem_take &rArr; rt_schedule &rArr; _rt_scheduler_stack_check &rArr; list_thread &rArr; _list_thread &rArr; rt_kprintf &rArr; rt_vsnprintf &rArr; print_number
</UL>
<BR>[Calls]<UL><LI><a href="#[94]">&gt;&gt;</a>&nbsp;&nbsp;&nbsp;platform_init
<LI><a href="#[95]">&gt;&gt;</a>&nbsp;&nbsp;&nbsp;finsh_system_init
</UL>
<BR>[Address Reference Count : 1]<UL><LI> application.o(.text)
</UL>
<P><STRONG><a name="[96]"></a>rt_application_init</STRONG> (Thumb, 56 bytes, Stack size 16 bytes, application.o(.text))
<BR><BR>[Stack]<UL><LI>Max Depth = 456<LI>Call Chain = rt_application_init &rArr; rt_messagequeue_init &rArr; rt_thread_create &rArr; rt_object_allocate &rArr; rt_malloc &rArr; rt_sem_take &rArr; rt_schedule &rArr; _rt_scheduler_stack_check &rArr; list_thread &rArr; _list_thread &rArr; rt_kprintf &rArr; rt_vsnprintf &rArr; print_number
</UL>
<BR>[Calls]<UL><LI><a href="#[98]">&gt;&gt;</a>&nbsp;&nbsp;&nbsp;rt_thread_startup
<LI><a href="#[97]">&gt;&gt;</a>&nbsp;&nbsp;&nbsp;rt_thread_create
<LI><a href="#[9c]">&gt;&gt;</a>&nbsp;&nbsp;&nbsp;rt_semaphore_init
<LI><a href="#[99]">&gt;&gt;</a>&nbsp;&nbsp;&nbsp;rt_mybutton_init
<LI><a href="#[9b]">&gt;&gt;</a>&nbsp;&nbsp;&nbsp;rt_messagequeue_init
<LI><a href="#[9a]">&gt;&gt;</a>&nbsp;&nbsp;&nbsp;rt_mailbox_init
</UL>
<BR>[Called By]<UL><LI><a href="#[9e]">&gt;&gt;</a>&nbsp;&nbsp;&nbsp;rtthread_startup
</UL>

<P><STRONG><a name="[94]"></a>platform_init</STRONG> (Thumb, 18 bytes, Stack size 8 bytes, platform.o(.text))
<BR><BR>[Stack]<UL><LI>Max Depth = 240<LI>Call Chain = platform_init &rArr; rt_memheap_init &rArr; rt_sem_init &rArr; rt_kprintf &rArr; rt_vsnprintf &rArr; print_number
</UL>
<BR>[Calls]<UL><LI><a href="#[9d]">&gt;&gt;</a>&nbsp;&nbsp;&nbsp;rt_memheap_init
</UL>
<BR>[Called By]<UL><LI><a href="#[93]">&gt;&gt;</a>&nbsp;&nbsp;&nbsp;rt_init_thread_entry
</UL>

<P><STRONG><a name="[9e]"></a>rtthread_startup</STRONG> (Thumb, 44 bytes, Stack size 8 bytes, startup.o(.text))
<BR><BR>[Stack]<UL><LI>Max Depth = 464<LI>Call Chain = rtthread_startup &rArr; rt_application_init &rArr; rt_messagequeue_init &rArr; rt_thread_create &rArr; rt_object_allocate &rArr; rt_malloc &rArr; rt_sem_take &rArr; rt_schedule &rArr; _rt_scheduler_stack_check &rArr; list_thread &rArr; _list_thread &rArr; rt_kprintf &rArr; rt_vsnprintf &rArr; print_number
</UL>
<BR>[Calls]<UL><LI><a href="#[a5]">&gt;&gt;</a>&nbsp;&nbsp;&nbsp;rt_thread_idle_init
<LI><a href="#[a4]">&gt;&gt;</a>&nbsp;&nbsp;&nbsp;rt_system_timer_thread_init
<LI><a href="#[a3]">&gt;&gt;</a>&nbsp;&nbsp;&nbsp;rt_system_timer_init
<LI><a href="#[a6]">&gt;&gt;</a>&nbsp;&nbsp;&nbsp;rt_system_scheduler_start
<LI><a href="#[a2]">&gt;&gt;</a>&nbsp;&nbsp;&nbsp;rt_system_scheduler_init
<LI><a href="#[a1]">&gt;&gt;</a>&nbsp;&nbsp;&nbsp;rt_system_heap_init
<LI><a href="#[a0]">&gt;&gt;</a>&nbsp;&nbsp;&nbsp;rt_show_version
<LI><a href="#[9f]">&gt;&gt;</a>&nbsp;&nbsp;&nbsp;rt_hw_board_init
<LI><a href="#[96]">&gt;&gt;</a>&nbsp;&nbsp;&nbsp;rt_application_init
</UL>
<BR>[Called By]<UL><LI><a href="#[8d]">&gt;&gt;</a>&nbsp;&nbsp;&nbsp;main
</UL>

<P><STRONG><a name="[8d]"></a>main</STRONG> (Thumb, 14 bytes, Stack size 8 bytes, startup.o(.text))
<BR><BR>[Stack]<UL><LI>Max Depth = 472<LI>Call Chain = main &rArr; rtthread_startup &rArr; rt_application_init &rArr; rt_messagequeue_init &rArr; rt_thread_create &rArr; rt_object_allocate &rArr; rt_malloc &rArr; rt_sem_take &rArr; rt_schedule &rArr; _rt_scheduler_stack_check &rArr; list_thread &rArr; _list_thread &rArr; rt_kprintf &rArr; rt_vsnprintf &rArr; print_number
</UL>
<BR>[Calls]<UL><LI><a href="#[a7]">&gt;&gt;</a>&nbsp;&nbsp;&nbsp;rt_hw_interrupt_disable
<LI><a href="#[9e]">&gt;&gt;</a>&nbsp;&nbsp;&nbsp;rtthread_startup
</UL>
<BR>[Called By]<UL><LI><a href="#[8c]">&gt;&gt;</a>&nbsp;&nbsp;&nbsp;__rt_entry_main
</UL>

<P><STRONG><a name="[3]"></a>Reset_Handler</STRONG> (Thumb, 8 bytes, Stack size 0 bytes, startup_lpc17xx.o(.text))
<BR>[Address Reference Count : 1]<UL><LI> startup_lpc17xx.o(RESET)
</UL>
<P><STRONG><a name="[4]"></a>NMI_Handler</STRONG> (Thumb, 2 bytes, Stack size 0 bytes, startup_lpc17xx.o(.text))
<BR><BR>[Calls]<UL><LI><a href="#[4]">&gt;&gt;</a>&nbsp;&nbsp;&nbsp;NMI_Handler
</UL>
<BR>[Called By]<UL><LI><a href="#[4]">&gt;&gt;</a>&nbsp;&nbsp;&nbsp;NMI_Handler
</UL>
<BR>[Address Reference Count : 1]<UL><LI> startup_lpc17xx.o(RESET)
</UL>
<P><STRONG><a name="[6]"></a>MemManage_Handler</STRONG> (Thumb, 2 bytes, Stack size 0 bytes, startup_lpc17xx.o(.text))
<BR><BR>[Calls]<UL><LI><a href="#[6]">&gt;&gt;</a>&nbsp;&nbsp;&nbsp;MemManage_Handler
</UL>
<BR>[Called By]<UL><LI><a href="#[6]">&gt;&gt;</a>&nbsp;&nbsp;&nbsp;MemManage_Handler
</UL>
<BR>[Address Reference Count : 1]<UL><LI> startup_lpc17xx.o(RESET)
</UL>
<P><STRONG><a name="[7]"></a>BusFault_Handler</STRONG> (Thumb, 2 bytes, Stack size 0 bytes, startup_lpc17xx.o(.text))
<BR><BR>[Calls]<UL><LI><a href="#[7]">&gt;&gt;</a>&nbsp;&nbsp;&nbsp;BusFault_Handler
</UL>
<BR>[Called By]<UL><LI><a href="#[7]">&gt;&gt;</a>&nbsp;&nbsp;&nbsp;BusFault_Handler
</UL>
<BR>[Address Reference Count : 1]<UL><LI> startup_lpc17xx.o(RESET)
</UL>
<P><STRONG><a name="[8]"></a>UsageFault_Handler</STRONG> (Thumb, 2 bytes, Stack size 0 bytes, startup_lpc17xx.o(.text))
<BR><BR>[Calls]<UL><LI><a href="#[8]">&gt;&gt;</a>&nbsp;&nbsp;&nbsp;UsageFault_Handler
</UL>
<BR>[Called By]<UL><LI><a href="#[8]">&gt;&gt;</a>&nbsp;&nbsp;&nbsp;UsageFault_Handler
</UL>
<BR>[Address Reference Count : 1]<UL><LI> startup_lpc17xx.o(RESET)
</UL>
<P><STRONG><a name="[9]"></a>SVC_Handler</STRONG> (Thumb, 2 bytes, Stack size 0 bytes, startup_lpc17xx.o(.text))
<BR><BR>[Calls]<UL><LI><a href="#[9]">&gt;&gt;</a>&nbsp;&nbsp;&nbsp;SVC_Handler
</UL>
<BR>[Called By]<UL><LI><a href="#[9]">&gt;&gt;</a>&nbsp;&nbsp;&nbsp;SVC_Handler
</UL>
<BR>[Address Reference Count : 1]<UL><LI> startup_lpc17xx.o(RESET)
</UL>
<P><STRONG><a name="[a]"></a>DebugMon_Handler</STRONG> (Thumb, 2 bytes, Stack size 0 bytes, startup_lpc17xx.o(.text))
<BR><BR>[Calls]<UL><LI><a href="#[a]">&gt;&gt;</a>&nbsp;&nbsp;&nbsp;DebugMon_Handler
</UL>
<BR>[Called By]<UL><LI><a href="#[a]">&gt;&gt;</a>&nbsp;&nbsp;&nbsp;DebugMon_Handler
</UL>
<BR>[Address Reference Count : 1]<UL><LI> startup_lpc17xx.o(RESET)
</UL>
<P><STRONG><a name="[23]"></a>ADC_IRQHandler</STRONG> (Thumb, 0 bytes, Stack size 0 bytes, startup_lpc17xx.o(.text))
<BR><BR>[Calls]<UL><LI><a href="#[23]">&gt;&gt;</a>&nbsp;&nbsp;&nbsp;ADC_IRQHandler
</UL>
<BR>[Called By]<UL><LI><a href="#[23]">&gt;&gt;</a>&nbsp;&nbsp;&nbsp;ADC_IRQHandler
</UL>
<BR>[Address Reference Count : 1]<UL><LI> startup_lpc17xx.o(RESET)
</UL>
<P><STRONG><a name="[24]"></a>BOD_IRQHandler</STRONG> (Thumb, 0 bytes, Stack size 0 bytes, startup_lpc17xx.o(.text))
<BR>[Address Reference Count : 1]<UL><LI> startup_lpc17xx.o(RESET)
</UL>
<P><STRONG><a name="[26]"></a>CAN_IRQHandler</STRONG> (Thumb, 0 bytes, Stack size 0 bytes, startup_lpc17xx.o(.text))
<BR>[Address Reference Count : 1]<UL><LI> startup_lpc17xx.o(RESET)
</UL>
<P><STRONG><a name="[27]"></a>DMA_IRQHandler</STRONG> (Thumb, 0 bytes, Stack size 0 bytes, startup_lpc17xx.o(.text))
<BR>[Address Reference Count : 1]<UL><LI> startup_lpc17xx.o(RESET)
</UL>
<P><STRONG><a name="[1f]"></a>EINT0_IRQHandler</STRONG> (Thumb, 0 bytes, Stack size 0 bytes, startup_lpc17xx.o(.text))
<BR>[Address Reference Count : 1]<UL><LI> startup_lpc17xx.o(RESET)
</UL>
<P><STRONG><a name="[20]"></a>EINT1_IRQHandler</STRONG> (Thumb, 0 bytes, Stack size 0 bytes, startup_lpc17xx.o(.text))
<BR>[Address Reference Count : 1]<UL><LI> startup_lpc17xx.o(RESET)
</UL>
<P><STRONG><a name="[21]"></a>EINT2_IRQHandler</STRONG> (Thumb, 0 bytes, Stack size 0 bytes, startup_lpc17xx.o(.text))
<BR>[Address Reference Count : 1]<UL><LI> startup_lpc17xx.o(RESET)
</UL>
<P><STRONG><a name="[29]"></a>ENET_IRQHandler</STRONG> (Thumb, 0 bytes, Stack size 0 bytes, startup_lpc17xx.o(.text))
<BR>[Address Reference Count : 1]<UL><LI> startup_lpc17xx.o(RESET)
</UL>
<P><STRONG><a name="[17]"></a>I2C0_IRQHandler</STRONG> (Thumb, 0 bytes, Stack size 0 bytes, startup_lpc17xx.o(.text))
<BR>[Address Reference Count : 1]<UL><LI> startup_lpc17xx.o(RESET)
</UL>
<P><STRONG><a name="[18]"></a>I2C1_IRQHandler</STRONG> (Thumb, 0 bytes, Stack size 0 bytes, startup_lpc17xx.o(.text))
<BR>[Address Reference Count : 1]<UL><LI> startup_lpc17xx.o(RESET)
</UL>
<P><STRONG><a name="[19]"></a>I2C2_IRQHandler</STRONG> (Thumb, 0 bytes, Stack size 0 bytes, startup_lpc17xx.o(.text))
<BR>[Address Reference Count : 1]<UL><LI> startup_lpc17xx.o(RESET)
</UL>
<P><STRONG><a name="[28]"></a>I2S_IRQHandler</STRONG> (Thumb, 0 bytes, Stack size 0 bytes, startup_lpc17xx.o(.text))
<BR>[Address Reference Count : 1]<UL><LI> startup_lpc17xx.o(RESET)
</UL>
<P><STRONG><a name="[2b]"></a>MCPWM_IRQHandler</STRONG> (Thumb, 0 bytes, Stack size 0 bytes, startup_lpc17xx.o(.text))
<BR>[Address Reference Count : 1]<UL><LI> startup_lpc17xx.o(RESET)
</UL>
<P><STRONG><a name="[1d]"></a>PLL0_IRQHandler</STRONG> (Thumb, 0 bytes, Stack size 0 bytes, startup_lpc17xx.o(.text))
<BR>[Address Reference Count : 1]<UL><LI> startup_lpc17xx.o(RESET)
</UL>
<P><STRONG><a name="[2d]"></a>PLL1_IRQHandler</STRONG> (Thumb, 0 bytes, Stack size 0 bytes, startup_lpc17xx.o(.text))
<BR>[Address Reference Count : 1]<UL><LI> startup_lpc17xx.o(RESET)
</UL>
<P><STRONG><a name="[16]"></a>PWM1_IRQHandler</STRONG> (Thumb, 0 bytes, Stack size 0 bytes, startup_lpc17xx.o(.text))
<BR>[Address Reference Count : 1]<UL><LI> startup_lpc17xx.o(RESET)
</UL>
<P><STRONG><a name="[2c]"></a>QEI_IRQHandler</STRONG> (Thumb, 0 bytes, Stack size 0 bytes, startup_lpc17xx.o(.text))
<BR>[Address Reference Count : 1]<UL><LI> startup_lpc17xx.o(RESET)
</UL>
<P><STRONG><a name="[2a]"></a>RIT_IRQHandler</STRONG> (Thumb, 0 bytes, Stack size 0 bytes, startup_lpc17xx.o(.text))
<BR>[Address Reference Count : 1]<UL><LI> startup_lpc17xx.o(RESET)
</UL>
<P><STRONG><a name="[1e]"></a>RTC_IRQHandler</STRONG> (Thumb, 0 bytes, Stack size 0 bytes, startup_lpc17xx.o(.text))
<BR>[Address Reference Count : 1]<UL><LI> startup_lpc17xx.o(RESET)
</UL>
<P><STRONG><a name="[1a]"></a>SPI_IRQHandler</STRONG> (Thumb, 0 bytes, Stack size 0 bytes, startup_lpc17xx.o(.text))
<BR>[Address Reference Count : 1]<UL><LI> startup_lpc17xx.o(RESET)
</UL>
<P><STRONG><a name="[1b]"></a>SSP0_IRQHandler</STRONG> (Thumb, 0 bytes, Stack size 0 bytes, startup_lpc17xx.o(.text))
<BR>[Address Reference Count : 1]<UL><LI> startup_lpc17xx.o(RESET)
</UL>
<P><STRONG><a name="[1c]"></a>SSP1_IRQHandler</STRONG> (Thumb, 0 bytes, Stack size 0 bytes, startup_lpc17xx.o(.text))
<BR>[Address Reference Count : 1]<UL><LI> startup_lpc17xx.o(RESET)
</UL>
<P><STRONG><a name="[e]"></a>TIMER0_IRQHandler</STRONG> (Thumb, 0 bytes, Stack size 0 bytes, startup_lpc17xx.o(.text))
<BR>[Address Reference Count : 1]<UL><LI> startup_lpc17xx.o(RESET)
</UL>
<P><STRONG><a name="[f]"></a>TIMER1_IRQHandler</STRONG> (Thumb, 0 bytes, Stack size 0 bytes, startup_lpc17xx.o(.text))
<BR>[Address Reference Count : 1]<UL><LI> startup_lpc17xx.o(RESET)
</UL>
<P><STRONG><a name="[10]"></a>TIMER2_IRQHandler</STRONG> (Thumb, 0 bytes, Stack size 0 bytes, startup_lpc17xx.o(.text))
<BR>[Address Reference Count : 1]<UL><LI> startup_lpc17xx.o(RESET)
</UL>
<P><STRONG><a name="[11]"></a>TIMER3_IRQHandler</STRONG> (Thumb, 0 bytes, Stack size 0 bytes, startup_lpc17xx.o(.text))
<BR>[Address Reference Count : 1]<UL><LI> startup_lpc17xx.o(RESET)
</UL>
<P><STRONG><a name="[13]"></a>UART1_IRQHandler</STRONG> (Thumb, 0 bytes, Stack size 0 bytes, startup_lpc17xx.o(.text))
<BR>[Address Reference Count : 1]<UL><LI> startup_lpc17xx.o(RESET)
</UL>
<P><STRONG><a name="[14]"></a>UART2_IRQHandler</STRONG> (Thumb, 0 bytes, Stack size 0 bytes, startup_lpc17xx.o(.text))
<BR>[Address Reference Count : 1]<UL><LI> startup_lpc17xx.o(RESET)
</UL>
<P><STRONG><a name="[25]"></a>USB_IRQHandler</STRONG> (Thumb, 0 bytes, Stack size 0 bytes, startup_lpc17xx.o(.text))
<BR>[Address Reference Count : 1]<UL><LI> startup_lpc17xx.o(RESET)
</UL>
<P><STRONG><a name="[d]"></a>WDT_IRQHandler</STRONG> (Thumb, 0 bytes, Stack size 0 bytes, startup_lpc17xx.o(.text))
<BR>[Address Reference Count : 1]<UL><LI> startup_lpc17xx.o(RESET)
</UL>
<P><STRONG><a name="[1b9]"></a>__user_initial_stackheap</STRONG> (Thumb, 0 bytes, Stack size unknown bytes, startup_lpc17xx.o(.text))
<BR><BR>[Called By]<UL><LI><a href="#[89]">&gt;&gt;</a>&nbsp;&nbsp;&nbsp;__user_setup_stackheap
</UL>

<P><STRONG><a name="[a8]"></a>rt_interrupt_enter</STRONG> (Thumb, 30 bytes, Stack size 8 bytes, irq.o(.text))
<BR><BR>[Stack]<UL><LI>Max Depth = 8<LI>Call Chain = rt_interrupt_enter
</UL>
<BR>[Calls]<UL><LI><a href="#[a9]">&gt;&gt;</a>&nbsp;&nbsp;&nbsp;rt_hw_interrupt_enable
<LI><a href="#[a7]">&gt;&gt;</a>&nbsp;&nbsp;&nbsp;rt_hw_interrupt_disable
</UL>
<BR>[Called By]<UL><LI><a href="#[ab]">&gt;&gt;</a>&nbsp;&nbsp;&nbsp;rt_hw_timer_handler
</UL>

<P><STRONG><a name="[aa]"></a>rt_interrupt_leave</STRONG> (Thumb, 30 bytes, Stack size 8 bytes, irq.o(.text))
<BR><BR>[Stack]<UL><LI>Max Depth = 8<LI>Call Chain = rt_interrupt_leave
</UL>
<BR>[Calls]<UL><LI><a href="#[a9]">&gt;&gt;</a>&nbsp;&nbsp;&nbsp;rt_hw_interrupt_enable
<LI><a href="#[a7]">&gt;&gt;</a>&nbsp;&nbsp;&nbsp;rt_hw_interrupt_disable
</UL>
<BR>[Called By]<UL><LI><a href="#[ab]">&gt;&gt;</a>&nbsp;&nbsp;&nbsp;rt_hw_timer_handler
</UL>

<P><STRONG><a name="[da]"></a>rt_interrupt_get_nest</STRONG> (Thumb, 6 bytes, Stack size 0 bytes, irq.o(.text))
<BR><BR>[Called By]<UL><LI><a href="#[119]">&gt;&gt;</a>&nbsp;&nbsp;&nbsp;rt_calloc
<LI><a href="#[118]">&gt;&gt;</a>&nbsp;&nbsp;&nbsp;rt_realloc
<LI><a href="#[109]">&gt;&gt;</a>&nbsp;&nbsp;&nbsp;_rt_errno
<LI><a href="#[108]">&gt;&gt;</a>&nbsp;&nbsp;&nbsp;rt_get_errno
<LI><a href="#[e8]">&gt;&gt;</a>&nbsp;&nbsp;&nbsp;rt_object_allocate
<LI><a href="#[fe]">&gt;&gt;</a>&nbsp;&nbsp;&nbsp;rt_malloc
<LI><a href="#[105]">&gt;&gt;</a>&nbsp;&nbsp;&nbsp;rt_mq_create
<LI><a href="#[104]">&gt;&gt;</a>&nbsp;&nbsp;&nbsp;rt_mq_delete
<LI><a href="#[100]">&gt;&gt;</a>&nbsp;&nbsp;&nbsp;rt_mb_send_wait
<LI><a href="#[ff]">&gt;&gt;</a>&nbsp;&nbsp;&nbsp;rt_mb_delete
<LI><a href="#[fd]">&gt;&gt;</a>&nbsp;&nbsp;&nbsp;rt_mb_create
<LI><a href="#[f9]">&gt;&gt;</a>&nbsp;&nbsp;&nbsp;rt_event_delete
<LI><a href="#[f8]">&gt;&gt;</a>&nbsp;&nbsp;&nbsp;rt_event_create
<LI><a href="#[f6]">&gt;&gt;</a>&nbsp;&nbsp;&nbsp;rt_mutex_release
<LI><a href="#[f4]">&gt;&gt;</a>&nbsp;&nbsp;&nbsp;rt_mutex_take
<LI><a href="#[f3]">&gt;&gt;</a>&nbsp;&nbsp;&nbsp;rt_mutex_delete
<LI><a href="#[f2]">&gt;&gt;</a>&nbsp;&nbsp;&nbsp;rt_mutex_create
<LI><a href="#[e9]">&gt;&gt;</a>&nbsp;&nbsp;&nbsp;rt_sem_delete
<LI><a href="#[dd]">&gt;&gt;</a>&nbsp;&nbsp;&nbsp;rt_free
<LI><a href="#[d9]">&gt;&gt;</a>&nbsp;&nbsp;&nbsp;rt_thread_idle_excute
<LI><a href="#[d4]">&gt;&gt;</a>&nbsp;&nbsp;&nbsp;rt_set_errno
<LI><a href="#[c5]">&gt;&gt;</a>&nbsp;&nbsp;&nbsp;rt_sem_take
<LI><a href="#[c8]">&gt;&gt;</a>&nbsp;&nbsp;&nbsp;rt_sem_create
<LI><a href="#[c3]">&gt;&gt;</a>&nbsp;&nbsp;&nbsp;rt_mq_recv
<LI><a href="#[bf]">&gt;&gt;</a>&nbsp;&nbsp;&nbsp;rt_mb_recv
<LI><a href="#[b9]">&gt;&gt;</a>&nbsp;&nbsp;&nbsp;rt_event_recv
<LI><a href="#[a1]">&gt;&gt;</a>&nbsp;&nbsp;&nbsp;rt_system_heap_init
<LI><a href="#[121]">&gt;&gt;</a>&nbsp;&nbsp;&nbsp;rt_object_find
</UL>

<P><STRONG><a name="[1de]"></a>__use_two_region_memory</STRONG> (Thumb, 2 bytes, Stack size 0 bytes, heapauxi.o(.text), UNUSED)

<P><STRONG><a name="[1df]"></a>__rt_heap_escrow$2region</STRONG> (Thumb, 2 bytes, Stack size 0 bytes, heapauxi.o(.text), UNUSED)

<P><STRONG><a name="[1e0]"></a>__rt_heap_expand$2region</STRONG> (Thumb, 2 bytes, Stack size 0 bytes, heapauxi.o(.text), UNUSED)

<P><STRONG><a name="[1b0]"></a>__aeabi_errno_addr</STRONG> (Thumb, 8 bytes, Stack size 0 bytes, rt_errno_addr_intlibspace.o(.text))
<BR><BR>[Called By]<UL><LI><a href="#[1b6]">&gt;&gt;</a>&nbsp;&nbsp;&nbsp;_strtoul
<LI><a href="#[1b1]">&gt;&gt;</a>&nbsp;&nbsp;&nbsp;strtol
<LI><a href="#[1aa]">&gt;&gt;</a>&nbsp;&nbsp;&nbsp;atoi
</UL>

<P><STRONG><a name="[1e1]"></a>__errno$intlibspace</STRONG> (Thumb, 0 bytes, Stack size 0 bytes, rt_errno_addr_intlibspace.o(.text), UNUSED)

<P><STRONG><a name="[1e2]"></a>__rt_errno_addr$intlibspace</STRONG> (Thumb, 0 bytes, Stack size 0 bytes, rt_errno_addr_intlibspace.o(.text), UNUSED)

<P><STRONG><a name="[1e3]"></a>SystemCoreClockUpdate</STRONG> (Thumb, 306 bytes, Stack size 0 bytes, system_lpc17xx.o(.text), UNUSED)

<P><STRONG><a name="[2e]"></a>SystemInit</STRONG> (Thumb, 292 bytes, Stack size 0 bytes, system_lpc17xx.o(.text))
<BR>[Address Reference Count : 1]<UL><LI> startup_lpc17xx.o(.text)
</UL>
<P><STRONG><a name="[ab]"></a>rt_hw_timer_handler</STRONG> (Thumb, 16 bytes, Stack size 8 bytes, board.o(.text))
<BR><BR>[Stack]<UL><LI>Max Depth = 288<LI>Call Chain = rt_hw_timer_handler &rArr; rt_tick_increase &rArr; rt_thread_yield &rArr; rt_schedule &rArr; _rt_scheduler_stack_check &rArr; list_thread &rArr; _list_thread &rArr; rt_kprintf &rArr; rt_vsnprintf &rArr; print_number
</UL>
<BR>[Calls]<UL><LI><a href="#[ac]">&gt;&gt;</a>&nbsp;&nbsp;&nbsp;rt_tick_increase
<LI><a href="#[aa]">&gt;&gt;</a>&nbsp;&nbsp;&nbsp;rt_interrupt_leave
<LI><a href="#[a8]">&gt;&gt;</a>&nbsp;&nbsp;&nbsp;rt_interrupt_enter
</UL>
<BR>[Called By]<UL><LI><a href="#[c]">&gt;&gt;</a>&nbsp;&nbsp;&nbsp;SysTick_Handler
</UL>

<P><STRONG><a name="[c]"></a>SysTick_Handler</STRONG> (Thumb, 8 bytes, Stack size 8 bytes, board.o(.text))
<BR><BR>[Stack]<UL><LI>Max Depth = 296<LI>Call Chain = SysTick_Handler &rArr; rt_hw_timer_handler &rArr; rt_tick_increase &rArr; rt_thread_yield &rArr; rt_schedule &rArr; _rt_scheduler_stack_check &rArr; list_thread &rArr; _list_thread &rArr; rt_kprintf &rArr; rt_vsnprintf &rArr; print_number
</UL>
<BR>[Calls]<UL><LI><a href="#[ab]">&gt;&gt;</a>&nbsp;&nbsp;&nbsp;rt_hw_timer_handler
</UL>
<BR>[Address Reference Count : 1]<UL><LI> startup_lpc17xx.o(RESET)
</UL>
<P><STRONG><a name="[9f]"></a>rt_hw_board_init</STRONG> (Thumb, 92 bytes, Stack size 8 bytes, board.o(.text))
<BR><BR>[Stack]<UL><LI>Max Depth = 320<LI>Call Chain = rt_hw_board_init &rArr; rt_hw_uart_init &rArr; rt_device_register &rArr; rt_device_find &rArr; rt_exit_critical &rArr; rt_schedule &rArr; _rt_scheduler_stack_check &rArr; list_thread &rArr; _list_thread &rArr; rt_kprintf &rArr; rt_vsnprintf &rArr; print_number
</UL>
<BR>[Calls]<UL><LI><a href="#[af]">&gt;&gt;</a>&nbsp;&nbsp;&nbsp;rt_hw_uart_init
<LI><a href="#[ad]">&gt;&gt;</a>&nbsp;&nbsp;&nbsp;rt_hw_device_IO_init
<LI><a href="#[b1]">&gt;&gt;</a>&nbsp;&nbsp;&nbsp;rt_hw_button_init
<LI><a href="#[b0]">&gt;&gt;</a>&nbsp;&nbsp;&nbsp;rt_console_set_device
<LI><a href="#[ae]">&gt;&gt;</a>&nbsp;&nbsp;&nbsp;NVIC_SetPriority
</UL>
<BR>[Called By]<UL><LI><a href="#[9e]">&gt;&gt;</a>&nbsp;&nbsp;&nbsp;rtthread_startup
</UL>

<P><STRONG><a name="[22]"></a>EINT3_IRQHandler</STRONG> (Thumb, 142 bytes, Stack size 8 bytes, button.o(.text))
<BR><BR>[Stack]<UL><LI>Max Depth = 304<LI>Call Chain = EINT3_IRQHandler &rArr; rt_event_send &rArr; rt_schedule &rArr; _rt_scheduler_stack_check &rArr; list_thread &rArr; _list_thread &rArr; rt_kprintf &rArr; rt_vsnprintf &rArr; print_number
</UL>
<BR>[Calls]<UL><LI><a href="#[b3]">&gt;&gt;</a>&nbsp;&nbsp;&nbsp;rt_kprintf
<LI><a href="#[b2]">&gt;&gt;</a>&nbsp;&nbsp;&nbsp;rt_event_send
</UL>
<BR>[Address Reference Count : 1]<UL><LI> startup_lpc17xx.o(RESET)
</UL>
<P><STRONG><a name="[b1]"></a>rt_hw_button_init</STRONG> (Thumb, 74 bytes, Stack size 8 bytes, button.o(.text))
<BR><BR>[Stack]<UL><LI>Max Depth = 312<LI>Call Chain = rt_hw_button_init &rArr; rt_device_register &rArr; rt_device_find &rArr; rt_exit_critical &rArr; rt_schedule &rArr; _rt_scheduler_stack_check &rArr; list_thread &rArr; _list_thread &rArr; rt_kprintf &rArr; rt_vsnprintf &rArr; print_number
</UL>
<BR>[Calls]<UL><LI><a href="#[b3]">&gt;&gt;</a>&nbsp;&nbsp;&nbsp;rt_kprintf
<LI><a href="#[b5]">&gt;&gt;</a>&nbsp;&nbsp;&nbsp;rt_device_register
</UL>
<BR>[Called By]<UL><LI><a href="#[9f]">&gt;&gt;</a>&nbsp;&nbsp;&nbsp;rt_hw_board_init
</UL>

<P><STRONG><a name="[12]"></a>UART0_IRQHandler</STRONG> (Thumb, 122 bytes, Stack size 24 bytes, uart.o(.text))
<BR><BR>[Stack]<UL><LI>Max Depth = 24<LI>Call Chain = UART0_IRQHandler
</UL>
<BR>[Calls]<UL><LI><a href="#[a9]">&gt;&gt;</a>&nbsp;&nbsp;&nbsp;rt_hw_interrupt_enable
<LI><a href="#[a7]">&gt;&gt;</a>&nbsp;&nbsp;&nbsp;rt_hw_interrupt_disable
</UL>
<BR>[Address Reference Count : 1]<UL><LI> startup_lpc17xx.o(RESET)
</UL>
<P><STRONG><a name="[15]"></a>UART3_IRQHandler</STRONG> (Thumb, 122 bytes, Stack size 24 bytes, uart.o(.text))
<BR><BR>[Stack]<UL><LI>Max Depth = 24<LI>Call Chain = UART3_IRQHandler
</UL>
<BR>[Calls]<UL><LI><a href="#[a9]">&gt;&gt;</a>&nbsp;&nbsp;&nbsp;rt_hw_interrupt_enable
<LI><a href="#[a7]">&gt;&gt;</a>&nbsp;&nbsp;&nbsp;rt_hw_interrupt_disable
</UL>
<BR>[Address Reference Count : 1]<UL><LI> startup_lpc17xx.o(RESET)
</UL>
<P><STRONG><a name="[af]"></a>rt_hw_uart_init</STRONG> (Thumb, 70 bytes, Stack size 8 bytes, uart.o(.text))
<BR><BR>[Stack]<UL><LI>Max Depth = 312<LI>Call Chain = rt_hw_uart_init &rArr; rt_device_register &rArr; rt_device_find &rArr; rt_exit_critical &rArr; rt_schedule &rArr; _rt_scheduler_stack_check &rArr; list_thread &rArr; _list_thread &rArr; rt_kprintf &rArr; rt_vsnprintf &rArr; print_number
</UL>
<BR>[Calls]<UL><LI><a href="#[b6]">&gt;&gt;</a>&nbsp;&nbsp;&nbsp;rt_memset
<LI><a href="#[b5]">&gt;&gt;</a>&nbsp;&nbsp;&nbsp;rt_device_register
</UL>
<BR>[Called By]<UL><LI><a href="#[9f]">&gt;&gt;</a>&nbsp;&nbsp;&nbsp;rt_hw_board_init
</UL>

<P><STRONG><a name="[ad]"></a>rt_hw_device_IO_init</STRONG> (Thumb, 130 bytes, Stack size 0 bytes, mybutton.o(.text))
<BR><BR>[Called By]<UL><LI><a href="#[9f]">&gt;&gt;</a>&nbsp;&nbsp;&nbsp;rt_hw_board_init
</UL>

<P><STRONG><a name="[99]"></a>rt_mybutton_init</STRONG> (Thumb, 34 bytes, Stack size 16 bytes, mybutton.o(.text))
<BR><BR>[Stack]<UL><LI>Max Depth = 432<LI>Call Chain = rt_mybutton_init &rArr; rt_thread_create &rArr; rt_object_allocate &rArr; rt_malloc &rArr; rt_sem_take &rArr; rt_schedule &rArr; _rt_scheduler_stack_check &rArr; list_thread &rArr; _list_thread &rArr; rt_kprintf &rArr; rt_vsnprintf &rArr; print_number
</UL>
<BR>[Calls]<UL><LI><a href="#[98]">&gt;&gt;</a>&nbsp;&nbsp;&nbsp;rt_thread_startup
<LI><a href="#[97]">&gt;&gt;</a>&nbsp;&nbsp;&nbsp;rt_thread_create
</UL>
<BR>[Called By]<UL><LI><a href="#[96]">&gt;&gt;</a>&nbsp;&nbsp;&nbsp;rt_application_init
</UL>

<P><STRONG><a name="[9a]"></a>rt_mailbox_init</STRONG> (Thumb, 82 bytes, Stack size 24 bytes, mybutton.o(.text))
<BR><BR>[Stack]<UL><LI>Max Depth = 440<LI>Call Chain = rt_mailbox_init &rArr; rt_thread_create &rArr; rt_object_allocate &rArr; rt_malloc &rArr; rt_sem_take &rArr; rt_schedule &rArr; _rt_scheduler_stack_check &rArr; list_thread &rArr; _list_thread &rArr; rt_kprintf &rArr; rt_vsnprintf &rArr; print_number
</UL>
<BR>[Calls]<UL><LI><a href="#[c0]">&gt;&gt;</a>&nbsp;&nbsp;&nbsp;rt_mb_init
<LI><a href="#[98]">&gt;&gt;</a>&nbsp;&nbsp;&nbsp;rt_thread_startup
<LI><a href="#[97]">&gt;&gt;</a>&nbsp;&nbsp;&nbsp;rt_thread_create
</UL>
<BR>[Called By]<UL><LI><a href="#[96]">&gt;&gt;</a>&nbsp;&nbsp;&nbsp;rt_application_init
</UL>

<P><STRONG><a name="[9b]"></a>rt_messagequeue_init</STRONG> (Thumb, 118 bytes, Stack size 24 bytes, mybutton.o(.text))
<BR><BR>[Stack]<UL><LI>Max Depth = 440<LI>Call Chain = rt_messagequeue_init &rArr; rt_thread_create &rArr; rt_object_allocate &rArr; rt_malloc &rArr; rt_sem_take &rArr; rt_schedule &rArr; _rt_scheduler_stack_check &rArr; list_thread &rArr; _list_thread &rArr; rt_kprintf &rArr; rt_vsnprintf &rArr; print_number
</UL>
<BR>[Calls]<UL><LI><a href="#[c4]">&gt;&gt;</a>&nbsp;&nbsp;&nbsp;rt_mq_init
<LI><a href="#[98]">&gt;&gt;</a>&nbsp;&nbsp;&nbsp;rt_thread_startup
<LI><a href="#[97]">&gt;&gt;</a>&nbsp;&nbsp;&nbsp;rt_thread_create
</UL>
<BR>[Called By]<UL><LI><a href="#[96]">&gt;&gt;</a>&nbsp;&nbsp;&nbsp;rt_application_init
</UL>

<P><STRONG><a name="[9c]"></a>rt_semaphore_init</STRONG> (Thumb, 62 bytes, Stack size 16 bytes, mybutton.o(.text))
<BR><BR>[Stack]<UL><LI>Max Depth = 432<LI>Call Chain = rt_semaphore_init &rArr; rt_thread_create &rArr; rt_object_allocate &rArr; rt_malloc &rArr; rt_sem_take &rArr; rt_schedule &rArr; _rt_scheduler_stack_check &rArr; list_thread &rArr; _list_thread &rArr; rt_kprintf &rArr; rt_vsnprintf &rArr; print_number
</UL>
<BR>[Calls]<UL><LI><a href="#[c7]">&gt;&gt;</a>&nbsp;&nbsp;&nbsp;rt_sem_init
<LI><a href="#[c8]">&gt;&gt;</a>&nbsp;&nbsp;&nbsp;rt_sem_create
<LI><a href="#[98]">&gt;&gt;</a>&nbsp;&nbsp;&nbsp;rt_thread_startup
<LI><a href="#[97]">&gt;&gt;</a>&nbsp;&nbsp;&nbsp;rt_thread_create
</UL>
<BR>[Called By]<UL><LI><a href="#[96]">&gt;&gt;</a>&nbsp;&nbsp;&nbsp;rt_application_init
</UL>

<P><STRONG><a name="[1e4]"></a>rt_system_tick_init</STRONG> (Thumb, 2 bytes, Stack size 0 bytes, clock.o(.text), UNUSED)

<P><STRONG><a name="[101]"></a>rt_tick_get</STRONG> (Thumb, 6 bytes, Stack size 0 bytes, clock.o(.text))
<BR><BR>[Called By]<UL><LI><a href="#[eb]">&gt;&gt;</a>&nbsp;&nbsp;&nbsp;rt_timer_start
<LI><a href="#[100]">&gt;&gt;</a>&nbsp;&nbsp;&nbsp;rt_mb_send_wait
<LI><a href="#[cc]">&gt;&gt;</a>&nbsp;&nbsp;&nbsp;rt_timer_check
<LI><a href="#[c3]">&gt;&gt;</a>&nbsp;&nbsp;&nbsp;rt_mq_recv
<LI><a href="#[bf]">&gt;&gt;</a>&nbsp;&nbsp;&nbsp;rt_mb_recv
<LI><a href="#[16a]">&gt;&gt;</a>&nbsp;&nbsp;&nbsp;_list_timer
</UL>

<P><STRONG><a name="[c9]"></a>rt_tick_set</STRONG> (Thumb, 22 bytes, Stack size 16 bytes, clock.o(.text), UNUSED)
<BR><BR>[Calls]<UL><LI><a href="#[a9]">&gt;&gt;</a>&nbsp;&nbsp;&nbsp;rt_hw_interrupt_enable
<LI><a href="#[a7]">&gt;&gt;</a>&nbsp;&nbsp;&nbsp;rt_hw_interrupt_disable
</UL>

<P><STRONG><a name="[ac]"></a>rt_tick_increase</STRONG> (Thumb, 42 bytes, Stack size 8 bytes, clock.o(.text))
<BR><BR>[Stack]<UL><LI>Max Depth = 280<LI>Call Chain = rt_tick_increase &rArr; rt_thread_yield &rArr; rt_schedule &rArr; _rt_scheduler_stack_check &rArr; list_thread &rArr; _list_thread &rArr; rt_kprintf &rArr; rt_vsnprintf &rArr; print_number
</UL>
<BR>[Calls]<UL><LI><a href="#[cc]">&gt;&gt;</a>&nbsp;&nbsp;&nbsp;rt_timer_check
<LI><a href="#[cb]">&gt;&gt;</a>&nbsp;&nbsp;&nbsp;rt_thread_yield
<LI><a href="#[ca]">&gt;&gt;</a>&nbsp;&nbsp;&nbsp;rt_thread_self
</UL>
<BR>[Called By]<UL><LI><a href="#[ab]">&gt;&gt;</a>&nbsp;&nbsp;&nbsp;rt_hw_timer_handler
</UL>

<P><STRONG><a name="[1e5]"></a>rt_tick_from_millisecond</STRONG> (Thumb, 22 bytes, Stack size 0 bytes, clock.o(.text), UNUSED)

<P><STRONG><a name="[b7]"></a>rt_device_find</STRONG> (Thumb, 76 bytes, Stack size 24 bytes, device.o(.text))
<BR><BR>[Stack]<UL><LI>Max Depth = 288<LI>Call Chain = rt_device_find &rArr; rt_exit_critical &rArr; rt_schedule &rArr; _rt_scheduler_stack_check &rArr; list_thread &rArr; _list_thread &rArr; rt_kprintf &rArr; rt_vsnprintf &rArr; print_number
</UL>
<BR>[Calls]<UL><LI><a href="#[cd]">&gt;&gt;</a>&nbsp;&nbsp;&nbsp;rt_strncmp
<LI><a href="#[ca]">&gt;&gt;</a>&nbsp;&nbsp;&nbsp;rt_thread_self
<LI><a href="#[be]">&gt;&gt;</a>&nbsp;&nbsp;&nbsp;rt_exit_critical
<LI><a href="#[bd]">&gt;&gt;</a>&nbsp;&nbsp;&nbsp;rt_enter_critical
</UL>
<BR>[Called By]<UL><LI><a href="#[38]">&gt;&gt;</a>&nbsp;&nbsp;&nbsp;btn_thread_entry
<LI><a href="#[b5]">&gt;&gt;</a>&nbsp;&nbsp;&nbsp;rt_device_register
<LI><a href="#[b0]">&gt;&gt;</a>&nbsp;&nbsp;&nbsp;rt_console_set_device
<LI><a href="#[145]">&gt;&gt;</a>&nbsp;&nbsp;&nbsp;finsh_set_device
</UL>

<P><STRONG><a name="[b5]"></a>rt_device_register</STRONG> (Thumb, 50 bytes, Stack size 16 bytes, device.o(.text))
<BR><BR>[Stack]<UL><LI>Max Depth = 304<LI>Call Chain = rt_device_register &rArr; rt_device_find &rArr; rt_exit_critical &rArr; rt_schedule &rArr; _rt_scheduler_stack_check &rArr; list_thread &rArr; _list_thread &rArr; rt_kprintf &rArr; rt_vsnprintf &rArr; print_number
</UL>
<BR>[Calls]<UL><LI><a href="#[ce]">&gt;&gt;</a>&nbsp;&nbsp;&nbsp;rt_object_init
<LI><a href="#[b7]">&gt;&gt;</a>&nbsp;&nbsp;&nbsp;rt_device_find
</UL>
<BR>[Called By]<UL><LI><a href="#[af]">&gt;&gt;</a>&nbsp;&nbsp;&nbsp;rt_hw_uart_init
<LI><a href="#[b1]">&gt;&gt;</a>&nbsp;&nbsp;&nbsp;rt_hw_button_init
</UL>

<P><STRONG><a name="[cf]"></a>rt_device_unregister</STRONG> (Thumb, 44 bytes, Stack size 16 bytes, device.o(.text), UNUSED)
<BR><BR>[Calls]<UL><LI><a href="#[d0]">&gt;&gt;</a>&nbsp;&nbsp;&nbsp;rt_object_detach
<LI><a href="#[b3]">&gt;&gt;</a>&nbsp;&nbsp;&nbsp;rt_kprintf
</UL>

<P><STRONG><a name="[1e6]"></a>rt_device_init_all</STRONG> (Thumb, 4 bytes, Stack size 0 bytes, device.o(.text), UNUSED)

<P><STRONG><a name="[d1]"></a>rt_device_init</STRONG> (Thumb, 82 bytes, Stack size 16 bytes, device.o(.text), UNUSED)
<BR><BR>[Calls]<UL><LI><a href="#[b3]">&gt;&gt;</a>&nbsp;&nbsp;&nbsp;rt_kprintf
</UL>

<P><STRONG><a name="[b8]"></a>rt_device_open</STRONG> (Thumb, 172 bytes, Stack size 24 bytes, device.o(.text))
<BR><BR>[Stack]<UL><LI>Max Depth = 200<LI>Call Chain = rt_device_open &rArr; rt_kprintf &rArr; rt_vsnprintf &rArr; print_number
</UL>
<BR>[Calls]<UL><LI><a href="#[b3]">&gt;&gt;</a>&nbsp;&nbsp;&nbsp;rt_kprintf
</UL>
<BR>[Called By]<UL><LI><a href="#[38]">&gt;&gt;</a>&nbsp;&nbsp;&nbsp;btn_thread_entry
<LI><a href="#[b0]">&gt;&gt;</a>&nbsp;&nbsp;&nbsp;rt_console_set_device
<LI><a href="#[157]">&gt;&gt;</a>&nbsp;&nbsp;&nbsp;finsh_thread_entry
<LI><a href="#[145]">&gt;&gt;</a>&nbsp;&nbsp;&nbsp;finsh_set_device
</UL>

<P><STRONG><a name="[d2]"></a>rt_device_close</STRONG> (Thumb, 88 bytes, Stack size 16 bytes, device.o(.text))
<BR><BR>[Stack]<UL><LI>Max Depth = 192<LI>Call Chain = rt_device_close &rArr; rt_kprintf &rArr; rt_vsnprintf &rArr; print_number
</UL>
<BR>[Calls]<UL><LI><a href="#[b3]">&gt;&gt;</a>&nbsp;&nbsp;&nbsp;rt_kprintf
</UL>
<BR>[Called By]<UL><LI><a href="#[b0]">&gt;&gt;</a>&nbsp;&nbsp;&nbsp;rt_console_set_device
<LI><a href="#[145]">&gt;&gt;</a>&nbsp;&nbsp;&nbsp;finsh_set_device
</UL>

<P><STRONG><a name="[d3]"></a>rt_device_read</STRONG> (Thumb, 90 bytes, Stack size 24 bytes, device.o(.text))
<BR><BR>[Stack]<UL><LI>Max Depth = 200<LI>Call Chain = rt_device_read &rArr; rt_kprintf &rArr; rt_vsnprintf &rArr; print_number
</UL>
<BR>[Calls]<UL><LI><a href="#[d4]">&gt;&gt;</a>&nbsp;&nbsp;&nbsp;rt_set_errno
<LI><a href="#[b3]">&gt;&gt;</a>&nbsp;&nbsp;&nbsp;rt_kprintf
</UL>
<BR>[Called By]<UL><LI><a href="#[157]">&gt;&gt;</a>&nbsp;&nbsp;&nbsp;finsh_thread_entry
</UL>

<P><STRONG><a name="[d5]"></a>rt_device_write</STRONG> (Thumb, 90 bytes, Stack size 24 bytes, device.o(.text))
<BR><BR>[Stack]<UL><LI>Max Depth = 40 + In Cycle
<LI>Call Chain = rt_device_write &rArr;  rt_kprintf (Cycle)
</UL>
<BR>[Calls]<UL><LI><a href="#[d4]">&gt;&gt;</a>&nbsp;&nbsp;&nbsp;rt_set_errno
<LI><a href="#[b3]">&gt;&gt;</a>&nbsp;&nbsp;&nbsp;rt_kprintf
</UL>
<BR>[Called By]<UL><LI><a href="#[b3]">&gt;&gt;</a>&nbsp;&nbsp;&nbsp;rt_kprintf
</UL>

<P><STRONG><a name="[d6]"></a>rt_device_control</STRONG> (Thumb, 60 bytes, Stack size 24 bytes, device.o(.text), UNUSED)
<BR><BR>[Calls]<UL><LI><a href="#[b3]">&gt;&gt;</a>&nbsp;&nbsp;&nbsp;rt_kprintf
</UL>

<P><STRONG><a name="[d7]"></a>rt_device_set_rx_indicate</STRONG> (Thumb, 44 bytes, Stack size 16 bytes, device.o(.text))
<BR><BR>[Stack]<UL><LI>Max Depth = 192<LI>Call Chain = rt_device_set_rx_indicate &rArr; rt_kprintf &rArr; rt_vsnprintf &rArr; print_number
</UL>
<BR>[Calls]<UL><LI><a href="#[b3]">&gt;&gt;</a>&nbsp;&nbsp;&nbsp;rt_kprintf
</UL>
<BR>[Called By]<UL><LI><a href="#[157]">&gt;&gt;</a>&nbsp;&nbsp;&nbsp;finsh_thread_entry
<LI><a href="#[145]">&gt;&gt;</a>&nbsp;&nbsp;&nbsp;finsh_set_device
</UL>

<P><STRONG><a name="[d8]"></a>rt_device_set_tx_complete</STRONG> (Thumb, 44 bytes, Stack size 16 bytes, device.o(.text), UNUSED)
<BR><BR>[Calls]<UL><LI><a href="#[b3]">&gt;&gt;</a>&nbsp;&nbsp;&nbsp;rt_kprintf
</UL>

<P><STRONG><a name="[1e7]"></a>rt_thread_idle_sethook</STRONG> (Thumb, 6 bytes, Stack size 0 bytes, idle.o(.text), UNUSED)

<P><STRONG><a name="[d9]"></a>rt_thread_idle_excute</STRONG> (Thumb, 172 bytes, Stack size 24 bytes, idle.o(.text))
<BR><BR>[Stack]<UL><LI>Max Depth = 360<LI>Call Chain = rt_thread_idle_excute &rArr; rt_object_delete &rArr; rt_free &rArr; rt_sem_take &rArr; rt_schedule &rArr; _rt_scheduler_stack_check &rArr; list_thread &rArr; _list_thread &rArr; rt_kprintf &rArr; rt_vsnprintf &rArr; print_number
</UL>
<BR>[Calls]<UL><LI><a href="#[dc]">&gt;&gt;</a>&nbsp;&nbsp;&nbsp;rt_object_is_systemobject
<LI><a href="#[de]">&gt;&gt;</a>&nbsp;&nbsp;&nbsp;rt_object_delete
<LI><a href="#[da]">&gt;&gt;</a>&nbsp;&nbsp;&nbsp;rt_interrupt_get_nest
<LI><a href="#[dd]">&gt;&gt;</a>&nbsp;&nbsp;&nbsp;rt_free
<LI><a href="#[db]">&gt;&gt;</a>&nbsp;&nbsp;&nbsp;_has_defunct_thread
<LI><a href="#[a9]">&gt;&gt;</a>&nbsp;&nbsp;&nbsp;rt_hw_interrupt_enable
<LI><a href="#[b3]">&gt;&gt;</a>&nbsp;&nbsp;&nbsp;rt_kprintf
<LI><a href="#[a7]">&gt;&gt;</a>&nbsp;&nbsp;&nbsp;rt_hw_interrupt_disable
</UL>
<BR>[Called By]<UL><LI><a href="#[3f]">&gt;&gt;</a>&nbsp;&nbsp;&nbsp;rt_thread_idle_entry
</UL>

<P><STRONG><a name="[a5]"></a>rt_thread_idle_init</STRONG> (Thumb, 38 bytes, Stack size 24 bytes, idle.o(.text))
<BR><BR>[Stack]<UL><LI>Max Depth = 336<LI>Call Chain = rt_thread_idle_init &rArr; rt_thread_init &rArr; _rt_thread_init &rArr; rt_timer_init &rArr; rt_kprintf &rArr; rt_vsnprintf &rArr; print_number
</UL>
<BR>[Calls]<UL><LI><a href="#[df]">&gt;&gt;</a>&nbsp;&nbsp;&nbsp;rt_thread_init
<LI><a href="#[98]">&gt;&gt;</a>&nbsp;&nbsp;&nbsp;rt_thread_startup
</UL>
<BR>[Called By]<UL><LI><a href="#[9e]">&gt;&gt;</a>&nbsp;&nbsp;&nbsp;rtthread_startup
</UL>

<P><STRONG><a name="[c7]"></a>rt_sem_init</STRONG> (Thumb, 64 bytes, Stack size 24 bytes, ipc.o(.text))
<BR><BR>[Stack]<UL><LI>Max Depth = 200<LI>Call Chain = rt_sem_init &rArr; rt_kprintf &rArr; rt_vsnprintf &rArr; print_number
</UL>
<BR>[Calls]<UL><LI><a href="#[e6]">&gt;&gt;</a>&nbsp;&nbsp;&nbsp;rt_ipc_object_init
<LI><a href="#[ce]">&gt;&gt;</a>&nbsp;&nbsp;&nbsp;rt_object_init
<LI><a href="#[b3]">&gt;&gt;</a>&nbsp;&nbsp;&nbsp;rt_kprintf
</UL>
<BR>[Called By]<UL><LI><a href="#[a1]">&gt;&gt;</a>&nbsp;&nbsp;&nbsp;rt_system_heap_init
<LI><a href="#[9d]">&gt;&gt;</a>&nbsp;&nbsp;&nbsp;rt_memheap_init
<LI><a href="#[9c]">&gt;&gt;</a>&nbsp;&nbsp;&nbsp;rt_semaphore_init
<LI><a href="#[95]">&gt;&gt;</a>&nbsp;&nbsp;&nbsp;finsh_system_init
</UL>

<P><STRONG><a name="[e7]"></a>rt_sem_detach</STRONG> (Thumb, 52 bytes, Stack size 16 bytes, ipc.o(.text), UNUSED)
<BR><BR>[Calls]<UL><LI><a href="#[e3]">&gt;&gt;</a>&nbsp;&nbsp;&nbsp;rt_ipc_list_resume_all
<LI><a href="#[d0]">&gt;&gt;</a>&nbsp;&nbsp;&nbsp;rt_object_detach
<LI><a href="#[b3]">&gt;&gt;</a>&nbsp;&nbsp;&nbsp;rt_kprintf
</UL>

<P><STRONG><a name="[c8]"></a>rt_sem_create</STRONG> (Thumb, 102 bytes, Stack size 32 bytes, ipc.o(.text))
<BR><BR>[Stack]<UL><LI>Max Depth = 392<LI>Call Chain = rt_sem_create &rArr; rt_object_allocate &rArr; rt_malloc &rArr; rt_sem_take &rArr; rt_schedule &rArr; _rt_scheduler_stack_check &rArr; list_thread &rArr; _list_thread &rArr; rt_kprintf &rArr; rt_vsnprintf &rArr; print_number
</UL>
<BR>[Calls]<UL><LI><a href="#[e8]">&gt;&gt;</a>&nbsp;&nbsp;&nbsp;rt_object_allocate
<LI><a href="#[e6]">&gt;&gt;</a>&nbsp;&nbsp;&nbsp;rt_ipc_object_init
<LI><a href="#[da]">&gt;&gt;</a>&nbsp;&nbsp;&nbsp;rt_interrupt_get_nest
<LI><a href="#[a9]">&gt;&gt;</a>&nbsp;&nbsp;&nbsp;rt_hw_interrupt_enable
<LI><a href="#[b3]">&gt;&gt;</a>&nbsp;&nbsp;&nbsp;rt_kprintf
<LI><a href="#[a7]">&gt;&gt;</a>&nbsp;&nbsp;&nbsp;rt_hw_interrupt_disable
</UL>
<BR>[Called By]<UL><LI><a href="#[9c]">&gt;&gt;</a>&nbsp;&nbsp;&nbsp;rt_semaphore_init
</UL>

<P><STRONG><a name="[e9]"></a>rt_sem_delete</STRONG> (Thumb, 114 bytes, Stack size 16 bytes, ipc.o(.text), UNUSED)
<BR><BR>[Calls]<UL><LI><a href="#[e3]">&gt;&gt;</a>&nbsp;&nbsp;&nbsp;rt_ipc_list_resume_all
<LI><a href="#[de]">&gt;&gt;</a>&nbsp;&nbsp;&nbsp;rt_object_delete
<LI><a href="#[da]">&gt;&gt;</a>&nbsp;&nbsp;&nbsp;rt_interrupt_get_nest
<LI><a href="#[a9]">&gt;&gt;</a>&nbsp;&nbsp;&nbsp;rt_hw_interrupt_enable
<LI><a href="#[b3]">&gt;&gt;</a>&nbsp;&nbsp;&nbsp;rt_kprintf
<LI><a href="#[a7]">&gt;&gt;</a>&nbsp;&nbsp;&nbsp;rt_hw_interrupt_disable
</UL>

<P><STRONG><a name="[c5]"></a>rt_sem_take</STRONG> (Thumb, 324 bytes, Stack size 40 bytes, ipc.o(.text))
<BR><BR>[Stack]<UL><LI>Max Depth = 296<LI>Call Chain = rt_sem_take &rArr; rt_schedule &rArr; _rt_scheduler_stack_check &rArr; list_thread &rArr; _list_thread &rArr; rt_kprintf &rArr; rt_vsnprintf &rArr; print_number
</UL>
<BR>[Calls]<UL><LI><a href="#[eb]">&gt;&gt;</a>&nbsp;&nbsp;&nbsp;rt_timer_start
<LI><a href="#[ea]">&gt;&gt;</a>&nbsp;&nbsp;&nbsp;rt_timer_control
<LI><a href="#[ec]">&gt;&gt;</a>&nbsp;&nbsp;&nbsp;rt_schedule
<LI><a href="#[e0]">&gt;&gt;</a>&nbsp;&nbsp;&nbsp;rt_ipc_list_suspend
<LI><a href="#[da]">&gt;&gt;</a>&nbsp;&nbsp;&nbsp;rt_interrupt_get_nest
<LI><a href="#[ca]">&gt;&gt;</a>&nbsp;&nbsp;&nbsp;rt_thread_self
<LI><a href="#[a9]">&gt;&gt;</a>&nbsp;&nbsp;&nbsp;rt_hw_interrupt_enable
<LI><a href="#[b3]">&gt;&gt;</a>&nbsp;&nbsp;&nbsp;rt_kprintf
<LI><a href="#[a7]">&gt;&gt;</a>&nbsp;&nbsp;&nbsp;rt_hw_interrupt_disable
</UL>
<BR>[Called By]<UL><LI><a href="#[11d]">&gt;&gt;</a>&nbsp;&nbsp;&nbsp;rt_memheap_realloc
<LI><a href="#[11c]">&gt;&gt;</a>&nbsp;&nbsp;&nbsp;rt_memheap_free
<LI><a href="#[11b]">&gt;&gt;</a>&nbsp;&nbsp;&nbsp;rt_memheap_alloc
<LI><a href="#[118]">&gt;&gt;</a>&nbsp;&nbsp;&nbsp;rt_realloc
<LI><a href="#[fe]">&gt;&gt;</a>&nbsp;&nbsp;&nbsp;rt_malloc
<LI><a href="#[ed]">&gt;&gt;</a>&nbsp;&nbsp;&nbsp;rt_sem_trytake
<LI><a href="#[dd]">&gt;&gt;</a>&nbsp;&nbsp;&nbsp;rt_free
<LI><a href="#[3e]">&gt;&gt;</a>&nbsp;&nbsp;&nbsp;sem_thread1_entry
<LI><a href="#[157]">&gt;&gt;</a>&nbsp;&nbsp;&nbsp;finsh_thread_entry
</UL>

<P><STRONG><a name="[ed]"></a>rt_sem_trytake</STRONG> (Thumb, 14 bytes, Stack size 8 bytes, ipc.o(.text), UNUSED)
<BR><BR>[Calls]<UL><LI><a href="#[c5]">&gt;&gt;</a>&nbsp;&nbsp;&nbsp;rt_sem_take
</UL>

<P><STRONG><a name="[c6]"></a>rt_sem_release</STRONG> (Thumb, 80 bytes, Stack size 16 bytes, ipc.o(.text))
<BR><BR>[Stack]<UL><LI>Max Depth = 272<LI>Call Chain = rt_sem_release &rArr; rt_schedule &rArr; _rt_scheduler_stack_check &rArr; list_thread &rArr; _list_thread &rArr; rt_kprintf &rArr; rt_vsnprintf &rArr; print_number
</UL>
<BR>[Calls]<UL><LI><a href="#[ec]">&gt;&gt;</a>&nbsp;&nbsp;&nbsp;rt_schedule
<LI><a href="#[ee]">&gt;&gt;</a>&nbsp;&nbsp;&nbsp;rt_ipc_list_resume
<LI><a href="#[e5]">&gt;&gt;</a>&nbsp;&nbsp;&nbsp;rt_list_isempty
<LI><a href="#[a9]">&gt;&gt;</a>&nbsp;&nbsp;&nbsp;rt_hw_interrupt_enable
<LI><a href="#[a7]">&gt;&gt;</a>&nbsp;&nbsp;&nbsp;rt_hw_interrupt_disable
</UL>
<BR>[Called By]<UL><LI><a href="#[11d]">&gt;&gt;</a>&nbsp;&nbsp;&nbsp;rt_memheap_realloc
<LI><a href="#[11c]">&gt;&gt;</a>&nbsp;&nbsp;&nbsp;rt_memheap_free
<LI><a href="#[11b]">&gt;&gt;</a>&nbsp;&nbsp;&nbsp;rt_memheap_alloc
<LI><a href="#[118]">&gt;&gt;</a>&nbsp;&nbsp;&nbsp;rt_realloc
<LI><a href="#[fe]">&gt;&gt;</a>&nbsp;&nbsp;&nbsp;rt_malloc
<LI><a href="#[dd]">&gt;&gt;</a>&nbsp;&nbsp;&nbsp;rt_free
<LI><a href="#[3e]">&gt;&gt;</a>&nbsp;&nbsp;&nbsp;sem_thread1_entry
<LI><a href="#[41]">&gt;&gt;</a>&nbsp;&nbsp;&nbsp;finsh_rx_ind
</UL>

<P><STRONG><a name="[ef]"></a>rt_sem_control</STRONG> (Thumb, 86 bytes, Stack size 32 bytes, ipc.o(.text), UNUSED)
<BR><BR>[Calls]<UL><LI><a href="#[ec]">&gt;&gt;</a>&nbsp;&nbsp;&nbsp;rt_schedule
<LI><a href="#[e3]">&gt;&gt;</a>&nbsp;&nbsp;&nbsp;rt_ipc_list_resume_all
<LI><a href="#[a9]">&gt;&gt;</a>&nbsp;&nbsp;&nbsp;rt_hw_interrupt_enable
<LI><a href="#[b3]">&gt;&gt;</a>&nbsp;&nbsp;&nbsp;rt_kprintf
<LI><a href="#[a7]">&gt;&gt;</a>&nbsp;&nbsp;&nbsp;rt_hw_interrupt_disable
</UL>

<P><STRONG><a name="[f0]"></a>rt_mutex_init</STRONG> (Thumb, 76 bytes, Stack size 24 bytes, ipc.o(.text), UNUSED)
<BR><BR>[Calls]<UL><LI><a href="#[e6]">&gt;&gt;</a>&nbsp;&nbsp;&nbsp;rt_ipc_object_init
<LI><a href="#[ce]">&gt;&gt;</a>&nbsp;&nbsp;&nbsp;rt_object_init
<LI><a href="#[b3]">&gt;&gt;</a>&nbsp;&nbsp;&nbsp;rt_kprintf
</UL>

<P><STRONG><a name="[f1]"></a>rt_mutex_detach</STRONG> (Thumb, 54 bytes, Stack size 16 bytes, ipc.o(.text), UNUSED)
<BR><BR>[Calls]<UL><LI><a href="#[e3]">&gt;&gt;</a>&nbsp;&nbsp;&nbsp;rt_ipc_list_resume_all
<LI><a href="#[d0]">&gt;&gt;</a>&nbsp;&nbsp;&nbsp;rt_object_detach
<LI><a href="#[b3]">&gt;&gt;</a>&nbsp;&nbsp;&nbsp;rt_kprintf
</UL>

<P><STRONG><a name="[f2]"></a>rt_mutex_create</STRONG> (Thumb, 328 bytes, Stack size 24 bytes, ipc.o(.text), UNUSED)
<BR><BR>[Calls]<UL><LI><a href="#[e8]">&gt;&gt;</a>&nbsp;&nbsp;&nbsp;rt_object_allocate
<LI><a href="#[e6]">&gt;&gt;</a>&nbsp;&nbsp;&nbsp;rt_ipc_object_init
<LI><a href="#[da]">&gt;&gt;</a>&nbsp;&nbsp;&nbsp;rt_interrupt_get_nest
<LI><a href="#[a9]">&gt;&gt;</a>&nbsp;&nbsp;&nbsp;rt_hw_interrupt_enable
<LI><a href="#[b3]">&gt;&gt;</a>&nbsp;&nbsp;&nbsp;rt_kprintf
<LI><a href="#[a7]">&gt;&gt;</a>&nbsp;&nbsp;&nbsp;rt_hw_interrupt_disable
</UL>

<P><STRONG><a name="[f3]"></a>rt_mutex_delete</STRONG> (Thumb, 124 bytes, Stack size 16 bytes, ipc.o(.text), UNUSED)
<BR><BR>[Calls]<UL><LI><a href="#[e3]">&gt;&gt;</a>&nbsp;&nbsp;&nbsp;rt_ipc_list_resume_all
<LI><a href="#[de]">&gt;&gt;</a>&nbsp;&nbsp;&nbsp;rt_object_delete
<LI><a href="#[da]">&gt;&gt;</a>&nbsp;&nbsp;&nbsp;rt_interrupt_get_nest
<LI><a href="#[a9]">&gt;&gt;</a>&nbsp;&nbsp;&nbsp;rt_hw_interrupt_enable
<LI><a href="#[b3]">&gt;&gt;</a>&nbsp;&nbsp;&nbsp;rt_kprintf
<LI><a href="#[a7]">&gt;&gt;</a>&nbsp;&nbsp;&nbsp;rt_hw_interrupt_disable
</UL>

<P><STRONG><a name="[f4]"></a>rt_mutex_take</STRONG> (Thumb, 408 bytes, Stack size 40 bytes, ipc.o(.text), UNUSED)
<BR><BR>[Calls]<UL><LI><a href="#[eb]">&gt;&gt;</a>&nbsp;&nbsp;&nbsp;rt_timer_start
<LI><a href="#[ea]">&gt;&gt;</a>&nbsp;&nbsp;&nbsp;rt_timer_control
<LI><a href="#[f5]">&gt;&gt;</a>&nbsp;&nbsp;&nbsp;rt_thread_control
<LI><a href="#[ec]">&gt;&gt;</a>&nbsp;&nbsp;&nbsp;rt_schedule
<LI><a href="#[e0]">&gt;&gt;</a>&nbsp;&nbsp;&nbsp;rt_ipc_list_suspend
<LI><a href="#[da]">&gt;&gt;</a>&nbsp;&nbsp;&nbsp;rt_interrupt_get_nest
<LI><a href="#[ca]">&gt;&gt;</a>&nbsp;&nbsp;&nbsp;rt_thread_self
<LI><a href="#[a9]">&gt;&gt;</a>&nbsp;&nbsp;&nbsp;rt_hw_interrupt_enable
<LI><a href="#[b3]">&gt;&gt;</a>&nbsp;&nbsp;&nbsp;rt_kprintf
<LI><a href="#[a7]">&gt;&gt;</a>&nbsp;&nbsp;&nbsp;rt_hw_interrupt_disable
</UL>

<P><STRONG><a name="[f6]"></a>rt_mutex_release</STRONG> (Thumb, 314 bytes, Stack size 32 bytes, ipc.o(.text), UNUSED)
<BR><BR>[Calls]<UL><LI><a href="#[f5]">&gt;&gt;</a>&nbsp;&nbsp;&nbsp;rt_thread_control
<LI><a href="#[ec]">&gt;&gt;</a>&nbsp;&nbsp;&nbsp;rt_schedule
<LI><a href="#[ee]">&gt;&gt;</a>&nbsp;&nbsp;&nbsp;rt_ipc_list_resume
<LI><a href="#[e5]">&gt;&gt;</a>&nbsp;&nbsp;&nbsp;rt_list_isempty
<LI><a href="#[da]">&gt;&gt;</a>&nbsp;&nbsp;&nbsp;rt_interrupt_get_nest
<LI><a href="#[ca]">&gt;&gt;</a>&nbsp;&nbsp;&nbsp;rt_thread_self
<LI><a href="#[a9]">&gt;&gt;</a>&nbsp;&nbsp;&nbsp;rt_hw_interrupt_enable
<LI><a href="#[b3]">&gt;&gt;</a>&nbsp;&nbsp;&nbsp;rt_kprintf
<LI><a href="#[a7]">&gt;&gt;</a>&nbsp;&nbsp;&nbsp;rt_hw_interrupt_disable
</UL>

<P><STRONG><a name="[1e8]"></a>rt_mutex_control</STRONG> (Thumb, 8 bytes, Stack size 0 bytes, ipc.o(.text), UNUSED)

<P><STRONG><a name="[b4]"></a>rt_event_init</STRONG> (Thumb, 66 bytes, Stack size 24 bytes, ipc.o(.text))
<BR><BR>[Stack]<UL><LI>Max Depth = 200<LI>Call Chain = rt_event_init &rArr; rt_kprintf &rArr; rt_vsnprintf &rArr; print_number
</UL>
<BR>[Calls]<UL><LI><a href="#[e6]">&gt;&gt;</a>&nbsp;&nbsp;&nbsp;rt_ipc_object_init
<LI><a href="#[ce]">&gt;&gt;</a>&nbsp;&nbsp;&nbsp;rt_object_init
<LI><a href="#[b3]">&gt;&gt;</a>&nbsp;&nbsp;&nbsp;rt_kprintf
</UL>
<BR>[Called By]<UL><LI><a href="#[30]">&gt;&gt;</a>&nbsp;&nbsp;&nbsp;rt_btn_init
</UL>

<P><STRONG><a name="[f7]"></a>rt_event_detach</STRONG> (Thumb, 56 bytes, Stack size 16 bytes, ipc.o(.text), UNUSED)
<BR><BR>[Calls]<UL><LI><a href="#[e3]">&gt;&gt;</a>&nbsp;&nbsp;&nbsp;rt_ipc_list_resume_all
<LI><a href="#[d0]">&gt;&gt;</a>&nbsp;&nbsp;&nbsp;rt_object_detach
<LI><a href="#[b3]">&gt;&gt;</a>&nbsp;&nbsp;&nbsp;rt_kprintf
</UL>

<P><STRONG><a name="[f8]"></a>rt_event_create</STRONG> (Thumb, 164 bytes, Stack size 24 bytes, ipc.o(.text), UNUSED)
<BR><BR>[Calls]<UL><LI><a href="#[e8]">&gt;&gt;</a>&nbsp;&nbsp;&nbsp;rt_object_allocate
<LI><a href="#[e6]">&gt;&gt;</a>&nbsp;&nbsp;&nbsp;rt_ipc_object_init
<LI><a href="#[da]">&gt;&gt;</a>&nbsp;&nbsp;&nbsp;rt_interrupt_get_nest
<LI><a href="#[a9]">&gt;&gt;</a>&nbsp;&nbsp;&nbsp;rt_hw_interrupt_enable
<LI><a href="#[b3]">&gt;&gt;</a>&nbsp;&nbsp;&nbsp;rt_kprintf
<LI><a href="#[a7]">&gt;&gt;</a>&nbsp;&nbsp;&nbsp;rt_hw_interrupt_disable
</UL>

<P><STRONG><a name="[f9]"></a>rt_event_delete</STRONG> (Thumb, 124 bytes, Stack size 16 bytes, ipc.o(.text), UNUSED)
<BR><BR>[Calls]<UL><LI><a href="#[e3]">&gt;&gt;</a>&nbsp;&nbsp;&nbsp;rt_ipc_list_resume_all
<LI><a href="#[de]">&gt;&gt;</a>&nbsp;&nbsp;&nbsp;rt_object_delete
<LI><a href="#[da]">&gt;&gt;</a>&nbsp;&nbsp;&nbsp;rt_interrupt_get_nest
<LI><a href="#[a9]">&gt;&gt;</a>&nbsp;&nbsp;&nbsp;rt_hw_interrupt_enable
<LI><a href="#[b3]">&gt;&gt;</a>&nbsp;&nbsp;&nbsp;rt_kprintf
<LI><a href="#[a7]">&gt;&gt;</a>&nbsp;&nbsp;&nbsp;rt_hw_interrupt_disable
</UL>

<P><STRONG><a name="[b2]"></a>rt_event_send</STRONG> (Thumb, 232 bytes, Stack size 40 bytes, ipc.o(.text))
<BR><BR>[Stack]<UL><LI>Max Depth = 296<LI>Call Chain = rt_event_send &rArr; rt_schedule &rArr; _rt_scheduler_stack_check &rArr; list_thread &rArr; _list_thread &rArr; rt_kprintf &rArr; rt_vsnprintf &rArr; print_number
</UL>
<BR>[Calls]<UL><LI><a href="#[e4]">&gt;&gt;</a>&nbsp;&nbsp;&nbsp;rt_thread_resume
<LI><a href="#[ec]">&gt;&gt;</a>&nbsp;&nbsp;&nbsp;rt_schedule
<LI><a href="#[e5]">&gt;&gt;</a>&nbsp;&nbsp;&nbsp;rt_list_isempty
<LI><a href="#[a9]">&gt;&gt;</a>&nbsp;&nbsp;&nbsp;rt_hw_interrupt_enable
<LI><a href="#[b3]">&gt;&gt;</a>&nbsp;&nbsp;&nbsp;rt_kprintf
<LI><a href="#[a7]">&gt;&gt;</a>&nbsp;&nbsp;&nbsp;rt_hw_interrupt_disable
</UL>
<BR>[Called By]<UL><LI><a href="#[22]">&gt;&gt;</a>&nbsp;&nbsp;&nbsp;EINT3_IRQHandler
</UL>

<P><STRONG><a name="[b9]"></a>rt_event_recv</STRONG> (Thumb, 450 bytes, Stack size 64 bytes, ipc.o(.text))
<BR><BR>[Stack]<UL><LI>Max Depth = 320<LI>Call Chain = rt_event_recv &rArr; rt_schedule &rArr; _rt_scheduler_stack_check &rArr; list_thread &rArr; _list_thread &rArr; rt_kprintf &rArr; rt_vsnprintf &rArr; print_number
</UL>
<BR>[Calls]<UL><LI><a href="#[eb]">&gt;&gt;</a>&nbsp;&nbsp;&nbsp;rt_timer_start
<LI><a href="#[ea]">&gt;&gt;</a>&nbsp;&nbsp;&nbsp;rt_timer_control
<LI><a href="#[ec]">&gt;&gt;</a>&nbsp;&nbsp;&nbsp;rt_schedule
<LI><a href="#[e0]">&gt;&gt;</a>&nbsp;&nbsp;&nbsp;rt_ipc_list_suspend
<LI><a href="#[da]">&gt;&gt;</a>&nbsp;&nbsp;&nbsp;rt_interrupt_get_nest
<LI><a href="#[ca]">&gt;&gt;</a>&nbsp;&nbsp;&nbsp;rt_thread_self
<LI><a href="#[a9]">&gt;&gt;</a>&nbsp;&nbsp;&nbsp;rt_hw_interrupt_enable
<LI><a href="#[b3]">&gt;&gt;</a>&nbsp;&nbsp;&nbsp;rt_kprintf
<LI><a href="#[a7]">&gt;&gt;</a>&nbsp;&nbsp;&nbsp;rt_hw_interrupt_disable
</UL>
<BR>[Called By]<UL><LI><a href="#[38]">&gt;&gt;</a>&nbsp;&nbsp;&nbsp;btn_thread_entry
</UL>

<P><STRONG><a name="[fa]"></a>rt_event_control</STRONG> (Thumb, 86 bytes, Stack size 24 bytes, ipc.o(.text), UNUSED)
<BR><BR>[Calls]<UL><LI><a href="#[ec]">&gt;&gt;</a>&nbsp;&nbsp;&nbsp;rt_schedule
<LI><a href="#[e3]">&gt;&gt;</a>&nbsp;&nbsp;&nbsp;rt_ipc_list_resume_all
<LI><a href="#[a9]">&gt;&gt;</a>&nbsp;&nbsp;&nbsp;rt_hw_interrupt_enable
<LI><a href="#[b3]">&gt;&gt;</a>&nbsp;&nbsp;&nbsp;rt_kprintf
<LI><a href="#[a7]">&gt;&gt;</a>&nbsp;&nbsp;&nbsp;rt_hw_interrupt_disable
</UL>

<P><STRONG><a name="[c0]"></a>rt_mb_init</STRONG> (Thumb, 96 bytes, Stack size 32 bytes, ipc.o(.text))
<BR><BR>[Stack]<UL><LI>Max Depth = 208<LI>Call Chain = rt_mb_init &rArr; rt_kprintf &rArr; rt_vsnprintf &rArr; print_number
</UL>
<BR>[Calls]<UL><LI><a href="#[e6]">&gt;&gt;</a>&nbsp;&nbsp;&nbsp;rt_ipc_object_init
<LI><a href="#[fb]">&gt;&gt;</a>&nbsp;&nbsp;&nbsp;rt_list_init
<LI><a href="#[ce]">&gt;&gt;</a>&nbsp;&nbsp;&nbsp;rt_object_init
<LI><a href="#[b3]">&gt;&gt;</a>&nbsp;&nbsp;&nbsp;rt_kprintf
</UL>
<BR>[Called By]<UL><LI><a href="#[9a]">&gt;&gt;</a>&nbsp;&nbsp;&nbsp;rt_mailbox_init
</UL>

<P><STRONG><a name="[fc]"></a>rt_mb_detach</STRONG> (Thumb, 120 bytes, Stack size 16 bytes, ipc.o(.text), UNUSED)
<BR><BR>[Calls]<UL><LI><a href="#[e3]">&gt;&gt;</a>&nbsp;&nbsp;&nbsp;rt_ipc_list_resume_all
<LI><a href="#[d0]">&gt;&gt;</a>&nbsp;&nbsp;&nbsp;rt_object_detach
<LI><a href="#[b3]">&gt;&gt;</a>&nbsp;&nbsp;&nbsp;rt_kprintf
</UL>

<P><STRONG><a name="[fd]"></a>rt_mb_create</STRONG> (Thumb, 148 bytes, Stack size 32 bytes, ipc.o(.text), UNUSED)
<BR><BR>[Calls]<UL><LI><a href="#[e8]">&gt;&gt;</a>&nbsp;&nbsp;&nbsp;rt_object_allocate
<LI><a href="#[fe]">&gt;&gt;</a>&nbsp;&nbsp;&nbsp;rt_malloc
<LI><a href="#[e6]">&gt;&gt;</a>&nbsp;&nbsp;&nbsp;rt_ipc_object_init
<LI><a href="#[fb]">&gt;&gt;</a>&nbsp;&nbsp;&nbsp;rt_list_init
<LI><a href="#[de]">&gt;&gt;</a>&nbsp;&nbsp;&nbsp;rt_object_delete
<LI><a href="#[da]">&gt;&gt;</a>&nbsp;&nbsp;&nbsp;rt_interrupt_get_nest
<LI><a href="#[a9]">&gt;&gt;</a>&nbsp;&nbsp;&nbsp;rt_hw_interrupt_enable
<LI><a href="#[b3]">&gt;&gt;</a>&nbsp;&nbsp;&nbsp;rt_kprintf
<LI><a href="#[a7]">&gt;&gt;</a>&nbsp;&nbsp;&nbsp;rt_hw_interrupt_disable
</UL>

<P><STRONG><a name="[ff]"></a>rt_mb_delete</STRONG> (Thumb, 138 bytes, Stack size 16 bytes, ipc.o(.text), UNUSED)
<BR><BR>[Calls]<UL><LI><a href="#[e3]">&gt;&gt;</a>&nbsp;&nbsp;&nbsp;rt_ipc_list_resume_all
<LI><a href="#[de]">&gt;&gt;</a>&nbsp;&nbsp;&nbsp;rt_object_delete
<LI><a href="#[da]">&gt;&gt;</a>&nbsp;&nbsp;&nbsp;rt_interrupt_get_nest
<LI><a href="#[dd]">&gt;&gt;</a>&nbsp;&nbsp;&nbsp;rt_free
<LI><a href="#[a9]">&gt;&gt;</a>&nbsp;&nbsp;&nbsp;rt_hw_interrupt_enable
<LI><a href="#[b3]">&gt;&gt;</a>&nbsp;&nbsp;&nbsp;rt_kprintf
<LI><a href="#[a7]">&gt;&gt;</a>&nbsp;&nbsp;&nbsp;rt_hw_interrupt_disable
</UL>

<P><STRONG><a name="[100]"></a>rt_mb_send_wait</STRONG> (Thumb, 444 bytes, Stack size 48 bytes, ipc.o(.text))
<BR><BR>[Stack]<UL><LI>Max Depth = 304<LI>Call Chain = rt_mb_send_wait &rArr; rt_schedule &rArr; _rt_scheduler_stack_check &rArr; list_thread &rArr; _list_thread &rArr; rt_kprintf &rArr; rt_vsnprintf &rArr; print_number
</UL>
<BR>[Calls]<UL><LI><a href="#[eb]">&gt;&gt;</a>&nbsp;&nbsp;&nbsp;rt_timer_start
<LI><a href="#[ea]">&gt;&gt;</a>&nbsp;&nbsp;&nbsp;rt_timer_control
<LI><a href="#[ec]">&gt;&gt;</a>&nbsp;&nbsp;&nbsp;rt_schedule
<LI><a href="#[ee]">&gt;&gt;</a>&nbsp;&nbsp;&nbsp;rt_ipc_list_resume
<LI><a href="#[e5]">&gt;&gt;</a>&nbsp;&nbsp;&nbsp;rt_list_isempty
<LI><a href="#[e0]">&gt;&gt;</a>&nbsp;&nbsp;&nbsp;rt_ipc_list_suspend
<LI><a href="#[da]">&gt;&gt;</a>&nbsp;&nbsp;&nbsp;rt_interrupt_get_nest
<LI><a href="#[ca]">&gt;&gt;</a>&nbsp;&nbsp;&nbsp;rt_thread_self
<LI><a href="#[101]">&gt;&gt;</a>&nbsp;&nbsp;&nbsp;rt_tick_get
<LI><a href="#[a9]">&gt;&gt;</a>&nbsp;&nbsp;&nbsp;rt_hw_interrupt_enable
<LI><a href="#[b3]">&gt;&gt;</a>&nbsp;&nbsp;&nbsp;rt_kprintf
<LI><a href="#[a7]">&gt;&gt;</a>&nbsp;&nbsp;&nbsp;rt_hw_interrupt_disable
</UL>
<BR>[Called By]<UL><LI><a href="#[ba]">&gt;&gt;</a>&nbsp;&nbsp;&nbsp;rt_mb_send
</UL>

<P><STRONG><a name="[ba]"></a>rt_mb_send</STRONG> (Thumb, 18 bytes, Stack size 16 bytes, ipc.o(.text))
<BR><BR>[Stack]<UL><LI>Max Depth = 320<LI>Call Chain = rt_mb_send &rArr; rt_mb_send_wait &rArr; rt_schedule &rArr; _rt_scheduler_stack_check &rArr; list_thread &rArr; _list_thread &rArr; rt_kprintf &rArr; rt_vsnprintf &rArr; print_number
</UL>
<BR>[Calls]<UL><LI><a href="#[100]">&gt;&gt;</a>&nbsp;&nbsp;&nbsp;rt_mb_send_wait
</UL>
<BR>[Called By]<UL><LI><a href="#[3a]">&gt;&gt;</a>&nbsp;&nbsp;&nbsp;mailbox_thread2_entry
<LI><a href="#[38]">&gt;&gt;</a>&nbsp;&nbsp;&nbsp;btn_thread_entry
</UL>

<P><STRONG><a name="[bf]"></a>rt_mb_recv</STRONG> (Thumb, 506 bytes, Stack size 48 bytes, ipc.o(.text))
<BR><BR>[Stack]<UL><LI>Max Depth = 304<LI>Call Chain = rt_mb_recv &rArr; rt_schedule &rArr; _rt_scheduler_stack_check &rArr; list_thread &rArr; _list_thread &rArr; rt_kprintf &rArr; rt_vsnprintf &rArr; print_number
</UL>
<BR>[Calls]<UL><LI><a href="#[eb]">&gt;&gt;</a>&nbsp;&nbsp;&nbsp;rt_timer_start
<LI><a href="#[ea]">&gt;&gt;</a>&nbsp;&nbsp;&nbsp;rt_timer_control
<LI><a href="#[ec]">&gt;&gt;</a>&nbsp;&nbsp;&nbsp;rt_schedule
<LI><a href="#[ee]">&gt;&gt;</a>&nbsp;&nbsp;&nbsp;rt_ipc_list_resume
<LI><a href="#[e5]">&gt;&gt;</a>&nbsp;&nbsp;&nbsp;rt_list_isempty
<LI><a href="#[e0]">&gt;&gt;</a>&nbsp;&nbsp;&nbsp;rt_ipc_list_suspend
<LI><a href="#[da]">&gt;&gt;</a>&nbsp;&nbsp;&nbsp;rt_interrupt_get_nest
<LI><a href="#[ca]">&gt;&gt;</a>&nbsp;&nbsp;&nbsp;rt_thread_self
<LI><a href="#[101]">&gt;&gt;</a>&nbsp;&nbsp;&nbsp;rt_tick_get
<LI><a href="#[a9]">&gt;&gt;</a>&nbsp;&nbsp;&nbsp;rt_hw_interrupt_enable
<LI><a href="#[b3]">&gt;&gt;</a>&nbsp;&nbsp;&nbsp;rt_kprintf
<LI><a href="#[a7]">&gt;&gt;</a>&nbsp;&nbsp;&nbsp;rt_hw_interrupt_disable
</UL>
<BR>[Called By]<UL><LI><a href="#[39]">&gt;&gt;</a>&nbsp;&nbsp;&nbsp;mailbox_thread1_entry
</UL>

<P><STRONG><a name="[102]"></a>rt_mb_control</STRONG> (Thumb, 98 bytes, Stack size 24 bytes, ipc.o(.text), UNUSED)
<BR><BR>[Calls]<UL><LI><a href="#[ec]">&gt;&gt;</a>&nbsp;&nbsp;&nbsp;rt_schedule
<LI><a href="#[e3]">&gt;&gt;</a>&nbsp;&nbsp;&nbsp;rt_ipc_list_resume_all
<LI><a href="#[a9]">&gt;&gt;</a>&nbsp;&nbsp;&nbsp;rt_hw_interrupt_enable
<LI><a href="#[b3]">&gt;&gt;</a>&nbsp;&nbsp;&nbsp;rt_kprintf
<LI><a href="#[a7]">&gt;&gt;</a>&nbsp;&nbsp;&nbsp;rt_hw_interrupt_disable
</UL>

<P><STRONG><a name="[c4]"></a>rt_mq_init</STRONG> (Thumb, 138 bytes, Stack size 40 bytes, ipc.o(.text))
<BR><BR>[Stack]<UL><LI>Max Depth = 216<LI>Call Chain = rt_mq_init &rArr; rt_kprintf &rArr; rt_vsnprintf &rArr; print_number
</UL>
<BR>[Calls]<UL><LI><a href="#[e6]">&gt;&gt;</a>&nbsp;&nbsp;&nbsp;rt_ipc_object_init
<LI><a href="#[ce]">&gt;&gt;</a>&nbsp;&nbsp;&nbsp;rt_object_init
<LI><a href="#[b3]">&gt;&gt;</a>&nbsp;&nbsp;&nbsp;rt_kprintf
</UL>
<BR>[Called By]<UL><LI><a href="#[9b]">&gt;&gt;</a>&nbsp;&nbsp;&nbsp;rt_messagequeue_init
</UL>

<P><STRONG><a name="[103]"></a>rt_mq_detach</STRONG> (Thumb, 56 bytes, Stack size 16 bytes, ipc.o(.text), UNUSED)
<BR><BR>[Calls]<UL><LI><a href="#[e3]">&gt;&gt;</a>&nbsp;&nbsp;&nbsp;rt_ipc_list_resume_all
<LI><a href="#[d0]">&gt;&gt;</a>&nbsp;&nbsp;&nbsp;rt_object_detach
<LI><a href="#[b3]">&gt;&gt;</a>&nbsp;&nbsp;&nbsp;rt_kprintf
</UL>

<P><STRONG><a name="[104]"></a>rt_mq_delete</STRONG> (Thumb, 126 bytes, Stack size 16 bytes, ipc.o(.text), UNUSED)
<BR><BR>[Calls]<UL><LI><a href="#[e3]">&gt;&gt;</a>&nbsp;&nbsp;&nbsp;rt_ipc_list_resume_all
<LI><a href="#[de]">&gt;&gt;</a>&nbsp;&nbsp;&nbsp;rt_object_delete
<LI><a href="#[da]">&gt;&gt;</a>&nbsp;&nbsp;&nbsp;rt_interrupt_get_nest
<LI><a href="#[dd]">&gt;&gt;</a>&nbsp;&nbsp;&nbsp;rt_free
[...]
<LI><a href="#[173]">&gt;&gt;</a>&nbsp;&nbsp;&nbsp;finsh_heap_free
</UL>

<P><STRONG><a name="[179]"></a>finsh_block_split</STRONG> (Thumb, 24 bytes, Stack size 0 bytes, finsh_heap.o(.text))
<BR><BR>[Called By]<UL><LI><a href="#[178]">&gt;&gt;</a>&nbsp;&nbsp;&nbsp;finsh_heap_allocate
</UL>

<P><STRONG><a name="[176]"></a>finsh_block_merge</STRONG> (Thumb, 124 bytes, Stack size 12 bytes, finsh_heap.o(.text))
<BR><BR>[Stack]<UL><LI>Max Depth = 12<LI>Call Chain = finsh_block_merge
</UL>
<BR>[Called By]<UL><LI><a href="#[173]">&gt;&gt;</a>&nbsp;&nbsp;&nbsp;finsh_heap_free
</UL>

<P><STRONG><a name="[177]"></a>finsh_heap_gc</STRONG> (Thumb, 78 bytes, Stack size 16 bytes, finsh_heap.o(.text))
<BR><BR>[Stack]<UL><LI>Max Depth = 44<LI>Call Chain = finsh_heap_gc &rArr; finsh_heap_free &rArr; finsh_block_merge
</UL>
<BR>[Calls]<UL><LI><a href="#[173]">&gt;&gt;</a>&nbsp;&nbsp;&nbsp;finsh_heap_free
</UL>
<BR>[Called By]<UL><LI><a href="#[178]">&gt;&gt;</a>&nbsp;&nbsp;&nbsp;finsh_heap_allocate
</UL>

<P><STRONG><a name="[18a]"></a>make_sys_node</STRONG> (Thumb, 40 bytes, Stack size 24 bytes, finsh_parser.o(.text))
<BR><BR>[Stack]<UL><LI>Max Depth = 24<LI>Call Chain = make_sys_node
</UL>
<BR>[Calls]<UL><LI><a href="#[183]">&gt;&gt;</a>&nbsp;&nbsp;&nbsp;finsh_node_allocate
<LI><a href="#[170]">&gt;&gt;</a>&nbsp;&nbsp;&nbsp;finsh_error_set
</UL>
<BR>[Called By]<UL><LI><a href="#[19b]">&gt;&gt;</a>&nbsp;&nbsp;&nbsp;proc_variable_decl
<LI><a href="#[18c]">&gt;&gt;</a>&nbsp;&nbsp;&nbsp;proc_assign_expr
<LI><a href="#[19a]">&gt;&gt;</a>&nbsp;&nbsp;&nbsp;proc_inclusive_or_expr
<LI><a href="#[199]">&gt;&gt;</a>&nbsp;&nbsp;&nbsp;proc_exclusive_or_expr
<LI><a href="#[198]">&gt;&gt;</a>&nbsp;&nbsp;&nbsp;proc_and_expr
<LI><a href="#[197]">&gt;&gt;</a>&nbsp;&nbsp;&nbsp;proc_shift_expr
<LI><a href="#[196]">&gt;&gt;</a>&nbsp;&nbsp;&nbsp;proc_additive_expr
<LI><a href="#[195]">&gt;&gt;</a>&nbsp;&nbsp;&nbsp;proc_multiplicative_expr
<LI><a href="#[192]">&gt;&gt;</a>&nbsp;&nbsp;&nbsp;proc_unary_expr
<LI><a href="#[191]">&gt;&gt;</a>&nbsp;&nbsp;&nbsp;proc_postfix_expr
</UL>

<P><STRONG><a name="[18b]"></a>proc_param_list</STRONG> (Thumb, 76 bytes, Stack size 24 bytes, finsh_parser.o(.text))
<BR><BR>[Stack]<UL><LI>Max Depth = 248 + In Cycle
<LI>Call Chain = proc_param_list &rArr;  proc_assign_expr (Cycle)
</UL>
<BR>[Calls]<UL><LI><a href="#[18d]">&gt;&gt;</a>&nbsp;&nbsp;&nbsp;finsh_token_token
<LI><a href="#[18c]">&gt;&gt;</a>&nbsp;&nbsp;&nbsp;proc_assign_expr
<LI><a href="#[170]">&gt;&gt;</a>&nbsp;&nbsp;&nbsp;finsh_error_set
</UL>
<BR>[Called By]<UL><LI><a href="#[191]">&gt;&gt;</a>&nbsp;&nbsp;&nbsp;proc_postfix_expr
</UL>

<P><STRONG><a name="[18e]"></a>proc_expr</STRONG> (Thumb, 12 bytes, Stack size 8 bytes, finsh_parser.o(.text))
<BR><BR>[Stack]<UL><LI>Max Depth = 528<LI>Call Chain = proc_expr &rArr; proc_assign_expr &rArr;  proc_assign_expr (Cycle)
</UL>
<BR>[Calls]<UL><LI><a href="#[18c]">&gt;&gt;</a>&nbsp;&nbsp;&nbsp;proc_assign_expr
</UL>
<BR>[Called By]<UL><LI><a href="#[19d]">&gt;&gt;</a>&nbsp;&nbsp;&nbsp;proc_expr_statement
<LI><a href="#[190]">&gt;&gt;</a>&nbsp;&nbsp;&nbsp;proc_primary_expr
</UL>

<P><STRONG><a name="[18f]"></a>proc_identifier</STRONG> (Thumb, 44 bytes, Stack size 16 bytes, finsh_parser.o(.text))
<BR><BR>[Stack]<UL><LI>Max Depth = 240<LI>Call Chain = proc_identifier &rArr; finsh_token_token &rArr; token_run &rArr; token_proc_number &rArr; token_spec_number
</UL>
<BR>[Calls]<UL><LI><a href="#[188]">&gt;&gt;</a>&nbsp;&nbsp;&nbsp;strncpy
<LI><a href="#[18d]">&gt;&gt;</a>&nbsp;&nbsp;&nbsp;finsh_token_token
<LI><a href="#[170]">&gt;&gt;</a>&nbsp;&nbsp;&nbsp;finsh_error_set
</UL>
<BR>[Called By]<UL><LI><a href="#[19b]">&gt;&gt;</a>&nbsp;&nbsp;&nbsp;proc_variable_decl
<LI><a href="#[190]">&gt;&gt;</a>&nbsp;&nbsp;&nbsp;proc_primary_expr
</UL>

<P><STRONG><a name="[190]"></a>proc_primary_expr</STRONG> (Thumb, 158 bytes, Stack size 40 bytes, finsh_parser.o(.text))
<BR><BR>[Stack]<UL><LI>Max Depth = 280 + In Cycle
<LI>Call Chain = proc_primary_expr &rArr;  proc_expr (Cycle)
</UL>
<BR>[Calls]<UL><LI><a href="#[18d]">&gt;&gt;</a>&nbsp;&nbsp;&nbsp;finsh_token_token
<LI><a href="#[18f]">&gt;&gt;</a>&nbsp;&nbsp;&nbsp;proc_identifier
<LI><a href="#[18e]">&gt;&gt;</a>&nbsp;&nbsp;&nbsp;proc_expr
<LI><a href="#[189]">&gt;&gt;</a>&nbsp;&nbsp;&nbsp;finsh_node_new_ptr
<LI><a href="#[187]">&gt;&gt;</a>&nbsp;&nbsp;&nbsp;finsh_node_new_string
<LI><a href="#[186]">&gt;&gt;</a>&nbsp;&nbsp;&nbsp;finsh_node_new_long
<LI><a href="#[185]">&gt;&gt;</a>&nbsp;&nbsp;&nbsp;finsh_node_new_int
<LI><a href="#[184]">&gt;&gt;</a>&nbsp;&nbsp;&nbsp;finsh_node_new_char
<LI><a href="#[17f]">&gt;&gt;</a>&nbsp;&nbsp;&nbsp;finsh_node_new_id
<LI><a href="#[170]">&gt;&gt;</a>&nbsp;&nbsp;&nbsp;finsh_error_set
</UL>
<BR>[Called By]<UL><LI><a href="#[191]">&gt;&gt;</a>&nbsp;&nbsp;&nbsp;proc_postfix_expr
</UL>

<P><STRONG><a name="[191]"></a>proc_postfix_expr</STRONG> (Thumb, 162 bytes, Stack size 24 bytes, finsh_parser.o(.text))
<BR><BR>[Stack]<UL><LI>Max Depth = 304<LI>Call Chain = proc_postfix_expr &rArr; proc_primary_expr &rArr;  proc_expr (Cycle)
</UL>
<BR>[Calls]<UL><LI><a href="#[18d]">&gt;&gt;</a>&nbsp;&nbsp;&nbsp;finsh_token_token
<LI><a href="#[190]">&gt;&gt;</a>&nbsp;&nbsp;&nbsp;proc_primary_expr
<LI><a href="#[18b]">&gt;&gt;</a>&nbsp;&nbsp;&nbsp;proc_param_list
<LI><a href="#[18a]">&gt;&gt;</a>&nbsp;&nbsp;&nbsp;make_sys_node
<LI><a href="#[170]">&gt;&gt;</a>&nbsp;&nbsp;&nbsp;finsh_error_set
</UL>
<BR>[Called By]<UL><LI><a href="#[192]">&gt;&gt;</a>&nbsp;&nbsp;&nbsp;proc_unary_expr
</UL>

<P><STRONG><a name="[192]"></a>proc_unary_expr</STRONG> (Thumb, 190 bytes, Stack size 24 bytes, finsh_parser.o(.text))
<BR><BR>[Stack]<UL><LI>Max Depth = 328 + In Cycle
<LI>Call Chain = proc_unary_expr &rArr;  proc_cast_expr (Cycle)
</UL>
<BR>[Calls]<UL><LI><a href="#[18d]">&gt;&gt;</a>&nbsp;&nbsp;&nbsp;finsh_token_token
<LI><a href="#[193]">&gt;&gt;</a>&nbsp;&nbsp;&nbsp;proc_cast_expr
<LI><a href="#[191]">&gt;&gt;</a>&nbsp;&nbsp;&nbsp;proc_postfix_expr
<LI><a href="#[18a]">&gt;&gt;</a>&nbsp;&nbsp;&nbsp;make_sys_node
<LI><a href="#[186]">&gt;&gt;</a>&nbsp;&nbsp;&nbsp;finsh_node_new_long
</UL>
<BR>[Called By]<UL><LI><a href="#[193]">&gt;&gt;</a>&nbsp;&nbsp;&nbsp;proc_cast_expr
</UL>

<P><STRONG><a name="[194]"></a>proc_type</STRONG> (Thumb, 250 bytes, Stack size 16 bytes, finsh_parser.o(.text))
<BR><BR>[Stack]<UL><LI>Max Depth = 240<LI>Call Chain = proc_type &rArr; finsh_token_token &rArr; token_run &rArr; token_proc_number &rArr; token_spec_number
</UL>
<BR>[Calls]<UL><LI><a href="#[18d]">&gt;&gt;</a>&nbsp;&nbsp;&nbsp;finsh_token_token
<LI><a href="#[170]">&gt;&gt;</a>&nbsp;&nbsp;&nbsp;finsh_error_set
</UL>
<BR>[Called By]<UL><LI><a href="#[19b]">&gt;&gt;</a>&nbsp;&nbsp;&nbsp;proc_variable_decl
<LI><a href="#[193]">&gt;&gt;</a>&nbsp;&nbsp;&nbsp;proc_cast_expr
</UL>

<P><STRONG><a name="[193]"></a>proc_cast_expr</STRONG> (Thumb, 78 bytes, Stack size 24 bytes, finsh_parser.o(.text))
<BR><BR>[Stack]<UL><LI>Max Depth = 352 + In Cycle
<LI>Call Chain = proc_cast_expr &rArr;  proc_cast_expr (Cycle)
</UL>
<BR>[Calls]<UL><LI><a href="#[18d]">&gt;&gt;</a>&nbsp;&nbsp;&nbsp;finsh_token_token
<LI><a href="#[193]">&gt;&gt;</a>&nbsp;&nbsp;&nbsp;proc_cast_expr
<LI><a href="#[194]">&gt;&gt;</a>&nbsp;&nbsp;&nbsp;proc_type
<LI><a href="#[192]">&gt;&gt;</a>&nbsp;&nbsp;&nbsp;proc_unary_expr
<LI><a href="#[170]">&gt;&gt;</a>&nbsp;&nbsp;&nbsp;finsh_error_set
</UL>
<BR>[Called By]<UL><LI><a href="#[195]">&gt;&gt;</a>&nbsp;&nbsp;&nbsp;proc_multiplicative_expr
<LI><a href="#[193]">&gt;&gt;</a>&nbsp;&nbsp;&nbsp;proc_cast_expr
<LI><a href="#[192]">&gt;&gt;</a>&nbsp;&nbsp;&nbsp;proc_unary_expr
</UL>

<P><STRONG><a name="[195]"></a>proc_multiplicative_expr</STRONG> (Thumb, 138 bytes, Stack size 24 bytes, finsh_parser.o(.text))
<BR><BR>[Stack]<UL><LI>Max Depth = 376<LI>Call Chain = proc_multiplicative_expr &rArr; proc_cast_expr &rArr;  proc_cast_expr (Cycle)
</UL>
<BR>[Calls]<UL><LI><a href="#[18d]">&gt;&gt;</a>&nbsp;&nbsp;&nbsp;finsh_token_token
<LI><a href="#[193]">&gt;&gt;</a>&nbsp;&nbsp;&nbsp;proc_cast_expr
<LI><a href="#[18a]">&gt;&gt;</a>&nbsp;&nbsp;&nbsp;make_sys_node
<LI><a href="#[170]">&gt;&gt;</a>&nbsp;&nbsp;&nbsp;finsh_error_set
</UL>
<BR>[Called By]<UL><LI><a href="#[196]">&gt;&gt;</a>&nbsp;&nbsp;&nbsp;proc_additive_expr
</UL>

<P><STRONG><a name="[196]"></a>proc_additive_expr</STRONG> (Thumb, 114 bytes, Stack size 24 bytes, finsh_parser.o(.text))
<BR><BR>[Stack]<UL><LI>Max Depth = 400<LI>Call Chain = proc_additive_expr &rArr; proc_multiplicative_expr &rArr; proc_cast_expr &rArr;  proc_cast_expr (Cycle)
</UL>
<BR>[Calls]<UL><LI><a href="#[18d]">&gt;&gt;</a>&nbsp;&nbsp;&nbsp;finsh_token_token
<LI><a href="#[195]">&gt;&gt;</a>&nbsp;&nbsp;&nbsp;proc_multiplicative_expr
<LI><a href="#[18a]">&gt;&gt;</a>&nbsp;&nbsp;&nbsp;make_sys_node
<LI><a href="#[170]">&gt;&gt;</a>&nbsp;&nbsp;&nbsp;finsh_error_set
</UL>
<BR>[Called By]<UL><LI><a href="#[197]">&gt;&gt;</a>&nbsp;&nbsp;&nbsp;proc_shift_expr
</UL>

<P><STRONG><a name="[197]"></a>proc_shift_expr</STRONG> (Thumb, 116 bytes, Stack size 24 bytes, finsh_parser.o(.text))
<BR><BR>[Stack]<UL><LI>Max Depth = 424<LI>Call Chain = proc_shift_expr &rArr; proc_additive_expr &rArr; proc_multiplicative_expr &rArr; proc_cast_expr &rArr;  proc_cast_expr (Cycle)
</UL>
<BR>[Calls]<UL><LI><a href="#[18d]">&gt;&gt;</a>&nbsp;&nbsp;&nbsp;finsh_token_token
<LI><a href="#[196]">&gt;&gt;</a>&nbsp;&nbsp;&nbsp;proc_additive_expr
<LI><a href="#[18a]">&gt;&gt;</a>&nbsp;&nbsp;&nbsp;make_sys_node
<LI><a href="#[170]">&gt;&gt;</a>&nbsp;&nbsp;&nbsp;finsh_error_set
</UL>
<BR>[Called By]<UL><LI><a href="#[198]">&gt;&gt;</a>&nbsp;&nbsp;&nbsp;proc_and_expr
</UL>

<P><STRONG><a name="[198]"></a>proc_and_expr</STRONG> (Thumb, 76 bytes, Stack size 24 bytes, finsh_parser.o(.text))
<BR><BR>[Stack]<UL><LI>Max Depth = 448<LI>Call Chain = proc_and_expr &rArr; proc_shift_expr &rArr; proc_additive_expr &rArr; proc_multiplicative_expr &rArr; proc_cast_expr &rArr;  proc_cast_expr (Cycle)
</UL>
<BR>[Calls]<UL><LI><a href="#[18d]">&gt;&gt;</a>&nbsp;&nbsp;&nbsp;finsh_token_token
<LI><a href="#[197]">&gt;&gt;</a>&nbsp;&nbsp;&nbsp;proc_shift_expr
<LI><a href="#[18a]">&gt;&gt;</a>&nbsp;&nbsp;&nbsp;make_sys_node
<LI><a href="#[170]">&gt;&gt;</a>&nbsp;&nbsp;&nbsp;finsh_error_set
</UL>
<BR>[Called By]<UL><LI><a href="#[199]">&gt;&gt;</a>&nbsp;&nbsp;&nbsp;proc_exclusive_or_expr
</UL>

<P><STRONG><a name="[199]"></a>proc_exclusive_or_expr</STRONG> (Thumb, 76 bytes, Stack size 24 bytes, finsh_parser.o(.text))
<BR><BR>[Stack]<UL><LI>Max Depth = 472<LI>Call Chain = proc_exclusive_or_expr &rArr; proc_and_expr &rArr; proc_shift_expr &rArr; proc_additive_expr &rArr; proc_multiplicative_expr &rArr; proc_cast_expr &rArr;  proc_cast_expr (Cycle)
</UL>
<BR>[Calls]<UL><LI><a href="#[18d]">&gt;&gt;</a>&nbsp;&nbsp;&nbsp;finsh_token_token
<LI><a href="#[198]">&gt;&gt;</a>&nbsp;&nbsp;&nbsp;proc_and_expr
<LI><a href="#[18a]">&gt;&gt;</a>&nbsp;&nbsp;&nbsp;make_sys_node
<LI><a href="#[170]">&gt;&gt;</a>&nbsp;&nbsp;&nbsp;finsh_error_set
</UL>
<BR>[Called By]<UL><LI><a href="#[19a]">&gt;&gt;</a>&nbsp;&nbsp;&nbsp;proc_inclusive_or_expr
</UL>

<P><STRONG><a name="[19a]"></a>proc_inclusive_or_expr</STRONG> (Thumb, 76 bytes, Stack size 24 bytes, finsh_parser.o(.text))
<BR><BR>[Stack]<UL><LI>Max Depth = 496<LI>Call Chain = proc_inclusive_or_expr &rArr; proc_exclusive_or_expr &rArr; proc_and_expr &rArr; proc_shift_expr &rArr; proc_additive_expr &rArr; proc_multiplicative_expr &rArr; proc_cast_expr &rArr;  proc_cast_expr (Cycle)
</UL>
<BR>[Calls]<UL><LI><a href="#[18d]">&gt;&gt;</a>&nbsp;&nbsp;&nbsp;finsh_token_token
<LI><a href="#[199]">&gt;&gt;</a>&nbsp;&nbsp;&nbsp;proc_exclusive_or_expr
<LI><a href="#[18a]">&gt;&gt;</a>&nbsp;&nbsp;&nbsp;make_sys_node
<LI><a href="#[170]">&gt;&gt;</a>&nbsp;&nbsp;&nbsp;finsh_error_set
</UL>
<BR>[Called By]<UL><LI><a href="#[18c]">&gt;&gt;</a>&nbsp;&nbsp;&nbsp;proc_assign_expr
</UL>

<P><STRONG><a name="[18c]"></a>proc_assign_expr</STRONG> (Thumb, 56 bytes, Stack size 24 bytes, finsh_parser.o(.text))
<BR><BR>[Stack]<UL><LI>Max Depth = 520 + In Cycle
<LI>Call Chain = proc_assign_expr &rArr;  proc_assign_expr (Cycle)
</UL>
<BR>[Calls]<UL><LI><a href="#[18d]">&gt;&gt;</a>&nbsp;&nbsp;&nbsp;finsh_token_token
<LI><a href="#[18c]">&gt;&gt;</a>&nbsp;&nbsp;&nbsp;proc_assign_expr
<LI><a href="#[19a]">&gt;&gt;</a>&nbsp;&nbsp;&nbsp;proc_inclusive_or_expr
<LI><a href="#[18a]">&gt;&gt;</a>&nbsp;&nbsp;&nbsp;make_sys_node
</UL>
<BR>[Called By]<UL><LI><a href="#[19b]">&gt;&gt;</a>&nbsp;&nbsp;&nbsp;proc_variable_decl
<LI><a href="#[18c]">&gt;&gt;</a>&nbsp;&nbsp;&nbsp;proc_assign_expr
<LI><a href="#[18e]">&gt;&gt;</a>&nbsp;&nbsp;&nbsp;proc_expr
<LI><a href="#[18b]">&gt;&gt;</a>&nbsp;&nbsp;&nbsp;proc_param_list
</UL>

<P><STRONG><a name="[19b]"></a>proc_variable_decl</STRONG> (Thumb, 474 bytes, Stack size 56 bytes, finsh_parser.o(.text))
<BR><BR>[Stack]<UL><LI>Max Depth = 576<LI>Call Chain = proc_variable_decl &rArr; proc_assign_expr &rArr;  proc_assign_expr (Cycle)
</UL>
<BR>[Calls]<UL><LI><a href="#[19c]">&gt;&gt;</a>&nbsp;&nbsp;&nbsp;finsh_var_insert
<LI><a href="#[18d]">&gt;&gt;</a>&nbsp;&nbsp;&nbsp;finsh_token_token
<LI><a href="#[18c]">&gt;&gt;</a>&nbsp;&nbsp;&nbsp;proc_assign_expr
<LI><a href="#[194]">&gt;&gt;</a>&nbsp;&nbsp;&nbsp;proc_type
<LI><a href="#[18f]">&gt;&gt;</a>&nbsp;&nbsp;&nbsp;proc_identifier
<LI><a href="#[18a]">&gt;&gt;</a>&nbsp;&nbsp;&nbsp;make_sys_node
<LI><a href="#[17f]">&gt;&gt;</a>&nbsp;&nbsp;&nbsp;finsh_node_new_id
<LI><a href="#[170]">&gt;&gt;</a>&nbsp;&nbsp;&nbsp;finsh_error_set
</UL>
<BR>[Called By]<UL><LI><a href="#[14c]">&gt;&gt;</a>&nbsp;&nbsp;&nbsp;finsh_parser_run
</UL>

<P><STRONG><a name="[19d]"></a>proc_expr_statement</STRONG> (Thumb, 56 bytes, Stack size 16 bytes, finsh_parser.o(.text))
<BR><BR>[Stack]<UL><LI>Max Depth = 544<LI>Call Chain = proc_expr_statement &rArr; proc_expr &rArr; proc_assign_expr &rArr;  proc_assign_expr (Cycle)
</UL>
<BR>[Calls]<UL><LI><a href="#[18d]">&gt;&gt;</a>&nbsp;&nbsp;&nbsp;finsh_token_token
<LI><a href="#[18e]">&gt;&gt;</a>&nbsp;&nbsp;&nbsp;proc_expr
<LI><a href="#[170]">&gt;&gt;</a>&nbsp;&nbsp;&nbsp;finsh_error_set
</UL>
<BR>[Called By]<UL><LI><a href="#[14c]">&gt;&gt;</a>&nbsp;&nbsp;&nbsp;finsh_parser_run
</UL>

<P><STRONG><a name="[1a5]"></a>token_prev_char</STRONG> (Thumb, 22 bytes, Stack size 0 bytes, finsh_token.o(.text))
<BR><BR>[Called By]<UL><LI><a href="#[1ac]">&gt;&gt;</a>&nbsp;&nbsp;&nbsp;token_get_string
<LI><a href="#[1ae]">&gt;&gt;</a>&nbsp;&nbsp;&nbsp;token_run
<LI><a href="#[1ad]">&gt;&gt;</a>&nbsp;&nbsp;&nbsp;token_trim_space
<LI><a href="#[1a9]">&gt;&gt;</a>&nbsp;&nbsp;&nbsp;token_proc_char
<LI><a href="#[1a7]">&gt;&gt;</a>&nbsp;&nbsp;&nbsp;token_proc_escape
<LI><a href="#[1a4]">&gt;&gt;</a>&nbsp;&nbsp;&nbsp;token_proc_number
</UL>

<P><STRONG><a name="[1a3]"></a>token_next_char</STRONG> (Thumb, 62 bytes, Stack size 8 bytes, finsh_token.o(.text))
<BR><BR>[Stack]<UL><LI>Max Depth = 16<LI>Call Chain = token_next_char &rArr; strlen
</UL>
<BR>[Calls]<UL><LI><a href="#[15a]">&gt;&gt;</a>&nbsp;&nbsp;&nbsp;strlen
</UL>
<BR>[Called By]<UL><LI><a href="#[1ac]">&gt;&gt;</a>&nbsp;&nbsp;&nbsp;token_get_string
<LI><a href="#[1ae]">&gt;&gt;</a>&nbsp;&nbsp;&nbsp;token_run
<LI><a href="#[1ad]">&gt;&gt;</a>&nbsp;&nbsp;&nbsp;token_trim_space
<LI><a href="#[1a9]">&gt;&gt;</a>&nbsp;&nbsp;&nbsp;token_proc_char
<LI><a href="#[1a8]">&gt;&gt;</a>&nbsp;&nbsp;&nbsp;token_proc_string
<LI><a href="#[1a7]">&gt;&gt;</a>&nbsp;&nbsp;&nbsp;token_proc_escape
<LI><a href="#[1a4]">&gt;&gt;</a>&nbsp;&nbsp;&nbsp;token_proc_number
</UL>

<P><STRONG><a name="[1a6]"></a>token_spec_number</STRONG> (Thumb, 152 bytes, Stack size 40 bytes, finsh_token.o(.text))
<BR><BR>[Stack]<UL><LI>Max Depth = 40<LI>Call Chain = token_spec_number
</UL>
<BR>[Called By]<UL><LI><a href="#[1a4]">&gt;&gt;</a>&nbsp;&nbsp;&nbsp;token_proc_number
</UL>

<P><STRONG><a name="[1a4]"></a>token_proc_number</STRONG> (Thumb, 288 bytes, Stack size 160 bytes, finsh_token.o(.text))
<BR><BR>[Stack]<UL><LI>Max Depth = 200<LI>Call Chain = token_proc_number &rArr; token_spec_number
</UL>
<BR>[Calls]<UL><LI><a href="#[15a]">&gt;&gt;</a>&nbsp;&nbsp;&nbsp;strlen
<LI><a href="#[1a6]">&gt;&gt;</a>&nbsp;&nbsp;&nbsp;token_spec_number
<LI><a href="#[1a3]">&gt;&gt;</a>&nbsp;&nbsp;&nbsp;token_next_char
<LI><a href="#[1a5]">&gt;&gt;</a>&nbsp;&nbsp;&nbsp;token_prev_char
</UL>
<BR>[Called By]<UL><LI><a href="#[1ae]">&gt;&gt;</a>&nbsp;&nbsp;&nbsp;token_run
</UL>

<P><STRONG><a name="[1a7]"></a>token_proc_escape</STRONG> (Thumb, 174 bytes, Stack size 16 bytes, finsh_token.o(.text))
<BR><BR>[Stack]<UL><LI>Max Depth = 32<LI>Call Chain = token_proc_escape &rArr; token_next_char &rArr; strlen
</UL>
<BR>[Calls]<UL><LI><a href="#[1a3]">&gt;&gt;</a>&nbsp;&nbsp;&nbsp;token_next_char
<LI><a href="#[1a5]">&gt;&gt;</a>&nbsp;&nbsp;&nbsp;token_prev_char
</UL>
<BR>[Called By]<UL><LI><a href="#[1a8]">&gt;&gt;</a>&nbsp;&nbsp;&nbsp;token_proc_string
</UL>

<P><STRONG><a name="[1a8]"></a>token_proc_string</STRONG> (Thumb, 80 bytes, Stack size 16 bytes, finsh_token.o(.text))
<BR><BR>[Stack]<UL><LI>Max Depth = 48<LI>Call Chain = token_proc_string &rArr; token_proc_escape &rArr; token_next_char &rArr; strlen
</UL>
<BR>[Calls]<UL><LI><a href="#[1a7]">&gt;&gt;</a>&nbsp;&nbsp;&nbsp;token_proc_escape
<LI><a href="#[1a3]">&gt;&gt;</a>&nbsp;&nbsp;&nbsp;token_next_char
<LI><a href="#[170]">&gt;&gt;</a>&nbsp;&nbsp;&nbsp;finsh_error_set
</UL>
<BR>[Called By]<UL><LI><a href="#[1ae]">&gt;&gt;</a>&nbsp;&nbsp;&nbsp;token_run
</UL>

<P><STRONG><a name="[1a9]"></a>token_proc_char</STRONG> (Thumb, 162 bytes, Stack size 24 bytes, finsh_token.o(.text))
<BR><BR>[Stack]<UL><LI>Max Depth = 112<LI>Call Chain = token_proc_char &rArr; atoi &rArr; strtol &rArr; _strtoul
</UL>
<BR>[Calls]<UL><LI><a href="#[1aa]">&gt;&gt;</a>&nbsp;&nbsp;&nbsp;atoi
<LI><a href="#[1a3]">&gt;&gt;</a>&nbsp;&nbsp;&nbsp;token_next_char
<LI><a href="#[1a5]">&gt;&gt;</a>&nbsp;&nbsp;&nbsp;token_prev_char
<LI><a href="#[170]">&gt;&gt;</a>&nbsp;&nbsp;&nbsp;finsh_error_set
</UL>
<BR>[Called By]<UL><LI><a href="#[1ae]">&gt;&gt;</a>&nbsp;&nbsp;&nbsp;token_run
</UL>

<P><STRONG><a name="[1ab]"></a>token_match_name</STRONG> (Thumb, 48 bytes, Stack size 16 bytes, finsh_token.o(.text))
<BR><BR>[Stack]<UL><LI>Max Depth = 16<LI>Call Chain = token_match_name
</UL>
<BR>[Calls]<UL><LI><a href="#[1a1]">&gt;&gt;</a>&nbsp;&nbsp;&nbsp;strcmp
</UL>
<BR>[Called By]<UL><LI><a href="#[1ae]">&gt;&gt;</a>&nbsp;&nbsp;&nbsp;token_run
</UL>

<P><STRONG><a name="[1ad]"></a>token_trim_space</STRONG> (Thumb, 34 bytes, Stack size 16 bytes, finsh_token.o(.text))
<BR><BR>[Stack]<UL><LI>Max Depth = 32<LI>Call Chain = token_trim_space &rArr; token_next_char &rArr; strlen
</UL>
<BR>[Calls]<UL><LI><a href="#[1a3]">&gt;&gt;</a>&nbsp;&nbsp;&nbsp;token_next_char
<LI><a href="#[1a5]">&gt;&gt;</a>&nbsp;&nbsp;&nbsp;token_prev_char
</UL>
<BR>[Called By]<UL><LI><a href="#[1ae]">&gt;&gt;</a>&nbsp;&nbsp;&nbsp;token_run
</UL>

<P><STRONG><a name="[1ae]"></a>token_run</STRONG> (Thumb, 414 bytes, Stack size 16 bytes, finsh_token.o(.text))
<BR><BR>[Stack]<UL><LI>Max Depth = 216<LI>Call Chain = token_run &rArr; token_proc_number &rArr; token_spec_number
</UL>
<BR>[Calls]<UL><LI><a href="#[1ac]">&gt;&gt;</a>&nbsp;&nbsp;&nbsp;token_get_string
<LI><a href="#[1ad]">&gt;&gt;</a>&nbsp;&nbsp;&nbsp;token_trim_space
<LI><a href="#[1ab]">&gt;&gt;</a>&nbsp;&nbsp;&nbsp;token_match_name
<LI><a href="#[1a9]">&gt;&gt;</a>&nbsp;&nbsp;&nbsp;token_proc_char
<LI><a href="#[1a8]">&gt;&gt;</a>&nbsp;&nbsp;&nbsp;token_proc_string
<LI><a href="#[1a4]">&gt;&gt;</a>&nbsp;&nbsp;&nbsp;token_proc_number
<LI><a href="#[1a3]">&gt;&gt;</a>&nbsp;&nbsp;&nbsp;token_next_char
<LI><a href="#[1a5]">&gt;&gt;</a>&nbsp;&nbsp;&nbsp;token_prev_char
<LI><a href="#[170]">&gt;&gt;</a>&nbsp;&nbsp;&nbsp;finsh_error_set
</UL>
<BR>[Called By]<UL><LI><a href="#[18d]">&gt;&gt;</a>&nbsp;&nbsp;&nbsp;finsh_token_token
</UL>
<P>
<H3>
Undefined Global Symbols
</H3><HR></body></html>
