<html>
<body>
<pre>
<h1>µVision Build Log</h1>
<h2>Project:</h2>
C:\Users\lu\Desktop\rt-thread\lpc176x\project.uvproj
Project File Date:  04/04/2015

<h2>Output:</h2>
Build target 'RT-Thread LPC17xx'
compiling mybutton.c...
linking...
Program Size: Code=47992 RO-data=4324 RW-data=576 ZI-data=9248  
".\obj\rtthread-lpc.axf" - 0 Error(s), 0 Warning(s).
Load "C:\\Users\\lu\\Desktop\\rt-thread\\lpc176x\\obj\\rtthread-lpc.axf" 
Set JLink Project File to "C:\Users\lu\Desktop\rt-thread\lpc176x\JLinkSettings.ini"
* JLink Info: Device "LPC1768" selected (512 KB flash, 32 KB RAM).
 
JLink info:
------------
DLL: V4.80g, compiled Feb 13 2014 20:50:02
Firmware: J-Link ARM V8 compiled Jan 31 2018 18:34:52
Hardware: V8.00
S/N : 20080643 
Feature(s) : RDI,FlashDL,FlashBP,JFlash,GDBFull 
 
* JLink Info: Found SWD-DP with ID 0x2BA01477
* JLink Info: Found Cortex-M3 r2p0, Little endian.
* JLink Info: FPUnit: 6 code (BP) slots and 2 literal slots
* JLink Info: TPIU fitted.
* JLink Info: ETM fitted.
ROMTableAddr = 0xE00FF003
 
Target info:
------------
Device: LPC1768
VTarget = 3.300V
State of Pins: 
TCK: 0, TDI: 0, TDO: 0, TMS: 0, TRES: 1, TRST: 1
Hardware-Breakpoints: 6
Software-Breakpoints: 8192
Watchpoints:          4
JTAG speed: 2000 kHz
 
Erase Done.
Programming Done.
Application running ...
</pre>
</body>
</html>
