Product: MDK-ARM Professional 5.10
Component: ARM Compiler 5.04 update 1 (build 49)
Tool: armlink [5040049]

==============================================================================

Section Cross References

    application.o(.text) refers to platform.o(.text) for platform_init
    application.o(.text) refers to shell.o(.text) for finsh_system_init
    application.o(.text) refers to thread.o(.text) for rt_thread_create
    application.o(.text) refers to mybutton.o(.text) for rt_mybutton_init
    platform.o(.text) refers to memheap.o(.text) for rt_memheap_init
    platform.o(.text) refers to platform.o(.bss) for _memheap
    startup.o(.text) refers to board.o(.text) for rt_hw_board_init
    startup.o(.text) refers to kservice.o(.text) for rt_show_version
    startup.o(.text) refers to mem.o(.text) for rt_system_heap_init
    startup.o(.text) refers to scheduler.o(.text) for rt_system_scheduler_init
    startup.o(.text) refers to application.o(.text) for rt_application_init
    startup.o(.text) refers to timer.o(.text) for rt_system_timer_init
    startup.o(.text) refers to idle.o(.text) for rt_thread_idle_init
    startup.o(.text) refers to context_rvds.o(.text) for rt_hw_interrupt_disable
    system_lpc17xx.o(.text) refers to system_lpc17xx.o(.data) for SystemCoreClock
    startup_lpc17xx.o(STACK) refers (Special) to heapauxi.o(.text) for __use_two_region_memory
    startup_lpc17xx.o(HEAP) refers (Special) to heapauxi.o(.text) for __use_two_region_memory
    startup_lpc17xx.o(RESET) refers (Special) to heapauxi.o(.text) for __use_two_region_memory
    startup_lpc17xx.o(RESET) refers to startup_lpc17xx.o(STACK) for __initial_sp
    startup_lpc17xx.o(RESET) refers to startup_lpc17xx.o(.text) for Reset_Handler
    startup_lpc17xx.o(RESET) refers to context_rvds.o(.text) for HardFault_Handler
    startup_lpc17xx.o(RESET) refers to board.o(.text) for SysTick_Handler
    startup_lpc17xx.o(RESET) refers to uart.o(.text) for UART0_IRQHandler
    startup_lpc17xx.o(RESET) refers to button.o(.text) for EINT3_IRQHandler
    startup_lpc17xx.o(.ARM.__at_0x02FC) refers (Special) to heapauxi.o(.text) for __use_two_region_memory
    startup_lpc17xx.o(.text) refers (Special) to heapauxi.o(.text) for __use_two_region_memory
    startup_lpc17xx.o(.text) refers to system_lpc17xx.o(.text) for SystemInit
    startup_lpc17xx.o(.text) refers to __main.o(!!!main) for __main
    startup_lpc17xx.o(.text) refers to startup_lpc17xx.o(HEAP) for Heap_Mem
    startup_lpc17xx.o(.text) refers to startup_lpc17xx.o(STACK) for Stack_Mem
    board.o(.text) refers to irq.o(.text) for rt_interrupt_enter
    board.o(.text) refers to clock.o(.text) for rt_tick_increase
    board.o(.text) refers to mybutton.o(.text) for rt_hw_device_IO_init
    board.o(.text) refers to uart.o(.text) for rt_hw_uart_init
    board.o(.text) refers to kservice.o(.text) for rt_console_set_device
    board.o(.text) refers to button.o(.text) for rt_hw_button_init
    board.o(.text) refers to system_lpc17xx.o(.data) for SystemCoreClock
    button.o(.text) refers to ipc.o(.text) for rt_event_send
    button.o(.text) refers to kservice.o(.text) for rt_kprintf
    button.o(.text) refers to device.o(.text) for rt_device_register
    button.o(.text) refers to button.o(.data) for IO_BtnAddr
    button.o(.text) refers to button.o(.bss) for btn_device
    button.o(.text) refers to button.o(.constdata) for __FUNCTION__
    button.o(.text) refers to button.o(.conststring) for .conststring
    button.o(.data) refers to button.o(.conststring) for .conststring
    uart.o(.text) refers to context_rvds.o(.text) for rt_hw_interrupt_disable
    uart.o(.text) refers to kservice.o(.text) for rt_kprintf
    uart.o(.text) refers to device.o(.text) for rt_device_register
    uart.o(.text) refers to uart.o(.bss) for uart_device
    uart.o(.text) refers to system_lpc17xx.o(.data) for SystemCoreClock
    uart.o(.text) refers to uart.o(.constdata) for __FUNCTION__
    mybutton.o(.text) refers to device.o(.text) for rt_device_find
    mybutton.o(.text) refers to ipc.o(.text) for rt_event_recv
    mybutton.o(.text) refers to kservice.o(.text) for rt_kprintf
    mybutton.o(.text) refers to thread.o(.text) for rt_thread_delay
    mybutton.o(.text) refers to scheduler.o(.text) for rt_enter_critical
    mybutton.o(.text) refers to rt_memcpy_w.o(.text) for __aeabi_memcpy4
    mybutton.o(.text) refers to button.o(.bss) for btn_device
    mybutton.o(.text) refers to mybutton.o(.data) for mb_str3
    mybutton.o(.text) refers to mybutton.o(.bss) for mb
    myled.o(.text) refers to thread.o(.text) for rt_thread_delay
    myled.o(.text) refers to kservice.o(.text) for rt_kprintf
    myled.o(.text) refers to myled.o(.bss) for led1_thread_stack
    clock.o(.text) refers to context_rvds.o(.text) for rt_hw_interrupt_disable
    clock.o(.text) refers to thread.o(.text) for rt_thread_self
    clock.o(.text) refers to timer.o(.text) for rt_timer_check
    clock.o(.text) refers to clock.o(.data) for rt_tick
[...]
    __FUNCTION__                             0x0000bc3c   Data          12  button.o(.constdata)
    __FUNCTION__                             0x0000bc48   Data          13  button.o(.constdata)
    __FUNCTION__                             0x0000bc55   Data          18  button.o(.constdata)
    .constdata                               0x0000bc67   Section       40  uart.o(.constdata)
    __FUNCTION__                             0x0000bc67   Data          13  uart.o(.constdata)
    __FUNCTION__                             0x0000bc74   Data          14  uart.o(.constdata)
    __FUNCTION__                             0x0000bc82   Data          13  uart.o(.constdata)
    .constdata                               0x0000bc8f   Section      168  device.o(.constdata)
    __FUNCTION__                             0x0000bc8f   Data          21  device.o(.constdata)
    __FUNCTION__                             0x0000bca4   Data          15  device.o(.constdata)
    __FUNCTION__                             0x0000bcb3   Data          15  device.o(.constdata)
    __FUNCTION__                             0x0000bcc2   Data          16  device.o(.constdata)
    __FUNCTION__                             0x0000bcd2   Data          15  device.o(.constdata)
    __FUNCTION__                             0x0000bce1   Data          16  device.o(.constdata)
    __FUNCTION__                             0x0000bcf1   Data          18  device.o(.constdata)
    __FUNCTION__                             0x0000bd03   Data          26  device.o(.constdata)
    __FUNCTION__                             0x0000bd1d   Data          26  device.o(.constdata)
    .constdata                               0x0000bd37   Section       22  idle.o(.constdata)
    __FUNCTION__                             0x0000bd37   Data          22  idle.o(.constdata)
    .constdata                               0x0000bd4d   Section      471  ipc.o(.constdata)
    __FUNCTION__                             0x0000bd4d   Data          12  ipc.o(.constdata)
    __FUNCTION__                             0x0000bd59   Data          14  ipc.o(.constdata)
    __FUNCTION__                             0x0000bd67   Data          14  ipc.o(.constdata)
    __FUNCTION__                             0x0000bd75   Data          14  ipc.o(.constdata)
    __FUNCTION__                             0x0000bd83   Data          12  ipc.o(.constdata)
    __FUNCTION__                             0x0000bd8f   Data          15  ipc.o(.constdata)
    __FUNCTION__                             0x0000bd9e   Data          14  ipc.o(.constdata)
    __FUNCTION__                             0x0000bdac   Data          16  ipc.o(.constdata)
    __FUNCTION__                             0x0000bdbc   Data          16  ipc.o(.constdata)
    __FUNCTION__                             0x0000bdcc   Data          16  ipc.o(.constdata)
    __FUNCTION__                             0x0000bddc   Data          14  ipc.o(.constdata)
    __FUNCTION__                             0x0000bdea   Data          17  ipc.o(.constdata)
    __FUNCTION__                             0x0000bdfb   Data          14  ipc.o(.constdata)
    __FUNCTION__                             0x0000be09   Data          16  ipc.o(.constdata)
    __FUNCTION__                             0x0000be19   Data          16  ipc.o(.constdata)
    __FUNCTION__                             0x0000be29   Data          16  ipc.o(.constdata)
    __FUNCTION__                             0x0000be39   Data          14  ipc.o(.constdata)
    __FUNCTION__                             0x0000be47   Data          14  ipc.o(.constdata)
    __FUNCTION__                             0x0000be55   Data          17  ipc.o(.constdata)
    __FUNCTION__                             0x0000be66   Data          11  ipc.o(.constdata)
    __FUNCTION__                             0x0000be71   Data          13  ipc.o(.constdata)
    __FUNCTION__                             0x0000be7e   Data          13  ipc.o(.constdata)
    __FUNCTION__                             0x0000be8b   Data          13  ipc.o(.constdata)
    __FUNCTION__                             0x0000be98   Data          16  ipc.o(.constdata)
    __FUNCTION__                             0x0000bea8   Data          11  ipc.o(.constdata)
    __FUNCTION__                             0x0000beb3   Data          14  ipc.o(.constdata)
    __FUNCTION__                             0x0000bec1   Data          11  ipc.o(.constdata)
    __FUNCTION__                             0x0000becc   Data          13  ipc.o(.constdata)
    __FUNCTION__                             0x0000bed9   Data          13  ipc.o(.constdata)
    __FUNCTION__                             0x0000bee6   Data          13  ipc.o(.constdata)
    __FUNCTION__                             0x0000bef3   Data          11  ipc.o(.constdata)
    __FUNCTION__                             0x0000befe   Data          13  ipc.o(.constdata)
    __FUNCTION__                             0x0000bf0b   Data          11  ipc.o(.constdata)
    __FUNCTION__                             0x0000bf16   Data          14  ipc.o(.constdata)
    .constdata                               0x0000bf24   Section      290  kservice.o(.constdata)
    small_digits                             0x0000c024   Data          17  kservice.o(.constdata)
    large_digits                             0x0000c035   Data          17  kservice.o(.constdata)
    .constdata                               0x0000c046   Section      109  mem.o(.constdata)
    __FUNCTION__                             0x0000c06d   Data          11  mem.o(.constdata)
    __FUNCTION__                             0x0000c078   Data          20  mem.o(.constdata)
    __FUNCTION__                             0x0000c08c   Data          10  mem.o(.constdata)
    __FUNCTION__                             0x0000c096   Data          11  mem.o(.constdata)
    __FUNCTION__                             0x0000c0a1   Data          10  mem.o(.constdata)
    __FUNCTION__                             0x0000c0ab   Data           8  mem.o(.constdata)
    .constdata                               0x0000c0b3   Section       86  memheap.o(.constdata)
    __FUNCTION__                             0x0000c0b3   Data          16  memheap.o(.constdata)
    __FUNCTION__                             0x0000c0c3   Data          18  memheap.o(.constdata)
    __FUNCTION__                             0x0000c0d5   Data          17  memheap.o(.constdata)
    __FUNCTION__                             0x0000c0e6   Data          19  memheap.o(.constdata)
    __FUNCTION__                             0x0000c0f9   Data          16  memheap.o(.constdata)
    .constdata                               0x0000c109   Section       94  object.o(.constdata)
    __FUNCTION__                             0x0000c109   Data          17  object.o(.constdata)
    __FUNCTION__                             0x0000c11a   Data          19  object.o(.constdata)
    __FUNCTION__                             0x0000c12d   Data          17  object.o(.constdata)
    __FUNCTION__                             0x0000c13e   Data          26  object.o(.constdata)
    __FUNCTION__                             0x0000c158   Data          15  object.o(.constdata)
    .constdata                               0x0000c167   Section       78  scheduler.o(.constdata)
    __FUNCTION__                             0x0000c167   Data          26  scheduler.o(.constdata)
    __FUNCTION__                             0x0000c181   Data          26  scheduler.o(.constdata)
    __FUNCTION__                             0x0000c19b   Data          26  scheduler.o(.constdata)
    .constdata                               0x0000c1b5   Section      170  thread.o(.constdata)
    __FUNCTION__                             0x0000c1b5   Data          16  thread.o(.constdata)
    __FUNCTION__                             0x0000c1c5   Data          15  thread.o(.constdata)
    __FUNCTION__                             0x0000c1d4   Data          18  thread.o(.constdata)
    __FUNCTION__                             0x0000c1e6   Data          17  thread.o(.constdata)
    __FUNCTION__                             0x0000c1f7   Data          17  thread.o(.constdata)
    __FUNCTION__                             0x0000c208   Data          16  thread.o(.constdata)
    __FUNCTION__                             0x0000c218   Data          18  thread.o(.constdata)
    __FUNCTION__                             0x0000c22a   Data          18  thread.o(.constdata)
    __FUNCTION__                             0x0000c23c   Data          17  thread.o(.constdata)
    __FUNCTION__                             0x0000c24d   Data          18  thread.o(.constdata)
    .constdata                               0x0000c25f   Section       92  timer.o(.constdata)
    __FUNCTION__                             0x0000c25f   Data          14  timer.o(.constdata)
    __FUNCTION__                             0x0000c26d   Data          16  timer.o(.constdata)
    __FUNCTION__                             0x0000c27d   Data          16  timer.o(.constdata)
    __FUNCTION__                             0x0000c28d   Data          15  timer.o(.constdata)
    __FUNCTION__                             0x0000c29c   Data          14  timer.o(.constdata)
    __FUNCTION__                             0x0000c2aa   Data          17  timer.o(.constdata)
    .constdata                               0x0000c2bb   Section       19  cpuport.o(.constdata)
    __FUNCTION__                             0x0000c2bb   Data          19  cpuport.o(.constdata)
    .constdata                               0x0000c2ce   Section       96  shell.o(.constdata)
    __FUNCTION__                             0x0000c2ce   Data          13  shell.o(.constdata)
    __FUNCTION__                             0x0000c2db   Data          17  shell.o(.constdata)
    __FUNCTION__                             0x0000c2ec   Data          17  shell.o(.constdata)
    __FUNCTION__                             0x0000c2fd   Data          15  shell.o(.constdata)
    __FUNCTION__                             0x0000c30c   Data          15  shell.o(.constdata)
    __FUNCTION__                             0x0000c31b   Data          19  shell.o(.constdata)
    .constdata                               0x0000c330   Section      552  cmd.o(.constdata)
    .constdata                               0x0000c558   Section      196  finsh_ops.o(.constdata)
    .constdata                               0x0000c61c   Section       64  finsh_token.o(.constdata)
    finsh_name_table                         0x0000c61c   Data          64  finsh_token.o(.constdata)
    .conststring                             0x0000c65c   Section       83  button.o(.conststring)
    .conststring                             0x0000c6b0   Section      237  mem.o(.conststring)
    .conststring                             0x0000c7a0   Section      413  cmd.o(.conststring)
    .conststring                             0x0000c940   Section      243  finsh_error.o(.conststring)
    .conststring                             0x0000ca34   Section       62  finsh_token.o(.conststring)
    FSymTab                                  0x0000ca74   Section       12  mem.o(FSymTab)
    FSymTab                                  0x0000ca80   Section      156  cmd.o(FSymTab)
    VSymTab                                  0x0000cb3c   Section       16  cmd.o(VSymTab)
    locale$$data                             0x0000cb4c   Section      272  lc_ctype_c.o(locale$$data)
    __lcctype_c_name                         0x0000cb50   Data           2  lc_ctype_c.o(locale$$data)
    __lcctype_c_start                        0x0000cb58   Data           0  lc_ctype_c.o(locale$$data)
    __lcctype_c_end                          0x0000cc5c   Data           0  lc_ctype_c.o(locale$$data)
    .data                                    0x10000000   Section        4  system_lpc17xx.o(.data)
    .data                                    0x10000004   Section       16  button.o(.data)
    .data                                    0x10000014   Section      144  mybutton.o(.data)
    mb_str1                                  0x10000014   Data          12  mybutton.o(.data)
    mb_str2                                  0x10000020   Data          22  mybutton.o(.data)
    mb_str3                                  0x10000036   Data          53  mybutton.o(.data)
    sem                                      0x100000a0   Data           4  mybutton.o(.data)
    .data                                    0x100000a4   Section        4  clock.o(.data)
    rt_tick                                  0x100000a4   Data           4  clock.o(.data)
    .data                                    0x100000a8   Section        4  idle.o(.data)
    rt_thread_idle_hook                      0x100000a8   Data           4  idle.o(.data)
    .data                                    0x100000ac   Section        1  irq.o(.data)
    .data                                    0x100000b0   Section        8  kservice.o(.data)
    _errno                                   0x100000b0   Data           4  kservice.o(.data)
    _console_device                          0x100000b4   Data           4  kservice.o(.data)
    .data                                    0x100000b8   Section       32  mem.o(.data)
    rt_malloc_hook                           0x100000b8   Data           4  mem.o(.data)
    rt_free_hook                             0x100000bc   Data           4  mem.o(.data)
    heap_ptr                                 0x100000c0   Data           4  mem.o(.data)
    heap_end                                 0x100000c4   Data           4  mem.o(.data)
    lfree                                    0x100000c8   Data           4  mem.o(.data)
    mem_size_aligned                         0x100000cc   Data           4  mem.o(.data)
    used_mem                                 0x100000d0   Data           4  mem.o(.data)
    max_mem                                  0x100000d4   Data           4  mem.o(.data)
    .data                                    0x100000d8   Section      180  object.o(.data)
    rt_object_attach_hook                    0x10000178   Data           4  object.o(.data)
    rt_object_detach_hook                    0x1000017c   Data           4  object.o(.data)
    .data                                    0x1000018c   Section       28  scheduler.o(.data)
    rt_scheduler_lock_nest                   0x1000018c   Data           2  scheduler.o(.data)
    rt_scheduler_hook                        0x100001a4   Data           4  scheduler.o(.data)
    .data                                    0x100001a8   Section       16  timer.o(.data)
    rt_timer_list                            0x100001a8   Data           8  timer.o(.data)
    rt_timer_timeout_hook                    0x100001b0   Data           4  timer.o(.data)
    random_nr                                0x100001b4   Data           4  timer.o(.data)
    .data                                    0x100001b8   Section       16  cpuport.o(.data)
    rt_exception_hook                        0x100001c4   Data           4  cpuport.o(.data)
    .data                                    0x100001c8   Section        4  shell.o(.data)
    .data                                    0x100001cc   Section       16  symbol.o(.data)
    .data                                    0x100001dc   Section        4  cmd.o(.data)
    dummy                                    0x100001dc   Data           4  cmd.o(.data)
    .data                                    0x100001e0   Section        8  finsh_compiler.o(.data)
    .data                                    0x100001e8   Section       64  finsh_error.o(.data)
    finsh_error_string_table                 0x100001ec   Data          60  finsh_error.o(.data)
    .data                                    0x10000228   Section        8  finsh_heap.o(.data)
    free_list                                0x10000228   Data           4  finsh_heap.o(.data)
    allocate_list                            0x1000022c   Data           4  finsh_heap.o(.data)
    .data                                    0x10000230   Section        4  finsh_var.o(.data)
    .data                                    0x10000234   Section       12  finsh_vm.o(.data)
    .bss                                     0x10000240   Section       92  platform.o(.bss)
    _memheap                                 0x10000240   Data          92  platform.o(.bss)
    .bss                                     0x1000029c   Section       96  button.o(.bss)
    .bss                                     0x100002fc   Section      128  uart.o(.bss)
    .bss                                     0x1000037c   Section     2296  mybutton.o(.bss)
    mb                                       0x1000037c   Data          44  mybutton.o(.bss)
    mb_pool                                  0x100003a8   Data         128  mybutton.o(.bss)
    mq                                       0x10000428   Data          48  mybutton.o(.bss)
    msgpool                                  0x10000458   Data        2048  mybutton.o(.bss)
    sem1                                     0x10000c58   Data          28  mybutton.o(.bss)
    .bss                                     0x10000c74   Section      376  idle.o(.bss)
    idle                                     0x10000c74   Data         120  idle.o(.bss)
    rt_thread_stack                          0x10000cec   Data         256  idle.o(.bss)
    .bss                                     0x10000dec   Section      128  kservice.o(.bss)
    rt_log_buf                               0x10000dec   Data         128  kservice.o(.bss)
    .bss                                     0x10000e6c   Section       28  mem.o(.bss)
    heap_sem                                 0x10000e6c   Data          28  mem.o(.bss)
    .bss                                     0x10000e88   Section      256  scheduler.o(.bss)
    .bss                                     0x10000f88   Section     4216  shell.o(.bss)
    finsh_thread                             0x10000f88   Data         120  shell.o(.bss)
    finsh_thread_stack                       0x10001000   Data        4096  shell.o(.bss)
    .bss                                     0x10002000   Section      128  finsh_heap.o(.bss)
    .bss                                     0x10002080   Section      320  finsh_node.o(.bss)
    .bss                                     0x100021c0   Section      192  finsh_var.o(.bss)
    .bss                                     0x10002280   Section      384  finsh_vm.o(.bss)
    .bss                                     0x10002400   Section       96  libspace.o(.bss)
    HEAP                                     0x10002460   Section        0  startup_lpc17xx.o(HEAP)
    STACK                                    0x10002460   Section      512  startup_lpc17xx.o(STACK)
    Heap_Mem                                 0x10002460   Data           0  startup_lpc17xx.o(HEAP)
    Stack_Mem                                0x10002460   Data         512  startup_lpc17xx.o(STACK)
    __initial_sp                             0x10002660   Data           0  startup_lpc17xx.o(STACK)

    Global Symbols

    Symbol Name                              Value     Ov Type        Size  Object(Section)

    BuildAttributes$$THM_ISAv4$P$D$K$B$S$PE$A:L22UL41UL21$X:L11$S22US41US21$IEEE1$IW$USESV6$~STKCKD$USESV7$~SHL$OSPACE$ROPI$EBA8$UX$STANDARDLIB$REQ8$PRES8$EABIv2 0x00000000   Number         0  anon$$obj.o ABSOLUTE
    __ARM_use_no_argv                        0x00000000   Number         0  startup.o ABSOLUTE
    __Vectors                                0x00000000   Data           4  startup_lpc17xx.o(RESET)
    __ARM_exceptions_init                     - Undefined Weak Reference
    __alloca_initialize                       - Undefined Weak Reference
    __cpp_initialize__aeabi_                  - Undefined Weak Reference
    __cxa_finalize                            - Undefined Weak Reference
    __sigvec_lookup                           - Undefined Weak Reference
    _atexit_init                              - Undefined Weak Reference
    _call_atexit_fns                          - Undefined Weak Reference
    _clock_init                               - Undefined Weak Reference
    _fp_trap_init                             - Undefined Weak Reference
    _fp_trap_shutdown                         - Undefined Weak Reference
    _get_lc_collate                           - Undefined Weak Reference
    _get_lc_monetary                          - Undefined Weak Reference
    _get_lc_numeric                           - Undefined Weak Reference
    _get_lc_time                              - Undefined Weak Reference
    _getenv_init                              - Undefined Weak Reference
    _handle_redirection                       - Undefined Weak Reference
    _init_alloc                               - Undefined Weak Reference
    _init_user_alloc                          - Undefined Weak Reference
    _initio                                   - Undefined Weak Reference
    _rand_init                                - Undefined Weak Reference
    _signal_finish                            - Undefined Weak Reference
    _signal_init                              - Undefined Weak Reference
    _terminate_alloc                          - Undefined Weak Reference
    _terminate_user_alloc                     - Undefined Weak Reference
    _terminateio                              - Undefined Weak Reference
    __main                                   0x000000c5   Thumb Code     8  __main.o(!!!main)
    __scatterload                            0x000000cd   Thumb Code     0  __scatter.o(!!!scatter)
    __scatterload_rt2                        0x000000cd   Thumb Code    44  __scatter.o(!!!scatter)
    __scatterload_rt2_thumb_only             0x000000cd   Thumb Code     0  __scatter.o(!!!scatter)
    __scatterload_null                       0x000000db   Thumb Code     0  __scatter.o(!!!scatter)
    __decompress                             0x00000101   Thumb Code    90  __dczerorl2.o(!!dczerorl2)
    __decompress1                            0x00000101   Thumb Code     0  __dczerorl2.o(!!dczerorl2)
    __scatterload_zeroinit                   0x0000015d   Thumb Code    28  __scatter_zi.o(!!handler_zi)
    __rt_lib_init                            0x00000179   Thumb Code     0  libinit.o(.ARM.Collect$$libinit$$00000000)
    __rt_lib_init_fp_1                       0x0000017b   Thumb Code     0  libinit2.o(.ARM.Collect$$libinit$$00000002)
    __rt_lib_init_heap_1                     0x0000017b   Thumb Code     0  libinit2.o(.ARM.Collect$$libinit$$00000008)
    __rt_lib_init_lc_common                  0x0000017b   Thumb Code     0  libinit2.o(.ARM.Collect$$libinit$$0000000D)
    __rt_lib_init_rand_1                     0x0000017b   Thumb Code     0  libinit2.o(.ARM.Collect$$libinit$$0000000C)
    __rt_lib_init_user_alloc_1               0x0000017b   Thumb Code     0  libinit2.o(.ARM.Collect$$libinit$$0000000A)
    __rt_lib_init_lc_collate_1               0x00000181   Thumb Code     0  libinit2.o(.ARM.Collect$$libinit$$0000000F)
    __rt_lib_init_lc_ctype_2                 0x00000181   Thumb Code     0  libinit2.o(.ARM.Collect$$libinit$$00000010)
    __rt_lib_init_alloca_1                   0x0000018d   Thumb Code     0  libinit2.o(.ARM.Collect$$libinit$$0000002C)
    __rt_lib_init_argv_1                     0x0000018d   Thumb Code     0  libinit2.o(.ARM.Collect$$libinit$$0000002A)
    __rt_lib_init_atexit_1                   0x0000018d   Thumb Code     0  libinit2.o(.ARM.Collect$$libinit$$00000019)
    __rt_lib_init_clock_1                    0x0000018d   Thumb Code     0  libinit2.o(.ARM.Collect$$libinit$$0000001F)
    __rt_lib_init_cpp_1                      0x0000018d   Thumb Code     0  libinit2.o(.ARM.Collect$$libinit$$00000030)
    __rt_lib_init_exceptions_1               0x0000018d   Thumb Code     0  libinit2.o(.ARM.Collect$$libinit$$0000002E)
    __rt_lib_init_fp_trap_1                  0x0000018d   Thumb Code     0  libinit2.o(.ARM.Collect$$libinit$$0000001D)
    __rt_lib_init_getenv_1                   0x0000018d   Thumb Code     0  libinit2.o(.ARM.Collect$$libinit$$00000021)
    __rt_lib_init_lc_ctype_1                 0x0000018d   Thumb Code     0  libinit2.o(.ARM.Collect$$libinit$$00000011)
    __rt_lib_init_lc_monetary_1              0x0000018d   Thumb Code     0  libinit2.o(.ARM.Collect$$libinit$$00000013)
    __rt_lib_init_lc_numeric_1               0x0000018d   Thumb Code     0  libinit2.o(.ARM.Collect$$libinit$$00000015)
    __rt_lib_init_lc_time_1                  0x0000018d   Thumb Code     0  libinit2.o(.ARM.Collect$$libinit$$00000017)
    __rt_lib_init_return                     0x0000018d   Thumb Code     0  libinit2.o(.ARM.Collect$$libinit$$00000031)
    __rt_lib_init_signal_1                   0x0000018d   Thumb Code     0  libinit2.o(.ARM.Collect$$libinit$$0000001B)
    __rt_lib_init_stdio_1                    0x0000018d   Thumb Code     0  libinit2.o(.ARM.Collect$$libinit$$00000023)
    __rt_lib_shutdown                        0x0000018f   Thumb Code     0  libshutdown.o(.ARM.Collect$$libshutdown$$00000000)
    __rt_lib_shutdown_fp_trap_1              0x00000191   Thumb Code     0  libshutdown2.o(.ARM.Collect$$libshutdown$$00000006)
    __rt_lib_shutdown_heap_1                 0x00000191   Thumb Code     0  libshutdown2.o(.ARM.Collect$$libshutdown$$0000000E)
    __rt_lib_shutdown_return                 0x00000191   Thumb Code     0  libshutdown2.o(.ARM.Collect$$libshutdown$$0000000F)
    __rt_lib_shutdown_signal_1               0x00000191   Thumb Code     0  libshutdown2.o(.ARM.Collect$$libshutdown$$00000009)
    __rt_lib_shutdown_stdio_1                0x00000191   Thumb Code     0  libshutdown2.o(.ARM.Collect$$libshutdown$$00000003)
    __rt_lib_shutdown_user_alloc_1           0x00000191   Thumb Code     0  libshutdown2.o(.ARM.Collect$$libshutdown$$0000000B)
    __rt_entry                               0x00000193   Thumb Code     0  rtentry.o(.ARM.Collect$$rtentry$$00000000)
    __rt_entry_presh_1                       0x00000193   Thumb Code     0  rtentry2.o(.ARM.Collect$$rtentry$$00000002)
    __rt_entry_sh                            0x00000193   Thumb Code     0  rtentry4.o(.ARM.Collect$$rtentry$$00000004)
    __rt_entry_li                            0x00000199   Thumb Code     0  rtentry2.o(.ARM.Collect$$rtentry$$0000000A)
    __rt_entry_postsh_1                      0x00000199   Thumb Code     0  rtentry2.o(.ARM.Collect$$rtentry$$00000009)
    __rt_entry_main                          0x0000019d   Thumb Code     0  rtentry2.o(.ARM.Collect$$rtentry$$0000000D)
    __rt_entry_postli_1                      0x0000019d   Thumb Code     0  rtentry2.o(.ARM.Collect$$rtentry$$0000000C)
    __rt_exit                                0x000001a5   Thumb Code     0  rtexit.o(.ARM.Collect$$rtexit$$00000000)
    __rt_exit_ls                             0x000001a7   Thumb Code     0  rtexit2.o(.ARM.Collect$$rtexit$$00000003)
    __rt_exit_prels_1                        0x000001a7   Thumb Code     0  rtexit2.o(.ARM.Collect$$rtexit$$00000002)
    __rt_exit_exit                           0x000001ab   Thumb Code     0  rtexit2.o(.ARM.Collect$$rtexit$$00000004)
    rt_init_thread_entry                     0x000001b1   Thumb Code    14  application.o(.text)
    rt_application_init                      0x000001bf   Thumb Code    56  application.o(.text)
    platform_init                            0x00000201   Thumb Code    18  platform.o(.text)
    rtthread_startup                         0x00000225   Thumb Code    44  startup.o(.text)
    main                                     0x00000251   Thumb Code    14  startup.o(.text)
    Reset_Handler                            0x00000269   Thumb Code     8  startup_lpc17xx.o(.text)
    NMI_Handler                              0x00000271   Thumb Code     2  startup_lpc17xx.o(.text)
    MemManage_Handler                        0x00000275   Thumb Code     2  startup_lpc17xx.o(.text)
    BusFault_Handler                         0x00000277   Thumb Code     2  startup_lpc17xx.o(.text)
    UsageFault_Handler                       0x00000279   Thumb Code     2  startup_lpc17xx.o(.text)
    SVC_Handler                              0x0000027b   Thumb Code     2  startup_lpc17xx.o(.text)
    DebugMon_Handler                         0x0000027d   Thumb Code     2  startup_lpc17xx.o(.text)
    ADC_IRQHandler                           0x00000283   Thumb Code     0  startup_lpc17xx.o(.text)
    BOD_IRQHandler                           0x00000283   Thumb Code     0  startup_lpc17xx.o(.text)
    CAN_IRQHandler                           0x00000283   Thumb Code     0  startup_lpc17xx.o(.text)
    DMA_IRQHandler                           0x00000283   Thumb Code     0  startup_lpc17xx.o(.text)
    EINT0_IRQHandler                         0x00000283   Thumb Code     0  startup_lpc17xx.o(.text)
    EINT1_IRQHandler                         0x00000283   Thumb Code     0  startup_lpc17xx.o(.text)
    EINT2_IRQHandler                         0x00000283   Thumb Code     0  startup_lpc17xx.o(.text)
    ENET_IRQHandler                          0x00000283   Thumb Code     0  startup_lpc17xx.o(.text)
    I2C0_IRQHandler                          0x00000283   Thumb Code     0  startup_lpc17xx.o(.text)
    I2C1_IRQHandler                          0x00000283   Thumb Code     0  startup_lpc17xx.o(.text)
    I2C2_IRQHandler                          0x00000283   Thumb Code     0  startup_lpc17xx.o(.text)
    I2S_IRQHandler                           0x00000283   Thumb Code     0  startup_lpc17xx.o(.text)
    MCPWM_IRQHandler                         0x00000283   Thumb Code     0  startup_lpc17xx.o(.text)
    PLL0_IRQHandler                          0x00000283   Thumb Code     0  startup_lpc17xx.o(.text)
    PLL1_IRQHandler                          0x00000283   Thumb Code     0  startup_lpc17xx.o(.text)
    PWM1_IRQHandler                          0x00000283   Thumb Code     0  startup_lpc17xx.o(.text)
    QEI_IRQHandler                           0x00000283   Thumb Code     0  startup_lpc17xx.o(.text)
    RIT_IRQHandler                           0x00000283   Thumb Code     0  startup_lpc17xx.o(.text)
    RTC_IRQHandler                           0x00000283   Thumb Code     0  startup_lpc17xx.o(.text)
    SPI_IRQHandler                           0x00000283   Thumb Code     0  startup_lpc17xx.o(.text)
    SSP0_IRQHandler                          0x00000283   Thumb Code     0  startup_lpc17xx.o(.text)
    SSP1_IRQHandler                          0x00000283   Thumb Code     0  startup_lpc17xx.o(.text)
    TIMER0_IRQHandler                        0x00000283   Thumb Code     0  startup_lpc17xx.o(.text)
    TIMER1_IRQHandler                        0x00000283   Thumb Code     0  startup_lpc17xx.o(.text)
    TIMER2_IRQHandler                        0x00000283   Thumb Code     0  startup_lpc17xx.o(.text)
    TIMER3_IRQHandler                        0x00000283   Thumb Code     0  startup_lpc17xx.o(.text)
    UART1_IRQHandler                         0x00000283   Thumb Code     0  startup_lpc17xx.o(.text)
    UART2_IRQHandler                         0x00000283   Thumb Code     0  startup_lpc17xx.o(.text)
    USB_IRQHandler                           0x00000283   Thumb Code     0  startup_lpc17xx.o(.text)
    WDT_IRQHandler                           0x00000283   Thumb Code     0  startup_lpc17xx.o(.text)
    __user_initial_stackheap                 0x00000285   Thumb Code     0  startup_lpc17xx.o(.text)
    rt_interrupt_enter                       0x000002a5   Thumb Code    30  irq.o(.text)
    rt_interrupt_leave                       0x000002c3   Thumb Code    30  irq.o(.text)
    rt_interrupt_get_nest                    0x000002e1   Thumb Code     6  irq.o(.text)
    __use_two_region_memory                  0x000002ed   Thumb Code     2  heapauxi.o(.text)
    __rt_heap_escrow$2region                 0x000002ef   Thumb Code     2  heapauxi.o(.text)
    __rt_heap_expand$2region                 0x000002f1   Thumb Code     2  heapauxi.o(.text)
    __aeabi_errno_addr                       0x000002f5   Thumb Code     8  rt_errno_addr_intlibspace.o(.text)
    __errno$intlibspace                      0x000002f5   Thumb Code     0  rt_errno_addr_intlibspace.o(.text)
    __rt_errno_addr$intlibspace              0x000002f5   Thumb Code     0  rt_errno_addr_intlibspace.o(.text)
    SystemCoreClockUpdate                    0x00000301   Thumb Code   306  system_lpc17xx.o(.text)
    SystemInit                               0x00000433   Thumb Code   292  system_lpc17xx.o(.text)
    rt_hw_timer_handler                      0x00000595   Thumb Code    16  board.o(.text)
    SysTick_Handler                          0x000005a5   Thumb Code     8  board.o(.text)
    rt_hw_board_init                         0x000005ad   Thumb Code    92  board.o(.text)
    EINT3_IRQHandler                         0x0000061d   Thumb Code   142  button.o(.text)
    rt_hw_button_init                        0x0000072f   Thumb Code    74  button.o(.text)
    UART0_IRQHandler                         0x00000815   Thumb Code   122  uart.o(.text)
    UART3_IRQHandler                         0x0000088f   Thumb Code   122  uart.o(.text)
    rt_hw_uart_init                          0x00000b2f   Thumb Code    70  uart.o(.text)
    rt_hw_device_IO_init                     0x00000bf5   Thumb Code   130  mybutton.o(.text)
    rt_mybutton_init                         0x00000cdd   Thumb Code    34  mybutton.o(.text)
    rt_mailbox_init                          0x00000d51   Thumb Code    82  mybutton.o(.text)
    rt_messagequeue_init                     0x00000e6f   Thumb Code   118  mybutton.o(.text)
    rt_semaphore_init                        0x00000f91   Thumb Code    62  mybutton.o(.text)
    rt_system_tick_init                      0x00001315   Thumb Code     2  clock.o(.text)
    rt_tick_get                              0x00001317   Thumb Code     6  clock.o(.text)
    rt_tick_set                              0x0000131d   Thumb Code    22  clock.o(.text)
    rt_tick_increase                         0x00001333   Thumb Code    42  clock.o(.text)
    rt_tick_from_millisecond                 0x0000135d   Thumb Code    22  clock.o(.text)
    rt_device_find                           0x00001379   Thumb Code    76  device.o(.text)
    rt_device_register                       0x000013c5   Thumb Code    50  device.o(.text)
    rt_device_unregister                     0x000013f7   Thumb Code    44  device.o(.text)
    rt_device_init_all                       0x00001423   Thumb Code     4  device.o(.text)
    rt_device_init                           0x00001427   Thumb Code    82  device.o(.text)
    rt_device_open                           0x00001479   Thumb Code   172  device.o(.text)
    rt_device_close                          0x00001525   Thumb Code    88  device.o(.text)
    rt_device_read                           0x0000157d   Thumb Code    90  device.o(.text)
    rt_device_write                          0x000015d7   Thumb Code    90  device.o(.text)
    rt_device_control                        0x00001631   Thumb Code    60  device.o(.text)
    rt_device_set_rx_indicate                0x0000166d   Thumb Code    44  device.o(.text)
    rt_device_set_tx_complete                0x00001699   Thumb Code    44  device.o(.text)
    rt_thread_idle_sethook                   0x00001769   Thumb Code     6  idle.o(.text)
    rt_thread_idle_excute                    0x0000176f   Thumb Code   172  idle.o(.text)
    rt_thread_idle_init                      0x0000182f   Thumb Code    38  idle.o(.text)
    rt_sem_init                              0x00001979   Thumb Code    64  ipc.o(.text)
    rt_sem_detach                            0x000019b9   Thumb Code    52  ipc.o(.text)
    rt_sem_create                            0x000019ed   Thumb Code   102  ipc.o(.text)
    rt_sem_delete                            0x00001a53   Thumb Code   114  ipc.o(.text)
    rt_sem_take                              0x00001ac5   Thumb Code   324  ipc.o(.text)
    rt_sem_trytake                           0x00001c09   Thumb Code    14  ipc.o(.text)
    rt_sem_release                           0x00001c17   Thumb Code    80  ipc.o(.text)
    rt_sem_control                           0x00001c67   Thumb Code    86  ipc.o(.text)
    rt_mutex_init                            0x00001cbd   Thumb Code    76  ipc.o(.text)
    rt_mutex_detach                          0x00001d09   Thumb Code    54  ipc.o(.text)
    rt_mutex_create                          0x00001d3f   Thumb Code   328  ipc.o(.text)
    rt_mutex_delete                          0x00001e87   Thumb Code   124  ipc.o(.text)
    rt_mutex_take                            0x00001f03   Thumb Code   408  ipc.o(.text)
    rt_mutex_release                         0x0000209b   Thumb Code   314  ipc.o(.text)
    rt_mutex_control                         0x000021d5   Thumb Code     8  ipc.o(.text)
    rt_event_init                            0x000021dd   Thumb Code    66  ipc.o(.text)
    rt_event_detach                          0x0000221f   Thumb Code    56  ipc.o(.text)
    rt_event_create                          0x00002257   Thumb Code   164  ipc.o(.text)
    rt_event_delete                          0x000022fb   Thumb Code   124  ipc.o(.text)
    rt_event_send                            0x00002377   Thumb Code   232  ipc.o(.text)
    rt_event_recv                            0x0000245f   Thumb Code   450  ipc.o(.text)
    rt_event_control                         0x00002621   Thumb Code    86  ipc.o(.text)
    rt_mb_init                               0x00002677   Thumb Code    96  ipc.o(.text)
    rt_mb_detach                             0x000026d7   Thumb Code   120  ipc.o(.text)
    rt_mb_create                             0x0000274f   Thumb Code   148  ipc.o(.text)
    rt_mb_delete                             0x000027e3   Thumb Code   138  ipc.o(.text)
    rt_mb_send_wait                          0x0000286d   Thumb Code   444  ipc.o(.text)
    rt_mb_send                               0x00002a29   Thumb Code    18  ipc.o(.text)
    rt_mb_recv                               0x00002a3b   Thumb Code   506  ipc.o(.text)
    rt_mb_control                            0x00002c35   Thumb Code    98  ipc.o(.text)
    rt_mq_init                               0x00002c97   Thumb Code   138  ipc.o(.text)
    rt_mq_detach                             0x00002d21   Thumb Code    56  ipc.o(.text)
    rt_mq_delete                             0x00002d59   Thumb Code   126  ipc.o(.text)
    rt_mq_create                             0x00002dd7   Thumb Code   190  ipc.o(.text)
    rt_mq_send                               0x00002e95   Thumb Code   254  ipc.o(.text)
    rt_mq_urgent                             0x00002f93   Thumb Code   342  ipc.o(.text)
    rt_mq_recv                               0x000030e9   Thumb Code   530  ipc.o(.text)
    rt_mq_control                            0x000032fb   Thumb Code   116  ipc.o(.text)
    rt_get_errno                             0x000033c5   Thumb Code    32  kservice.o(.text)
    rt_set_errno                             0x000033e5   Thumb Code    36  kservice.o(.text)
    _rt_errno                                0x00003409   Thumb Code    30  kservice.o(.text)
    rt_memset                                0x00003427   Thumb Code    72  kservice.o(.text)
    rt_memcpy                                0x0000346f   Thumb Code   124  kservice.o(.text)
    rt_memmove                               0x000034eb   Thumb Code    66  kservice.o(.text)
    rt_memcmp                                0x0000352d   Thumb Code    38  kservice.o(.text)
    rt_strlen                                0x00003553   Thumb Code    18  kservice.o(.text)
    rt_strstr                                0x00003565   Thumb Code    58  kservice.o(.text)
    rt_strcasecmp                            0x0000359f   Thumb Code    48  kservice.o(.text)
    rt_strncpy                               0x000035cf   Thumb Code    52  kservice.o(.text)
    rt_strncmp                               0x00003603   Thumb Code    40  kservice.o(.text)
    rt_strcmp                                0x0000362b   Thumb Code    28  kservice.o(.text)
    rt_strdup                                0x00003647   Thumb Code    40  kservice.o(.text)
    rt_hw_console_output                     0x0000366f   Thumb Code     2  kservice.o(.text)
    rt_vsnprintf                             0x00003827   Thumb Code   800  kservice.o(.text)
    rt_kprintf                               0x00003b47   Thumb Code    96  kservice.o(.text)
    rt_show_version                          0x00003ba7   Thumb Code    38  kservice.o(.text)
    rt_snprintf                              0x00003bcd   Thumb Code    38  kservice.o(.text)
    rt_vsprintf                              0x00003bf3   Thumb Code    22  kservice.o(.text)
    rt_sprintf                               0x00003c09   Thumb Code    34  kservice.o(.text)
    rt_console_get_device                    0x00003c2b   Thumb Code     6  kservice.o(.text)
    rt_console_set_device                    0x00003c31   Thumb Code    48  kservice.o(.text)
    rt_malloc_align                          0x00003c61   Thumb Code    66  kservice.o(.text)
    rt_free_align                            0x00003ca3   Thumb Code    16  kservice.o(.text)
    __rt_ffs                                 0x00003cb3   Thumb Code    70  kservice.o(.text)
    rt_malloc_sethook                        0x00003d95   Thumb Code     6  mem.o(.text)
    rt_free_sethook                          0x00003d9b   Thumb Code     6  mem.o(.text)
    rt_system_heap_init                      0x00003e77   Thumb Code   222  mem.o(.text)
    rt_malloc                                0x00003f55   Thumb Code   940  mem.o(.text)
    rt_free                                  0x00004301   Thumb Code   346  mem.o(.text)
    rt_realloc                               0x0000445b   Thumb Code   330  mem.o(.text)
    rt_calloc                                0x000045a5   Thumb Code    98  mem.o(.text)
    rt_memory_info                           0x00004607   Thumb Code    26  mem.o(.text)
    list_mem                                 0x00004621   Thumb Code    34  mem.o(.text)
    rt_memheap_init                          0x00004749   Thumb Code   192  memheap.o(.text)
    rt_memheap_detach                        0x00004809   Thumb Code    52  memheap.o(.text)
    rt_memheap_alloc                         0x0000483d   Thumb Code   326  memheap.o(.text)
    rt_memheap_free                          0x00004983   Thumb Code   284  memheap.o(.text)
    rt_memheap_realloc                       0x00004a9f   Thumb Code   786  memheap.o(.text)
    rt_object_attach_sethook                 0x00004e01   Thumb Code     6  object.o(.text)
    rt_object_detach_sethook                 0x00004e07   Thumb Code     6  object.o(.text)
    rt_object_trytake_sethook                0x00004e0d   Thumb Code     6  object.o(.text)
    rt_object_take_sethook                   0x00004e13   Thumb Code     6  object.o(.text)
    rt_object_put_sethook                    0x00004e19   Thumb Code     6  object.o(.text)
    rt_system_object_init                    0x00004e1f   Thumb Code     2  object.o(.text)
    rt_object_get_information                0x00004e21   Thumb Code    10  object.o(.text)
    rt_object_init                           0x00004e2b   Thumb Code    76  object.o(.text)
    rt_object_detach                         0x00004e77   Thumb Code    76  object.o(.text)
    rt_object_allocate                       0x00004ec3   Thumb Code   150  object.o(.text)
    rt_object_delete                         0x00004f59   Thumb Code   120  object.o(.text)
    rt_object_is_systemobject                0x00004fd1   Thumb Code    52  object.o(.text)
    rt_object_find                           0x00005005   Thumb Code   138  object.o(.text)
    rt_scheduler_sethook                     0x00005145   Thumb Code     6  scheduler.o(.text)
    rt_system_scheduler_init                 0x000051af   Thumb Code    56  scheduler.o(.text)
    rt_system_scheduler_start                0x000051e7   Thumb Code    36  scheduler.o(.text)
    rt_schedule                              0x0000520b   Thumb Code   134  scheduler.o(.text)
    rt_schedule_insert_thread                0x00005291   Thumb Code   100  scheduler.o(.text)
    rt_schedule_remove_thread                0x000052f5   Thumb Code   112  scheduler.o(.text)
    rt_enter_critical                        0x00005365   Thumb Code    28  scheduler.o(.text)
    rt_exit_critical                         0x00005381   Thumb Code    54  scheduler.o(.text)
    rt_critical_level                        0x000053b7   Thumb Code     8  scheduler.o(.text)
    rt_thread_timeout                        0x000054e5   Thumb Code   102  thread.o(.text)
    rt_thread_init                           0x000055e9   Thumb Code   110  thread.o(.text)
    rt_thread_self                           0x00005657   Thumb Code     6  thread.o(.text)
    rt_thread_resume                         0x0000565d   Thumb Code    96  thread.o(.text)
    rt_thread_startup                        0x000056bd   Thumb Code   116  thread.o(.text)
    rt_thread_detach                         0x00005731   Thumb Code    90  thread.o(.text)
    rt_thread_create                         0x0000578b   Thumb Code    80  thread.o(.text)
    rt_thread_delete                         0x000057db   Thumb Code    82  thread.o(.text)
    rt_thread_yield                          0x0000582d   Thumb Code   314  thread.o(.text)
    rt_thread_suspend                        0x00005967   Thumb Code    98  thread.o(.text)
    rt_thread_sleep                          0x000059c9   Thumb Code   100  thread.o(.text)
    rt_thread_delay                          0x00005a2d   Thumb Code    12  thread.o(.text)
    rt_thread_control                        0x00005a39   Thumb Code   146  thread.o(.text)
    rt_thread_find                           0x00005acb   Thumb Code    76  thread.o(.text)
    rt_timer_timeout_sethook                 0x00005b3b   Thumb Code     6  timer.o(.text)
    rt_timer_init                            0x00005bcd   Thumb Code    76  timer.o(.text)
    rt_timer_detach                          0x00005c19   Thumb Code    62  timer.o(.text)
    rt_timer_create                          0x00005c57   Thumb Code    54  timer.o(.text)
    rt_timer_delete                          0x00005c8d   Thumb Code    64  timer.o(.text)
    rt_timer_start                           0x00005ccd   Thumb Code   342  timer.o(.text)
    rt_timer_stop                            0x00005e23   Thumb Code    98  timer.o(.text)
    rt_timer_control                         0x00005e85   Thumb Code    94  timer.o(.text)
    rt_timer_check                           0x00005ee3   Thumb Code   282  timer.o(.text)
    rt_timer_next_timeout_tick               0x00005ffd   Thumb Code    10  timer.o(.text)
    rt_system_timer_init                     0x00006007   Thumb Code    24  timer.o(.text)
    rt_system_timer_thread_init              0x0000601f   Thumb Code     2  timer.o(.text)
    rt_hw_stack_init                         0x0000603d   Thumb Code    70  cpuport.o(.text)
    rt_hw_exception_install                  0x00006083   Thumb Code     6  cpuport.o(.text)
    rt_hw_hard_fault_exception               0x00006267   Thumb Code   198  cpuport.o(.text)
    rt_hw_cpu_shutdown                       0x0000632d   Thumb Code    38  cpuport.o(.text)
    rt_hw_interrupt_disable                  0x00006641   Thumb Code     8  context_rvds.o(.text)
    rt_hw_interrupt_enable                   0x00006649   Thumb Code     6  context_rvds.o(.text)
    rt_hw_context_switch                     0x0000664f   Thumb Code    32  context_rvds.o(.text)
    rt_hw_context_switch_interrupt           0x0000664f   Thumb Code     0  context_rvds.o(.text)
    PendSV_Handler                           0x0000666f   Thumb Code    60  context_rvds.o(.text)
    rt_hw_context_switch_to                  0x000066ab   Thumb Code    56  context_rvds.o(.text)
    rt_hw_interrupt_thread_switch            0x000066e3   Thumb Code     4  context_rvds.o(.text)
    HardFault_Handler                        0x000066e7   Thumb Code    48  context_rvds.o(.text)
    finsh_set_device                         0x00006765   Thumb Code   142  shell.o(.text)
    finsh_get_device                         0x000067f3   Thumb Code    46  shell.o(.text)
    finsh_set_echo                           0x00006821   Thumb Code    46  shell.o(.text)
    finsh_get_echo                           0x0000684f   Thumb Code    48  shell.o(.text)
    finsh_run_line                           0x0000689b   Thumb Code   150  shell.o(.text)
    finsh_thread_entry                       0x000069ed   Thumb Code  1640  shell.o(.text)
    finsh_system_function_init               0x00007055   Thumb Code    10  shell.o(.text)
    finsh_system_var_init                    0x0000705f   Thumb Code    10  shell.o(.text)
    finsh_system_init                        0x00007069   Thumb Code   122  shell.o(.text)
    hello                                    0x0000714d   Thumb Code    12  cmd.o(.text)
    version                                  0x00007159   Thumb Code    10  cmd.o(.text)
    list_thread                              0x0000720f   Thumb Code    10  cmd.o(.text)
    list_sem                                 0x000072ad   Thumb Code    12  cmd.o(.text)
    list_event                               0x00007319   Thumb Code    12  cmd.o(.text)
    list_mutex                               0x00007367   Thumb Code    12  cmd.o(.text)
    list_mailbox                             0x000073eb   Thumb Code    12  cmd.o(.text)
    list_msgqueue                            0x00007463   Thumb Code    12  cmd.o(.text)
    list_memheap                             0x000074a5   Thumb Code    12  cmd.o(.text)
    list_mempool                             0x00007517   Thumb Code    12  cmd.o(.text)
    list_timer                               0x0000793f   Thumb Code    10  cmd.o(.text)
    list_device                              0x0000799b   Thumb Code    12  cmd.o(.text)
    list                                     0x000079a7   Thumb Code   126  cmd.o(.text)
    list_prefix                              0x00007a67   Thumb Code   434  cmd.o(.text)
    finsh_compiler_run                       0x0000956f   Thumb Code    88  finsh_compiler.o(.text)
    finsh_error_init                         0x000095d9   Thumb Code     8  finsh_error.o(.text)
    finsh_error_set                          0x000095e1   Thumb Code    10  finsh_error.o(.text)
    finsh_errno                              0x000095eb   Thumb Code     6  finsh_error.o(.text)
    finsh_error_string                       0x000095f1   Thumb Code    10  finsh_error.o(.text)
    finsh_heap_init                          0x00009605   Thumb Code    36  finsh_heap.o(.text)
    finsh_heap_free                          0x00009729   Thumb Code    34  finsh_heap.o(.text)
    finsh_heap_allocate                      0x00009799   Thumb Code   106  finsh_heap.o(.text)
    finsh_init                               0x00009815   Thumb Code    30  finsh_init.o(.text)
    finsh_stack_bottom                       0x00009833   Thumb Code     6  finsh_init.o(.text)
    finsh_flush                              0x00009839   Thumb Code    22  finsh_init.o(.text)
    finsh_reset                              0x0000984f   Thumb Code    24  finsh_init.o(.text)
    finsh_node_init                          0x0000986d   Thumb Code    16  finsh_node.o(.text)
    finsh_node_allocate                      0x0000987d   Thumb Code    56  finsh_node.o(.text)
    finsh_node_new_id                        0x000098b5   Thumb Code   118  finsh_node.o(.text)
    finsh_node_new_char                      0x0000992b   Thumb Code    30  finsh_node.o(.text)
    finsh_node_new_int                       0x00009949   Thumb Code    30  finsh_node.o(.text)
    finsh_node_new_long                      0x00009967   Thumb Code    30  finsh_node.o(.text)
    finsh_node_new_string                    0x00009985   Thumb Code    74  finsh_node.o(.text)
    finsh_node_new_ptr                       0x000099cf   Thumb Code    30  finsh_node.o(.text)
    OP_no_op                                 0x000099f1   Thumb Code     2  finsh_ops.o(.text)
    OP_add_byte                              0x000099f3   Thumb Code    42  finsh_ops.o(.text)
    OP_add_word                              0x00009a1d   Thumb Code    44  finsh_ops.o(.text)
    OP_add_dword                             0x00009a49   Thumb Code    42  finsh_ops.o(.text)
    OP_sub_byte                              0x00009a73   Thumb Code    42  finsh_ops.o(.text)
    OP_sub_word                              0x00009a9d   Thumb Code    44  finsh_ops.o(.text)
    OP_sub_dword                             0x00009ac9   Thumb Code    42  finsh_ops.o(.text)
    OP_div_byte                              0x00009af3   Thumb Code    44  finsh_ops.o(.text)
    OP_div_word                              0x00009b1f   Thumb Code    46  finsh_ops.o(.text)
    OP_div_dword                             0x00009b4d   Thumb Code    44  finsh_ops.o(.text)
    OP_mod_byte                              0x00009b79   Thumb Code    48  finsh_ops.o(.text)
    OP_mod_word                              0x00009ba9   Thumb Code    48  finsh_ops.o(.text)
    OP_mod_dword                             0x00009bd9   Thumb Code    48  finsh_ops.o(.text)
    OP_mul_byte                              0x00009c09   Thumb Code    42  finsh_ops.o(.text)
    OP_mul_word                              0x00009c33   Thumb Code    44  finsh_ops.o(.text)
    OP_mul_dword                             0x00009c5f   Thumb Code    42  finsh_ops.o(.text)
    OP_and_byte                              0x00009c89   Thumb Code    42  finsh_ops.o(.text)
    OP_and_word                              0x00009cb3   Thumb Code    42  finsh_ops.o(.text)
    OP_and_dword                             0x00009cdd   Thumb Code    42  finsh_ops.o(.text)
    OP_or_byte                               0x00009d07   Thumb Code    42  finsh_ops.o(.text)
    OP_or_word                               0x00009d31   Thumb Code    42  finsh_ops.o(.text)
    OP_or_dword                              0x00009d5b   Thumb Code    42  finsh_ops.o(.text)
    OP_xor_byte                              0x00009d85   Thumb Code    42  finsh_ops.o(.text)
    OP_xor_word                              0x00009daf   Thumb Code    46  finsh_ops.o(.text)
    OP_xor_dword                             0x00009ddd   Thumb Code    42  finsh_ops.o(.text)
    OP_bw_byte                               0x00009e07   Thumb Code    20  finsh_ops.o(.text)
    OP_bw_word                               0x00009e1b   Thumb Code    20  finsh_ops.o(.text)
    OP_bw_dword                              0x00009e2f   Thumb Code    20  finsh_ops.o(.text)
    OP_shl_byte                              0x00009e43   Thumb Code    42  finsh_ops.o(.text)
    OP_shl_word                              0x00009e6d   Thumb Code    44  finsh_ops.o(.text)
    OP_shl_dword                             0x00009e99   Thumb Code    42  finsh_ops.o(.text)
    OP_shr_byte                              0x00009ec3   Thumb Code    42  finsh_ops.o(.text)
    OP_shr_word                              0x00009eed   Thumb Code    42  finsh_ops.o(.text)
    OP_shr_dword                             0x00009f17   Thumb Code    42  finsh_ops.o(.text)
    OP_ld_byte                               0x00009f41   Thumb Code    34  finsh_ops.o(.text)
    OP_ld_word                               0x00009f63   Thumb Code    46  finsh_ops.o(.text)
    OP_ld_dword                              0x00009f91   Thumb Code    64  finsh_ops.o(.text)
    OP_ld_value_byte                         0x00009fd1   Thumb Code    66  finsh_ops.o(.text)
    OP_ld_value_byte_stack                   0x0000a013   Thumb Code    20  finsh_ops.o(.text)
    OP_ld_value_word                         0x0000a027   Thumb Code    66  finsh_ops.o(.text)
    OP_ld_value_word_stack                   0x0000a069   Thumb Code    20  finsh_ops.o(.text)
    OP_ld_value_dword                        0x0000a07d   Thumb Code    66  finsh_ops.o(.text)
    OP_ld_value_dword_stack                  0x0000a0bf   Thumb Code    20  finsh_ops.o(.text)
    OP_st_byte                               0x0000a0d3   Thumb Code    30  finsh_ops.o(.text)
    OP_st_word                               0x0000a0f1   Thumb Code    30  finsh_ops.o(.text)
    OP_st_dword                              0x0000a10f   Thumb Code    30  finsh_ops.o(.text)
    OP_pop                                   0x0000a12d   Thumb Code    12  finsh_ops.o(.text)
    OP_call                                  0x0000a139   Thumb Code   906  finsh_ops.o(.text)
    finsh_parser_run                         0x0000ad59   Thumb Code   220  finsh_parser.o(.text)
    finsh_parser_init                        0x0000ae35   Thumb Code    16  finsh_parser.o(.text)
    finsh_var_init                           0x0000ae45   Thumb Code    14  finsh_var.o(.text)
    finsh_var_insert                         0x0000ae53   Thumb Code   114  finsh_var.o(.text)
    finsh_var_delete                         0x0000aec5   Thumb Code    68  finsh_var.o(.text)
    finsh_var_lookup                         0x0000af09   Thumb Code    58  finsh_var.o(.text)
    finsh_sysvar_append                      0x0000af43   Thumb Code    62  finsh_var.o(.text)
    finsh_sysvar_lookup                      0x0000af81   Thumb Code    78  finsh_var.o(.text)
    finsh_vm_run                             0x0000afe1   Thumb Code    62  finsh_vm.o(.text)
    finsh_syscall_append                     0x0000b01f   Thumb Code    54  finsh_vm.o(.text)
    finsh_syscall_lookup                     0x0000b055   Thumb Code    78  finsh_vm.o(.text)
    finsh_token_init                         0x0000b0c5   Thumb Code    20  finsh_token.o(.text)
    token_get_string                         0x0000b4b5   Thumb Code   120  finsh_token.o(.text)
    finsh_token_token                        0x0000b6ed   Thumb Code    24  finsh_token.o(.text)
    finsh_token_get_token                    0x0000b705   Thumb Code    20  finsh_token.o(.text)
    atoi                                     0x0000b71d   Thumb Code    26  atoi.o(.text)
    strlen                                   0x0000b737   Thumb Code    62  strlen.o(.text)
    strncmp                                  0x0000b775   Thumb Code   150  strncmp.o(.text)
    __aeabi_memcpy                           0x0000b80b   Thumb Code     0  rt_memcpy_v6.o(.text)
    __rt_memcpy                              0x0000b80b   Thumb Code   138  rt_memcpy_v6.o(.text)
    _memcpy_lastbytes                        0x0000b871   Thumb Code     0  rt_memcpy_v6.o(.text)
    __aeabi_memcpy4                          0x0000b895   Thumb Code     0  rt_memcpy_w.o(.text)
    __aeabi_memcpy8                          0x0000b895   Thumb Code     0  rt_memcpy_w.o(.text)
    __rt_memcpy_w                            0x0000b895   Thumb Code   100  rt_memcpy_w.o(.text)
    _memcpy_lastbytes_aligned                0x0000b8dd   Thumb Code     0  rt_memcpy_w.o(.text)
    __aeabi_memclr                           0x0000b8f9   Thumb Code     0  rt_memclr.o(.text)
    __rt_memclr                              0x0000b8f9   Thumb Code    68  rt_memclr.o(.text)
    _memset                                  0x0000b8fd   Thumb Code     0  rt_memclr.o(.text)
    __aeabi_memclr4                          0x0000b93d   Thumb Code     0  rt_memclr_w.o(.text)
    __aeabi_memclr8                          0x0000b93d   Thumb Code     0  rt_memclr_w.o(.text)
    __rt_memclr_w                            0x0000b93d   Thumb Code    78  rt_memclr_w.o(.text)
    _memset_w                                0x0000b941   Thumb Code     0  rt_memclr_w.o(.text)
    strncpy                                  0x0000b98b   Thumb Code    86  strncpy.o(.text)
    strcmp                                   0x0000b9e1   Thumb Code   128  strcmpv7m.o(.text)
    strtol                                   0x0000ba61   Thumb Code   112  strtol.o(.text)
    __user_libspace                          0x0000bad1   Thumb Code     8  libspace.o(.text)
    __user_perproc_libspace                  0x0000bad1   Thumb Code     0  libspace.o(.text)
    __user_perthread_libspace                0x0000bad1   Thumb Code     0  libspace.o(.text)
    __rt_ctype_table                         0x0000bad9   Thumb Code    16  rt_ctype_table.o(.text)
    _strtoul                                 0x0000bae9   Thumb Code   158  _strtoul.o(.text)
    __user_setup_stackheap                   0x0000bb87   Thumb Code    74  sys_stackheap_outer.o(.text)
    __rt_locale                              0x0000bbd1   Thumb Code     8  rt_locale_intlibspace.o(.text)
    _chval                                   0x0000bbd9   Thumb Code    28  _chval.o(.text)
    exit                                     0x0000bbf5   Thumb Code    12  exit.o(.text)
    _sys_exit                                0x0000bc01   Thumb Code     8  sys_exit.o(.text)
    __I$use$semihosting                      0x0000bc0d   Thumb Code     0  use_no_semi.o(.text)
    __use_no_semihosting_swi                 0x0000bc0d   Thumb Code     2  use_no_semi.o(.text)
    __semihosting_library_function           0x0000bc0f   Thumb Code     0  indicate_semi.o(.text)
    _get_lc_ctype                            0x0000bc11   Thumb Code    44  lc_ctype_c.o(locale$$code)
    __lowest_bit_bitmap                      0x0000bf24   Data         256  kservice.o(.constdata)
    __fsym_list_mem_name                     0x0000c046   Data           9  mem.o(.constdata)
    __fsym_list_mem_desc                     0x0000c04f   Data          30  mem.o(.constdata)
    __fsym_hello_name                        0x0000c330   Data           6  cmd.o(.constdata)
    __fsym_hello_desc                        0x0000c336   Data          16  cmd.o(.constdata)
    __fsym_version_name                      0x0000c346   Data           8  cmd.o(.constdata)
    __fsym_version_desc                      0x0000c34e   Data          35  cmd.o(.constdata)
    __fsym_list_thread_name                  0x0000c371   Data          12  cmd.o(.constdata)
    __fsym_list_thread_desc                  0x0000c37d   Data          12  cmd.o(.constdata)
    __fsym_list_sem_name                     0x0000c389   Data           9  cmd.o(.constdata)
    __fsym_list_sem_desc                     0x0000c392   Data          25  cmd.o(.constdata)
    __fsym_list_event_name                   0x0000c3ab   Data          11  cmd.o(.constdata)
    __fsym_list_event_desc                   0x0000c3b6   Data          21  cmd.o(.constdata)
    __fsym_list_mutex_name                   0x0000c3cb   Data          11  cmd.o(.constdata)
    __fsym_list_mutex_desc                   0x0000c3d6   Data          21  cmd.o(.constdata)
    __fsym_list_mailbox_name                 0x0000c3eb   Data          13  cmd.o(.constdata)
    __fsym_list_mailbox_desc                 0x0000c3f8   Data          24  cmd.o(.constdata)
    __fsym_list_msgqueue_name                0x0000c410   Data          14  cmd.o(.constdata)
    __fsym_list_msgqueue_desc                0x0000c41e   Data          29  cmd.o(.constdata)
    __fsym_list_memheap_name                 0x0000c43b   Data          13  cmd.o(.constdata)
    __fsym_list_memheap_desc                 0x0000c448   Data          27  cmd.o(.constdata)
    __fsym_list_mempool_name                 0x0000c463   Data          13  cmd.o(.constdata)
    __fsym_list_mempool_desc                 0x0000c470   Data          27  cmd.o(.constdata)
    __fsym_list_timer_name                   0x0000c48b   Data          11  cmd.o(.constdata)
    __fsym_list_timer_desc                   0x0000c496   Data          21  cmd.o(.constdata)
    __fsym_list_device_name                  0x0000c4ab   Data          12  cmd.o(.constdata)
    __fsym_list_device_desc                  0x0000c4b7   Data          22  cmd.o(.constdata)
    __fsym_list_name                         0x0000c4cd   Data           5  cmd.o(.constdata)
    __fsym_list_desc                         0x0000c4d2   Data          26  cmd.o(.constdata)
    __vsym_dummy_name                        0x0000c4ec   Data           6  cmd.o(.constdata)
    __vsym_dummy_desc                        0x0000c4f2   Data          25  cmd.o(.constdata)
    op_table                                 0x0000c558   Data         196  finsh_ops.o(.constdata)
    FSymTab$$Base                            0x0000ca74   Number         0  mem.o(FSymTab)
    __fsym_list_mem                          0x0000ca74   Data          12  mem.o(FSymTab)
    __fsym_hello                             0x0000ca80   Data          12  cmd.o(FSymTab)
    __fsym_version                           0x0000ca8c   Data          12  cmd.o(FSymTab)
    __fsym_list_thread                       0x0000ca98   Data          12  cmd.o(FSymTab)
    __fsym_list_sem                          0x0000caa4   Data          12  cmd.o(FSymTab)
    __fsym_list_event                        0x0000cab0   Data          12  cmd.o(FSymTab)
    __fsym_list_mutex                        0x0000cabc   Data          12  cmd.o(FSymTab)
    __fsym_list_mailbox                      0x0000cac8   Data          12  cmd.o(FSymTab)
    __fsym_list_msgqueue                     0x0000cad4   Data          12  cmd.o(FSymTab)
    __fsym_list_memheap                      0x0000cae0   Data          12  cmd.o(FSymTab)
    __fsym_list_mempool                      0x0000caec   Data          12  cmd.o(FSymTab)
    __fsym_list_timer                        0x0000caf8   Data          12  cmd.o(FSymTab)
    __fsym_list_device                       0x0000cb04   Data          12  cmd.o(FSymTab)
    __fsym_list                              0x0000cb10   Data          12  cmd.o(FSymTab)
    FSymTab$$Limit                           0x0000cb1c   Number         0  cmd.o(FSymTab)
    Region$$Table$$Base                      0x0000cb1c   Number         0  anon$$obj.o(Region$$Table)
    Region$$Table$$Limit                     0x0000cb3c   Number         0  anon$$obj.o(Region$$Table)
    VSymTab$$Base                            0x0000cb3c   Number         0  cmd.o(VSymTab)
    __vsym_dummy                             0x0000cb3c   Data          16  cmd.o(VSymTab)
    VSymTab$$Limit                           0x0000cb4c   Number         0  cmd.o(VSymTab)
    __ctype                                  0x0000cb59   Data           0  lc_ctype_c.o(locale$$data)
    SystemCoreClock                          0x10000000   Data           4  system_lpc17xx.o(.data)
    IO_BtnAddr                               0x10000004   Data          12  button.o(.data)
    btnName                                  0x10000010   Data           4  button.o(.data)
    buf                                      0x1000006b   Data          52  mybutton.o(.data)
    rt_interrupt_nest                        0x100000ac   Data           1  irq.o(.data)
    rt_object_container                      0x100000d8   Data         160  object.o(.data)
    rt_object_trytake_hook                   0x10000180   Data           4  object.o(.data)
    rt_object_take_hook                      0x10000184   Data           4  object.o(.data)
    rt_object_put_hook                       0x10000188   Data           4  object.o(.data)
    rt_current_thread                        0x10000190   Data           4  scheduler.o(.data)
    rt_current_priority                      0x10000194   Data           1  scheduler.o(.data)
    rt_thread_ready_priority_group           0x10000198   Data           4  scheduler.o(.data)
    rt_thread_defunct                        0x1000019c   Data           8  scheduler.o(.data)
    rt_interrupt_from_thread                 0x100001b8   Data           4  cpuport.o(.data)
    rt_interrupt_to_thread                   0x100001bc   Data           4  cpuport.o(.data)
    rt_thread_switch_interrupt_flag          0x100001c0   Data           4  cpuport.o(.data)
    shell                                    0x100001c8   Data           4  shell.o(.data)
    _syscall_table_begin                     0x100001cc   Data           4  symbol.o(.data)
    _syscall_table_end                       0x100001d0   Data           4  symbol.o(.data)
    _sysvar_table_begin                      0x100001d4   Data           4  symbol.o(.data)
    _sysvar_table_end                        0x100001d8   Data           4  symbol.o(.data)
    finsh_compile_sp                         0x100001e0   Data           4  finsh_compiler.o(.data)
    finsh_compile_pc                         0x100001e4   Data           4  finsh_compiler.o(.data)
    global_errno                             0x100001e8   Data           1  finsh_error.o(.data)
    global_sysvar_list                       0x10000230   Data           4  finsh_var.o(.data)
    finsh_sp                                 0x10000234   Data           4  finsh_vm.o(.data)
    finsh_pc                                 0x10000238   Data           4  finsh_vm.o(.data)
    global_syscall_list                      0x1000023c   Data           4  finsh_vm.o(.data)
    btn_device                               0x1000029c   Data          96  button.o(.bss)
    uart_device                              0x100002fc   Data         128  uart.o(.bss)
    rt_thread_priority_table                 0x10000e88   Data         256  scheduler.o(.bss)
    finsh_heap                               0x10002000   Data         128  finsh_heap.o(.bss)
    global_node_table                        0x10002080   Data         320  finsh_node.o(.bss)
    global_variable                          0x100021c0   Data         192  finsh_var.o(.bss)
    finsh_vm_stack                           0x10002280   Data         256  finsh_vm.o(.bss)
    text_segment                             0x10002380   Data         128  finsh_vm.o(.bss)
    __libspace_start                         0x10002400   Data          96  libspace.o(.bss)
    __temporary_stack_top$libspace           0x10002460   Data           0  libspace.o(.bss)
    Image$$RW_IRAM1$$ZI$$Limit               0x10002660   Number         0  anon$$obj.o ABSOLUTE



==============================================================================

Memory Map of the image

  Image Entry point : 0x000000c5

  Load Region LR_IROM1 (Base: 0x00000000, Size: 0x0000ce9c, Max: 0x00080000, ABSOLUTE, COMPRESSED[0x0000cd7c])

    Execution Region ER_IROM1 (Base: 0x00000000, Size: 0x0000cc5c, Max: 0x00080000, ABSOLUTE)

    Base Addr    Size         Type   Attr      Idx    E Section Name        Object

    0x00000000   0x000000c4   Data   RO          166    RESET               startup_lpc17xx.o
    0x000000c4   0x00000008   Code   RO          908  * !!!main             c_w.l(__main.o)
    0x000000cc   0x00000034   Code   RO         1085    !!!scatter          c_w.l(__scatter.o)
    0x00000100   0x0000005a   Code   RO         1083    !!dczerorl2         c_w.l(__dczerorl2.o)
    0x0000015a   0x00000002   PAD
    0x0000015c   0x0000001c   Code   RO         1087    !!handler_zi        c_w.l(__scatter_zi.o)
    0x00000178   0x00000002   Code   RO          959    .ARM.Collect$$libinit$$00000000  c_w.l(libinit.o)
    0x0000017a   0x00000000   Code   RO          963    .ARM.Collect$$libinit$$00000002  c_w.l(libinit2.o)
    0x0000017a   0x00000000   Code   RO          966    .ARM.Collect$$libinit$$00000008  c_w.l(libinit2.o)
    0x0000017a   0x00000000   Code   RO          968    .ARM.Collect$$libinit$$0000000A  c_w.l(libinit2.o)
    0x0000017a   0x00000000   Code   RO          970    .ARM.Collect$$libinit$$0000000C  c_w.l(libinit2.o)
    0x0000017a   0x00000006   Code   RO          971    .ARM.Collect$$libinit$$0000000D  c_w.l(libinit2.o)
    0x00000180   0x00000000   Code   RO          973    .ARM.Collect$$libinit$$0000000F  c_w.l(libinit2.o)
    0x00000180   0x0000000c   Code   RO          974    .ARM.Collect$$libinit$$00000010  c_w.l(libinit2.o)
    0x0000018c   0x00000000   Code   RO          975    .ARM.Collect$$libinit$$00000011  c_w.l(libinit2.o)
    0x0000018c   0x00000000   Code   RO          977    .ARM.Collect$$libinit$$00000013  c_w.l(libinit2.o)
    0x0000018c   0x00000000   Code   RO          979    .ARM.Collect$$libinit$$00000015  c_w.l(libinit2.o)
    0x0000018c   0x00000000   Code   RO          981    .ARM.Collect$$libinit$$00000017  c_w.l(libinit2.o)
    0x0000018c   0x00000000   Code   RO          983    .ARM.Collect$$libinit$$00000019  c_w.l(libinit2.o)
    0x0000018c   0x00000000   Code   RO          985    .ARM.Collect$$libinit$$0000001B  c_w.l(libinit2.o)
    0x0000018c   0x00000000   Code   RO          987    .ARM.Collect$$libinit$$0000001D  c_w.l(libinit2.o)
    0x0000018c   0x00000000   Code   RO          989    .ARM.Collect$$libinit$$0000001F  c_w.l(libinit2.o)
    0x0000018c   0x00000000   Code   RO          991    .ARM.Collect$$libinit$$00000021  c_w.l(libinit2.o)
    0x0000018c   0x00000000   Code   RO          993    .ARM.Collect$$libinit$$00000023  c_w.l(libinit2.o)
    0x0000018c   0x00000000   Code   RO          997    .ARM.Collect$$libinit$$0000002A  c_w.l(libinit2.o)
    0x0000018c   0x00000000   Code   RO          999    .ARM.Collect$$libinit$$0000002C  c_w.l(libinit2.o)
    0x0000018c   0x00000000   Code   RO         1001    .ARM.Collect$$libinit$$0000002E  c_w.l(libinit2.o)
    0x0000018c   0x00000000   Code   RO         1003    .ARM.Collect$$libinit$$00000030  c_w.l(libinit2.o)
    0x0000018c   0x00000002   Code   RO         1004    .ARM.Collect$$libinit$$00000031  c_w.l(libinit2.o)
    0x0000018e   0x00000002   Code   RO         1024    .ARM.Collect$$libshutdown$$00000000  c_w.l(libshutdown.o)
    0x00000190   0x00000000   Code   RO         1038    .ARM.Collect$$libshutdown$$00000003  c_w.l(libshutdown2.o)
    0x00000190   0x00000000   Code   RO         1041    .ARM.Collect$$libshutdown$$00000006  c_w.l(libshutdown2.o)
    0x00000190   0x00000000   Code   RO         1044    .ARM.Collect$$libshutdown$$00000009  c_w.l(libshutdown2.o)
    0x00000190   0x00000000   Code   RO         1046    .ARM.Collect$$libshutdown$$0000000B  c_w.l(libshutdown2.o)
    0x00000190   0x00000000   Code   RO         1049    .ARM.Collect$$libshutdown$$0000000E  c_w.l(libshutdown2.o)
    0x00000190   0x00000002   Code   RO         1050    .ARM.Collect$$libshutdown$$0000000F  c_w.l(libshutdown2.o)
    0x00000192   0x00000000   Code   RO          910    .ARM.Collect$$rtentry$$00000000  c_w.l(rtentry.o)
    0x00000192   0x00000000   Code   RO          922    .ARM.Collect$$rtentry$$00000002  c_w.l(rtentry2.o)
    0x00000192   0x00000006   Code   RO          934    .ARM.Collect$$rtentry$$00000004  c_w.l(rtentry4.o)
    0x00000198   0x00000000   Code   RO          924    .ARM.Collect$$rtentry$$00000009  c_w.l(rtentry2.o)
    0x00000198   0x00000004   Code   RO          925    .ARM.Collect$$rtentry$$0000000A  c_w.l(rtentry2.o)
    0x0000019c   0x00000000   Code   RO          927    .ARM.Collect$$rtentry$$0000000C  c_w.l(rtentry2.o)
    0x0000019c   0x00000008   Code   RO          928    .ARM.Collect$$rtentry$$0000000D  c_w.l(rtentry2.o)
    0x000001a4   0x00000002   Code   RO          960    .ARM.Collect$$rtexit$$00000000  c_w.l(rtexit.o)
    0x000001a6   0x00000000   Code   RO         1006    .ARM.Collect$$rtexit$$00000002  c_w.l(rtexit2.o)
    0x000001a6   0x00000004   Code   RO         1007    .ARM.Collect$$rtexit$$00000003  c_w.l(rtexit2.o)
    0x000001aa   0x00000006   Code   RO         1008    .ARM.Collect$$rtexit$$00000004  c_w.l(rtexit2.o)
    0x000001b0   0x00000050   Code   RO            3    .text               application.o
    0x00000200   0x00000024   Code   RO           97    .text               platform.o
    0x00000224   0x00000044   Code   RO          113    .text               startup.o
    0x00000268   0x0000003c   Code   RO          168    .text               startup_lpc17xx.o
    0x000002a4   0x00000048   Code   RO          413    .text               irq.o
    0x000002ec   0x00000006   Code   RO          906    .text               c_w.l(heapauxi.o)
    0x000002f2   0x00000002   PAD
    0x000002f4   0x00000008   Code   RO          914    .text               c_w.l(rt_errno_addr_intlibspace.o)
    0x000002fc   0x00000004   Code   RO          167    .ARM.__at_0x02FC    startup_lpc17xx.o
    0x00000300   0x00000274   Code   RO          140    .text               system_lpc17xx.o
    0x00000574   0x000000a8   Code   RO          176    .text               board.o
    0x0000061c   0x000001f8   Code   RO          203    .text               button.o
    0x00000814   0x000003e0   Code   RO          279    .text               uart.o
    0x00000bf4   0x00000720   Code   RO          303    .text               mybutton.o
    0x00001314   0x00000064   Code   RO          348    .text               clock.o
    0x00001378   0x000003f0   Code   RO          362    .text               device.o
    0x00001768   0x00000164   Code   RO          376    .text               idle.o
    0x000018cc   0x00001af8   Code   RO          396    .text               ipc.o
    0x000033c4   0x000009d0   Code   RO          428    .text               kservice.o
    0x00003d94   0x000009b4   Code   RO          445    .text               mem.o
    0x00004748   0x00000698   Code   RO          464    .text               memheap.o
    0x00004de0   0x00000364   Code   RO          495    .text               object.o
    0x00005144   0x00000334   Code   RO          514    .text               scheduler.o
    0x00005478   0x000006b4   Code   RO          535    .text               thread.o
    0x00005b2c   0x00000510   Code   RO          552    .text               timer.o
    0x0000603c   0x00000604   Code   RO          571    .text               cpuport.o
    0x00006640   0x000000f0   Code   RO          587    .text               context_rvds.o
    0x00006730   0x00000a08   Code   RO          625    .text               shell.o
    0x00007138   0x00000c88   Code   RO          663    .text               cmd.o
    0x00007dc0   0x00001818   Code   RO          686    .text               finsh_compiler.o
    0x000095d8   0x0000002c   Code   RO          723    .text               finsh_error.o
    0x00009604   0x00000210   Code   RO          739    .text               finsh_heap.o
    0x00009814   0x00000058   Code   RO          755    .text               finsh_init.o
    0x0000986c   0x00000184   Code   RO          773    .text               finsh_node.o
    0x000099f0   0x00000ad8   Code   RO          788    .text               finsh_ops.o
    0x0000a4c8   0x0000097c   Code   RO          806    .text               finsh_parser.o
    0x0000ae44   0x0000019c   Code   RO          821    .text               finsh_var.o
    0x0000afe0   0x000000e4   Code   RO          844    .text               finsh_vm.o
    0x0000b0c4   0x00000658   Code   RO          871    .text               finsh_token.o
    0x0000b71c   0x0000001a   Code   RO          888    .text               c_w.l(atoi.o)
    0x0000b736   0x0000003e   Code   RO          890    .text               c_w.l(strlen.o)
    0x0000b774   0x00000096   Code   RO          892    .text               c_w.l(strncmp.o)
    0x0000b80a   0x0000008a   Code   RO          894    .text               c_w.l(rt_memcpy_v6.o)
    0x0000b894   0x00000064   Code   RO          896    .text               c_w.l(rt_memcpy_w.o)
    0x0000b8f8   0x00000044   Code   RO          898    .text               c_w.l(rt_memclr.o)
    0x0000b93c   0x0000004e   Code   RO          900    .text               c_w.l(rt_memclr_w.o)
    0x0000b98a   0x00000056   Code   RO          902    .text               c_w.l(strncpy.o)
    0x0000b9e0   0x00000080   Code   RO          904    .text               c_w.l(strcmpv7m.o)
    0x0000ba60   0x00000070   Code   RO          916    .text               c_w.l(strtol.o)
    0x0000bad0   0x00000008   Code   RO          918    .text               c_w.l(libspace.o)
    0x0000bad8   0x00000010   Code   RO          936    .text               c_w.l(rt_ctype_table.o)
    0x0000bae8   0x0000009e   Code   RO          938    .text               c_w.l(_strtoul.o)
    0x0000bb86   0x0000004a   Code   RO          940    .text               c_w.l(sys_stackheap_outer.o)
    0x0000bbd0   0x00000008   Code   RO          945    .text               c_w.l(rt_locale_intlibspace.o)
    0x0000bbd8   0x0000001c   Code   RO          947    .text               c_w.l(_chval.o)
    0x0000bbf4   0x0000000c   Code   RO          952    .text               c_w.l(exit.o)
    0x0000bc00   0x0000000c   Code   RO         1016    .text               c_w.l(sys_exit.o)
    0x0000bc0c   0x00000002   Code   RO         1027    .text               c_w.l(use_no_semi.o)
    0x0000bc0e   0x00000000   Code   RO         1029    .text               c_w.l(indicate_semi.o)
    0x0000bc0e   0x00000002   PAD
    0x0000bc10   0x0000002c   Code   RO          950    locale$$code        c_w.l(lc_ctype_c.o)
    0x0000bc3c   0x0000002b   Data   RO          205    .constdata          button.o
    0x0000bc67   0x00000028   Data   RO          281    .constdata          uart.o
    0x0000bc8f   0x000000a8   Data   RO          363    .constdata          device.o
    0x0000bd37   0x00000016   Data   RO          378    .constdata          idle.o
    0x0000bd4d   0x000001d7   Data   RO          397    .constdata          ipc.o
    0x0000bf24   0x00000122   Data   RO          430    .constdata          kservice.o
    0x0000c046   0x0000006d   Data   RO          447    .constdata          mem.o
    0x0000c0b3   0x00000056   Data   RO          465    .constdata          memheap.o
    0x0000c109   0x0000005e   Data   RO          496    .constdata          object.o
    0x0000c167   0x0000004e   Data   RO          516    .constdata          scheduler.o
    0x0000c1b5   0x000000aa   Data   RO          536    .constdata          thread.o
    0x0000c25f   0x0000005c   Data   RO          553    .constdata          timer.o
    0x0000c2bb   0x00000013   Data   RO          572    .constdata          cpuport.o
    0x0000c2ce   0x00000060   Data   RO          627    .constdata          shell.o
    0x0000c32e   0x00000002   PAD
    0x0000c330   0x00000228   Data   RO          664    .constdata          cmd.o
    0x0000c558   0x000000c4   Data   RO          789    .constdata          finsh_ops.o
    0x0000c61c   0x00000040   Data   RO          872    .constdata          finsh_token.o
    0x0000c65c   0x00000053   Data   RO          206    .conststring        button.o
    0x0000c6af   0x00000001   PAD
    0x0000c6b0   0x000000ed   Data   RO          448    .conststring        mem.o
    0x0000c79d   0x00000003   PAD
    0x0000c7a0   0x0000019d   Data   RO          665    .conststring        cmd.o
    0x0000c93d   0x00000003   PAD
    0x0000c940   0x000000f3   Data   RO          724    .conststring        finsh_error.o
    0x0000ca33   0x00000001   PAD
    0x0000ca34   0x0000003e   Data   RO          873    .conststring        finsh_token.o
    0x0000ca72   0x00000002   PAD
    0x0000ca74   0x0000000c   Data   RO          450    FSymTab             mem.o
    0x0000ca80   0x0000009c   Data   RO          667    FSymTab             cmd.o
    0x0000cb1c   0x00000020   Data   RO         1081    Region$$Table       anon$$obj.o
    0x0000cb3c   0x00000010   Data   RO          668    VSymTab             cmd.o
    0x0000cb4c   0x00000110   Data   RO          949    locale$$data        c_w.l(lc_ctype_c.o)


    Execution Region RW_IRAM1 (Base: 0x10000000, Size: 0x00002660, Max: 0x00008000, ABSOLUTE, COMPRESSED[0x00000120])

    Base Addr    Size         Type   Attr      Idx    E Section Name        Object

    0x10000000   0x00000004   Data   RW          141    .data               system_lpc17xx.o
    0x10000004   0x00000010   Data   RW          207    .data               button.o
    0x10000014   0x00000090   Data   RW          305    .data               mybutton.o
    0x100000a4   0x00000004   Data   RW          349    .data               clock.o
    0x100000a8   0x00000004   Data   RW          379    .data               idle.o
    0x100000ac   0x00000001   Data   RW          414    .data               irq.o
    0x100000ad   0x00000003   PAD
    0x100000b0   0x00000008   Data   RW          431    .data               kservice.o
    0x100000b8   0x00000020   Data   RW          449    .data               mem.o
    0x100000d8   0x000000b4   Data   RW          497    .data               object.o
    0x1000018c   0x0000001c   Data   RW          517    .data               scheduler.o
    0x100001a8   0x00000010   Data   RW          554    .data               timer.o
    0x100001b8   0x00000010   Data   RW          573    .data               cpuport.o
    0x100001c8   0x00000004   Data   RW          628    .data               shell.o
    0x100001cc   0x00000010   Data   RW          650    .data               symbol.o
    0x100001dc   0x00000004   Data   RW          666    .data               cmd.o
    0x100001e0   0x00000008   Data   RW          687    .data               finsh_compiler.o
    0x100001e8   0x00000040   Data   RW          725    .data               finsh_error.o
    0x10000228   0x00000008   Data   RW          741    .data               finsh_heap.o
    0x10000230   0x00000004   Data   RW          823    .data               finsh_var.o
    0x10000234   0x0000000c   Data   RW          846    .data               finsh_vm.o
    0x10000240   0x0000005c   Zero   RW           98    .bss                platform.o
    0x1000029c   0x00000060   Zero   RW          204    .bss                button.o
    0x100002fc   0x00000080   Zero   RW          280    .bss                uart.o
    0x1000037c   0x000008f8   Zero   RW          304    .bss                mybutton.o
    0x10000c74   0x00000178   Zero   RW          377    .bss                idle.o
    0x10000dec   0x00000080   Zero   RW          429    .bss                kservice.o
    0x10000e6c   0x0000001c   Zero   RW          446    .bss                mem.o
    0x10000e88   0x00000100   Zero   RW          515    .bss                scheduler.o
    0x10000f88   0x00001078   Zero   RW          626    .bss                shell.o
    0x10002000   0x00000080   Zero   RW          740    .bss                finsh_heap.o
    0x10002080   0x00000140   Zero   RW          774    .bss                finsh_node.o
    0x100021c0   0x000000c0   Zero   RW          822    .bss                finsh_var.o
    0x10002280   0x00000180   Zero   RW          845    .bss                finsh_vm.o
    0x10002400   0x00000060   Zero   RW          919    .bss                c_w.l(libspace.o)
    0x10002460   0x00000000   Zero   RW          165    HEAP                startup_lpc17xx.o
    0x10002460   0x00000200   Zero   RW          164    STACK               startup_lpc17xx.o


==============================================================================

Image component sizes


      Code (inc. data)   RO Data    RW Data    ZI Data      Debug   Object Name

        80         10          0          0          0      37258   application.o
       168         20          0          0          0      24762   board.o
       504        156        126         16         96      25988   button.o
       100          6          0          4          0       1376   clock.o
      3208       1372       1137          4          0      10958   cmd.o
       240         24          0          0          0        796   context_rvds.o
      1540        750         19         16          0       3859   cpuport.o
      1008        164        168          0          0       4965   device.o
      6168        154          0          8          0      10870   finsh_compiler.o
        44         10        243         64          0       1613   finsh_error.o
       528         18          0          8        128       3407   finsh_heap.o
        88          6          0          0          0       1632   finsh_init.o
       388          4          0          0        320       3304   finsh_node.o
      2776         36        196          0          0       8692   finsh_ops.o
      2428         32          0          0          0       9621   finsh_parser.o
      1624         16        126          0          0       5976   finsh_token.o
       412         18          0          4        192       7277   finsh_var.o
       228         34          0         12        384       7002   finsh_vm.o
       356        104         22          4        376       2899   idle.o
      6904        466        471          0          0      21251   ipc.o
        72          6          0          1          0       1322   irq.o
      2512        168        290          8        128      10768   kservice.o
      2484        592        358         32         28       5811   mem.o
      1688        272         86          0          0       4204   memheap.o
      1824        838          0        144       2296       3746   mybutton.o
       868        182         94        180          0       5764   object.o
        36         18          0          0         92        600   platform.o
       820        180         78         28        256       4725   scheduler.o
      2568        308         96          4       4216       9990   shell.o
        68         10          0          0          0        604   startup.o
        64         26        196          0        512       1080   startup_lpc17xx.o
         0          0          0         16          0       4153   symbol.o
       628         30          0          4          0       1029   system_lpc17xx.o
      1716        246        170          0          0       7770   thread.o
      1296        138         92         16          0       6803   timer.o
       992        128         40          0        128       4242   uart.o

    ----------------------------------------------------------------------
     46428       6542       4052        576       9152     266117   Object Totals
         0          0         32          0          0          0   (incl. Generated)
         0          0         12          3          0          0   (incl. Padding)

    ----------------------------------------------------------------------

      Code (inc. data)   RO Data    RW Data    ZI Data      Debug   Library Member Name

        90          0          0          0          0          0   __dczerorl2.o
         8          0          0          0          0         68   __main.o
        52          8          0          0          0          0   __scatter.o
        28          0          0          0          0          0   __scatter_zi.o
        28          0          0          0          0         68   _chval.o
       158          0          0          0          0         92   _strtoul.o
        26          0          0          0          0         80   atoi.o
        12          0          0          0          0         72   exit.o
         6          0          0          0          0        152   heapauxi.o
         0          0          0          0          0          0   indicate_semi.o
        44         10        272          0          0         76   lc_ctype_c.o
         2          0          0          0          0          0   libinit.o
        20          0          0          0          0          0   libinit2.o
         2          0          0          0          0          0   libshutdown.o
         2          0          0          0          0          0   libshutdown2.o
         8          4          0          0         96         68   libspace.o
        16          4          0          0          0         76   rt_ctype_table.o
         8          4          0          0          0         68   rt_errno_addr_intlibspace.o
         8          4          0          0          0         68   rt_locale_intlibspace.o
        68          0          0          0          0         68   rt_memclr.o
        78          0          0          0          0         80   rt_memclr_w.o
       138          0          0          0          0         68   rt_memcpy_v6.o
       100          0          0          0          0         80   rt_memcpy_w.o
         0          0          0          0          0          0   rtentry.o
        12          0          0          0          0          0   rtentry2.o
         6          0          0          0          0          0   rtentry4.o
         2          0          0          0          0          0   rtexit.o
        10          0          0          0          0          0   rtexit2.o
       128          0          0          0          0         68   strcmpv7m.o
        62          0          0          0          0         76   strlen.o
       150          0          0          0          0         80   strncmp.o
        86          0          0          0          0         76   strncpy.o
       112          0          0          0          0         88   strtol.o
        12          4          0          0          0         68   sys_exit.o
        74          0          0          0          0         80   sys_stackheap_outer.o
         2          0          0          0          0         68   use_no_semi.o

    ----------------------------------------------------------------------
      1564         38        272          0         96       1788   Library Totals
         6          0          0          0          0          0   (incl. Padding)

    ----------------------------------------------------------------------

      Code (inc. data)   RO Data    RW Data    ZI Data      Debug   Library Name

      1558         38        272          0         96       1788   c_w.l

    ----------------------------------------------------------------------
      1564         38        272          0         96       1788   Library Totals

    ----------------------------------------------------------------------

==============================================================================


      Code (inc. data)   RO Data    RW Data    ZI Data      Debug   

     47992       6580       4324        576       9248     264157   Grand Totals
     47992       6580       4324        288       9248     264157   ELF Image Totals (compressed)
     47992       6580       4324        288          0          0   ROM Totals

==============================================================================

    Total RO  Size (Code + RO Data)                52316 (  51.09kB)
    Total RW  Size (RW Data + ZI Data)              9824 (   9.59kB)
    Total ROM Size (Code + RO Data + RW Data)      52604 (  51.37kB)

==============================================================================

